Archive member included to satisfy reference by file (symbol)

app/libapp.a(main.c.obj)      (--whole-archive)
app/libapp.a(flash_map_extended.c.obj)
                              (--whole-archive)
app/libapp.a(os.c.obj)        (--whole-archive)
app/libapp.a(keys.c.obj)      (--whole-archive)
app/libapp.a(image_validate.c.obj)
                              (--whole-archive)
app/libapp.a(tlv.c.obj)       (--whole-archive)
app/libapp.a(encrypted.c.obj)
                              (--whole-archive)
app/libapp.a(image_rsa.c.obj)
                              (--whole-archive)
app/libapp.a(image_ecdsa.c.obj)
                              (--whole-archive)
app/libapp.a(image_ed25519.c.obj)
                              (--whole-archive)
app/libapp.a(bootutil_misc.c.obj)
                              (--whole-archive)
app/libapp.a(fault_injection_hardening.c.obj)
                              (--whole-archive)
app/libapp.a(loader.c.obj)    (--whole-archive)
app/libapp.a(swap_misc.c.obj)
                              (--whole-archive)
app/libapp.a(swap_scratch.c.obj)
                              (--whole-archive)
app/libapp.a(swap_move.c.obj)
                              (--whole-archive)
app/libapp.a(caps.c.obj)      (--whole-archive)
app/libapp.a(autogen-pubkey.c.obj)
                              (--whole-archive)
app/libapp.a(arm_cleanup.c.obj)
                              (--whole-archive)
app/libapp.a(nrf_cleanup.c.obj)
                              (--whole-archive)
zephyr/libzephyr.a(cbprintf_packaged.c.obj)
                              (--whole-archive)
zephyr/libzephyr.a(dec.c.obj)
                              (--whole-archive)
zephyr/libzephyr.a(fdtable.c.obj)
                              (--whole-archive)
zephyr/libzephyr.a(hex.c.obj)
                              (--whole-archive)
zephyr/libzephyr.a(printk.c.obj)
                              (--whole-archive)
zephyr/libzephyr.a(rb.c.obj)  (--whole-archive)
zephyr/libzephyr.a(sem.c.obj)
                              (--whole-archive)
zephyr/libzephyr.a(thread_entry.c.obj)
                              (--whole-archive)
zephyr/libzephyr.a(timeutil.c.obj)
                              (--whole-archive)
zephyr/libzephyr.a(heap.c.obj)
                              (--whole-archive)
zephyr/libzephyr.a(heap-validate.c.obj)
                              (--whole-archive)
zephyr/libzephyr.a(bitarray.c.obj)
                              (--whole-archive)
zephyr/libzephyr.a(multi_heap.c.obj)
                              (--whole-archive)
zephyr/libzephyr.a(onoff.c.obj)
                              (--whole-archive)
zephyr/libzephyr.a(notify.c.obj)
                              (--whole-archive)
zephyr/libzephyr.a(cbprintf_nano.c.obj)
                              (--whole-archive)
zephyr/libzephyr.a(cbprintf.c.obj)
                              (--whole-archive)
zephyr/libzephyr.a(assert.c.obj)
                              (--whole-archive)
zephyr/libzephyr.a(reboot.c.obj)
                              (--whole-archive)
zephyr/libzephyr.a(configs.c.obj)
                              (--whole-archive)
zephyr/libzephyr.a(soc_nrf_common.S.obj)
                              (--whole-archive)
zephyr/libzephyr.a(validate_base_addresses.c.obj)
                              (--whole-archive)
zephyr/libzephyr.a(validate_enabled_instances.c.obj)
                              (--whole-archive)
zephyr/libzephyr.a(log_minimal.c.obj)
                              (--whole-archive)
zephyr/libzephyr.a(flash_map.c.obj)
                              (--whole-archive)
zephyr/libzephyr.a(flash_map_layout.c.obj)
                              (--whole-archive)
zephyr/libzephyr.a(tracing_none.c.obj)
                              (--whole-archive)
zephyr/libzephyr.a(flash_map_partition_manager.c.obj)
                              (--whole-archive)
zephyr/arch/common/libarch__common.a(sw_isr_common.c.obj)
                              (--whole-archive)
zephyr/arch/arch/arm/core/aarch32/libarch__arm__core__aarch32.a(cpu_idle.S.obj)
                              (--whole-archive)
zephyr/arch/arch/arm/core/aarch32/libarch__arm__core__aarch32.a(fatal.c.obj)
                              (--whole-archive)
zephyr/arch/arch/arm/core/aarch32/libarch__arm__core__aarch32.a(irq_manage.c.obj)
                              (--whole-archive)
zephyr/arch/arch/arm/core/aarch32/libarch__arm__core__aarch32.a(nmi.c.obj)
                              (--whole-archive)
zephyr/arch/arch/arm/core/aarch32/libarch__arm__core__aarch32.a(nmi_on_reset.S.obj)
                              (--whole-archive)
zephyr/arch/arch/arm/core/aarch32/libarch__arm__core__aarch32.a(prep_c.c.obj)
                              (--whole-archive)
zephyr/arch/arch/arm/core/aarch32/libarch__arm__core__aarch32.a(swap.c.obj)
                              (--whole-archive)
zephyr/arch/arch/arm/core/aarch32/libarch__arm__core__aarch32.a(swap_helper.S.obj)
                              (--whole-archive)
[...]
Memory Configuration

Name             Origin             Length             Attributes
FLASH            0x0000000000000000 0x000000000000c000 xr
RAM              0x0000000020000000 0x0000000000010000 xw
IDT_LIST         0x00000000fffff7ff 0x0000000000000800 xw
*default*        0x0000000000000000 0xffffffffffffffff

Linker script and memory map

LOAD zephyr/CMakeFiles/zephyr_pre0.dir/misc/empty_file.c.obj
LOAD zephyr/CMakeFiles/offsets.dir/./arch/arm/core/offsets/offsets.c.obj
LOAD app/libapp.a
LOAD zephyr/libzephyr.a
LOAD zephyr/arch/common/libarch__common.a
LOAD zephyr/arch/arch/arm/core/aarch32/libarch__arm__core__aarch32.a
LOAD zephyr/arch/arch/arm/core/aarch32/cortex_m/libarch__arm__core__aarch32__cortex_m.a
LOAD zephyr/arch/arch/arm/core/aarch32/mpu/libarch__arm__core__aarch32__mpu.a
LOAD zephyr/lib/libc/minimal/liblib__libc__minimal.a
LOAD zephyr/lib/libc/common/liblib__libc__common.a
LOAD zephyr/soc/soc/arm/common/cortex_m/libsoc__arm__common__cortex_m.a
LOAD zephyr/soc/soc/arm/nordic_nrf/nrf52/libsoc__arm__nordic_nrf__nrf52.a
LOAD zephyr/drivers/clock_control/libdrivers__clock_control.a
LOAD zephyr/drivers/console/libdrivers__console.a
LOAD zephyr/drivers/flash/libdrivers__flash.a
LOAD zephyr/drivers/gpio/libdrivers__gpio.a
LOAD zephyr/drivers/pinctrl/libdrivers__pinctrl.a
LOAD zephyr/drivers/serial/libdrivers__serial.a
LOAD zephyr/drivers/timer/libdrivers__timer.a
LOAD modules/nrf/lib/fprotect/lib..__nrf__lib__fprotect.a
LOAD modules/nrf/lib/fatal_error/lib..__nrf__lib__fatal_error.a
LOAD modules/mcuboot/boot/bootutil/zephyr/libmcuboot_util.a
LOAD modules/mbedtls/libmbedTLSBase.a
LOAD modules/mbedtls/libmbedTLSCrypto.a
LOAD modules/mbedtls/libmbedTLSX509.a
LOAD modules/mbedtls/libmodules__mbedtls.a
LOAD modules/hal_nordic/nrfx/libmodules__hal_nordic__nrfx.a
LOAD modules/segger/libmodules__segger.a
LOAD zephyr/kernel/libkernel.a
LOAD c:/ncs/toolchains/cf2149caf2/opt/zephyr-sdk/arm-zephyr-eabi/bin/../lib/gcc/arm-zephyr-eabi/12.2.0/thumb/v7e-m/nofp\libgcc.a
LOAD zephyr/arch/common/libisr_tables.a
LOAD modules/mbedtls/libmbedTLSBase.a
LOAD modules/mbedtls/libmbedTLSCrypto.a
LOAD modules/mbedtls/libmbedTLSX509.a
                0x0000000000000020                _region_min_align = 0x20

.rel.plt        0x0000000000000000        0x0
 *(SORT_BY_ALIGNMENT(.rel.plt))
                [!provide]                        PROVIDE (__rel_iplt_start = .)
 *(SORT_BY_ALIGNMENT(.rel.iplt))
 .rel.iplt      0x0000000000000000        0x0 app/libapp.a(main.c.obj)
                [!provide]                        PROVIDE (__rel_iplt_end = .)

.rela.plt       0x0000000000000000        0x0
 *(SORT_BY_ALIGNMENT(.rela.plt))
                [!provide]                        PROVIDE (__rela_iplt_start = .)
 *(SORT_BY_ALIGNMENT(.rela.iplt))
                [!provide]                        PROVIDE (__rela_iplt_end = .)

.rel.dyn
 *(SORT_BY_ALIGNMENT(.rel.*))

.rela.dyn
 *(SORT_BY_ALIGNMENT(.rela.*))

/DISCARD/
 *(SORT_BY_ALIGNMENT(.plt))

/DISCARD/
 *(SORT_BY_ALIGNMENT(.iplt))
                0x0000000000000000                __rom_region_start = 0x0

rom_start       0x0000000000000000       0xdc
                0x0000000000000000                __rom_start_address = .
                0x0000000000000000                . = (. + (0x0 - (. - __rom_start_address)))
                0x0000000000000000                . = ALIGN (0x4)
                0x0000000000000000                . = ALIGN (0x80)
                0x0000000000000000                . = ALIGN (0x100)
                0x0000000000000000                _vector_start = .
 *(SORT_BY_ALIGNMENT(.exc_vector_table))
 *(SORT_BY_ALIGNMENT(.exc_vector_table.*))
 .exc_vector_table._vector_table_section
                0x0000000000000000       0x40 zephyr/arch/arch/arm/core/aarch32/cortex_m/libarch__arm__core__aarch32__cortex_m.a(vector_table.S.obj)
                0x0000000000000000                _vector_table
 *(SORT_BY_ALIGNMENT(.vectors))
                0x00000000000000dc                _vector_end = .
                0x0000000000000040                . = ALIGN (0x4)
 *(SORT_BY_ALIGNMENT(.gnu.linkonce.irq_vector_table*))
 .gnu.linkonce.irq_vector_table
                0x0000000000000040       0x9c zephyr/arch/common/libisr_tables.a(isr_tables.c.obj)
                0x0000000000000040                _irq_vector_table
                0x00000000000000dc                _vector_end = .

text            0x00000000000000dc     0x6f3c
                0x00000000000000dc                __text_region_start = .
 *(SORT_BY_ALIGNMENT(.text))
 .text          0x00000000000000dc       0x30 c:/ncs/toolchains/cf2149caf2/opt/zephyr-sdk/arm-zephyr-eabi/bin/../lib/gcc/arm-zephyr-eabi/12.2.0/thumb/v7e-m/nofp\libgcc.a(_aeabi_uldivmod.o)
                0x00000000000000dc                __aeabi_uldivmod
 .text          0x000000000000010c        0x4 c:/ncs/toolchains/cf2149caf2/opt/zephyr-sdk/arm-zephyr-eabi/bin/../lib/gcc/arm-zephyr-eabi/12.2.0/thumb/v7e-m/nofp\libgcc.a(_dvmd_tls.o)
                0x000000000000010c                __aeabi_idiv0
                0x000000000000010c                __aeabi_ldiv0
 .text          0x0000000000000110      0x2a0 c:/ncs/toolchains/cf2149caf2/opt/zephyr-sdk/arm-zephyr-eabi/bin/../lib/gcc/arm-zephyr-eabi/12.2.0/thumb/v7e-m/nofp\libgcc.a(_udivmoddi4.o)
                0x0000000000000110                __udivmoddi4
 *(SORT_BY_ALIGNMENT(.text.*))
 .text.main     0x00000000000003b0       0xe0 app/libapp.a(main.c.obj)
                0x00000000000003b0                main
 .text.flash_device_base
                0x0000000000000490       0x20 app/libapp.a(flash_map_extended.c.obj)
                0x0000000000000490                flash_device_base
 .text.flash_area_id_from_multi_image_slot
                0x00000000000004b0       0x24 app/libapp.a(flash_map_extended.c.obj)
                0x00000000000004b0                flash_area_id_from_multi_image_slot
 .text.os_heap_init
                0x00000000000004d4       0x10 app/libapp.a(os.c.obj)
                0x00000000000004d4                os_heap_init
 .text.bootutil_img_validate
                0x00000000000004e4      0x1d8 app/libapp.a(image_validate.c.obj)
                0x00000000000004e4                bootutil_img_validate
 .text.bootutil_verify_sig
                0x00000000000006bc      0x1e8 app/libapp.a(image_rsa.c.obj)
                0x00000000000006bc                bootutil_verify_sig
 .text.boot_status_entries
                0x00000000000008a4       0x2c app/libapp.a(bootutil_misc.c.obj)
                0x00000000000008a4                boot_status_entries
 .text.boot_find_status
                0x00000000000008d0       0x48 app/libapp.a(bootutil_misc.c.obj)
                0x00000000000008d0                boot_find_status
 .text.bootutil_max_image_size
                0x0000000000000918       0x2c app/libapp.a(bootutil_misc.c.obj)
                0x0000000000000918                bootutil_max_image_size
 .text.boot_validate_slot.isra.0
                0x0000000000000944      0x100 app/libapp.a(loader.c.obj)
 .text.boot_swap_image.isra.0
                0x0000000000000a44       0x88 app/libapp.a(loader.c.obj)
 .text.boot_copy_region
                0x0000000000000acc       0x84 app/libapp.a(loader.c.obj)
                0x0000000000000acc                boot_copy_region
 .text.context_boot_go
                0x0000000000000b50      0x268 app/libapp.a(loader.c.obj)
                0x0000000000000b50                context_boot_go
 .text.boot_go  0x0000000000000db8       0x20 app/libapp.a(loader.c.obj)
                0x0000000000000db8                boot_go
 .text.swap_set_copy_done
                0x0000000000000dd8       0x2c app/libapp.a(swap_misc.c.obj)
                0x0000000000000dd8                swap_set_copy_done
 .text.swap_set_image_ok
                0x0000000000000e04       0x44 app/libapp.a(swap_misc.c.obj)
                0x0000000000000e04                swap_set_image_ok
 .text.boot_read_image_header
                0x0000000000000e48       0xcc app/libapp.a(swap_move.c.obj)
                0x0000000000000e48                boot_read_image_header
 .text.swap_read_status_bytes
                0x0000000000000f14       0xc8 app/libapp.a(swap_move.c.obj)
                0x0000000000000f14                swap_read_status_bytes
 .text.boot_slots_compatible
                0x0000000000000fdc       0x6c app/libapp.a(swap_move.c.obj)
                0x0000000000000fdc                boot_slots_compatible
 .text.swap_status_source
                0x0000000000001048       0xcc app/libapp.a(swap_move.c.obj)
                0x0000000000001048                swap_status_source
 .text.fixup_revert
                0x0000000000001114       0x98 app/libapp.a(swap_move.c.obj)
                0x0000000000001114                fixup_revert
 .text.swap_run
                0x00000000000011ac      0x1f0 app/libapp.a(swap_move.c.obj)
                0x00000000000011ac                swap_run
 .text.cleanup_arm_nvic
                0x000000000000139c       0x54 app/libapp.a(arm_cleanup.c.obj)
                0x000000000000139c                cleanup_arm_nvic
 .text.nrf_cleanup_peripheral
                0x00000000000013f0       0x54 app/libapp.a(nrf_cleanup.c.obj)
                0x00000000000013f0                nrf_cleanup_peripheral
 .text.char_out
                0x0000000000001444        0xc zephyr/libzephyr.a(printk.c.obj)
 .text.__printk_hook_install
                0x0000000000001450        0xc zephyr/libzephyr.a(printk.c.obj)
                0x0000000000001450                __printk_hook_install
 .text.vprintk  0x000000000000145c       0x1c zephyr/libzephyr.a(printk.c.obj)
                0x000000000000145c                vprintk
 .text.process_event
                0x0000000000001478      0x21c zephyr/libzephyr.a(onoff.c.obj)
 .text.z_cbvprintf_impl
                0x0000000000001694      0x444 zephyr/libzephyr.a(cbprintf_nano.c.obj)
                0x0000000000001694                z_cbvprintf_impl
 .text.z_arm_platform_init
                0x0000000000001ad8        0x4 zephyr/libzephyr.a(soc_nrf_common.S.obj)
                0x0000000000001ad8                z_arm_platform_init
 .text.flash_area_open
                0x0000000000001adc       0x50 zephyr/libzephyr.a(flash_map.c.obj)
                0x0000000000001adc                flash_area_open
 .text.flash_area_get_sectors
                0x0000000000001b2c       0x60 zephyr/libzephyr.a(flash_map_layout.c.obj)
                0x0000000000001b2c                flash_area_get_sectors
 .text.z_arm_cpu_idle_init
                0x0000000000001b8c        0xc zephyr/arch/arch/arm/core/aarch32/libarch__arm__core__aarch32.a(cpu_idle.S.obj)
                0x0000000000001b8c                z_arm_cpu_idle_init
 .text.arch_cpu_atomic_idle
                0x0000000000001b98       0x18 zephyr/arch/arch/arm/core/aarch32/libarch__arm__core__aarch32.a(cpu_idle.S.obj)
                0x0000000000001b98                arch_cpu_atomic_idle
 .text.arch_irq_enable
                0x0000000000001bb0       0x1c zephyr/arch/arch/arm/core/aarch32/libarch__arm__core__aarch32.a(irq_manage.c.obj)
                0x0000000000001bb0                arch_irq_enable
 .text.arch_irq_disable
                0x0000000000001bcc       0x28 zephyr/arch/arch/arm/core/aarch32/libarch__arm__core__aarch32.a(irq_manage.c.obj)
                0x0000000000001bcc                arch_irq_disable
 .text.arch_irq_is_enabled
                0x0000000000001bf4       0x1c zephyr/arch/arch/arm/core/aarch32/libarch__arm__core__aarch32.a(irq_manage.c.obj)
                0x0000000000001bf4                arch_irq_is_enabled
 .text.z_arm_irq_priority_set
                0x0000000000001c10       0x30 zephyr/arch/arch/arm/core/aarch32/libarch__arm__core__aarch32.a(irq_manage.c.obj)
                0x0000000000001c10                z_arm_irq_priority_set
 .text.z_SysNmiOnReset
                0x0000000000001c40        0x8 zephyr/arch/arch/arm/core/aarch32/libarch__arm__core__aarch32.a(nmi_on_reset.S.obj)
                0x0000000000001c40                z_SysNmiOnReset
 .text.z_arm_prep_c
                0x0000000000001c48       0x38 zephyr/arch/arch/arm/core/aarch32/libarch__arm__core__aarch32.a(prep_c.c.obj)
                0x0000000000001c48                z_arm_prep_c
 .text.z_arm_svc
                0x0000000000001c80       0x20 zephyr/arch/arch/arm/core/aarch32/libarch__arm__core__aarch32.a(swap_helper.S.obj)
                0x0000000000001c80                z_arm_svc
 .text.z_check_thread_stack_fail
                0x0000000000001ca0       0x2c zephyr/arch/arch/arm/core/aarch32/libarch__arm__core__aarch32.a(thread.c.obj)
                0x0000000000001ca0                z_check_thread_stack_fail
 .text.z_arm_switch_to_main_no_multithreading
                0x0000000000001ccc       0x30 zephyr/arch/arch/arm/core/aarch32/libarch__arm__core__aarch32.a(thread.c.obj)
                0x0000000000001ccc                z_arm_switch_to_main_no_multithreading
 .text._isr_wrapper
                0x0000000000001cfc       0x28 zephyr/arch/arch/arm/core/aarch32/libarch__arm__core__aarch32.a(isr_wrapper.S.obj)
                0x0000000000001cfc                _isr_wrapper
 .text._HandlerModeExit
                0x0000000000001d24        0x4 zephyr/arch/arch/arm/core/aarch32/cortex_m/libarch__arm__core__aarch32__cortex_m.a(exc_exit.S.obj)
                0x0000000000001d24                z_arm_int_exit
                0x0000000000001d24                z_arm_exc_exit
 .text.mem_manage_fault
                0x0000000000001d28       0xa0 zephyr/arch/arch/arm/core/aarch32/cortex_m/libarch__arm__core__aarch32__cortex_m.a(fault.c.obj)
 .text.usage_fault.constprop.0
                0x0000000000001dc8       0x54 zephyr/arch/arch/arm/core/aarch32/cortex_m/libarch__arm__core__aarch32__cortex_m.a(fault.c.obj)
 .text.bus_fault.constprop.0
                0x0000000000001e1c       0x6c zephyr/arch/arch/arm/core/aarch32/cortex_m/libarch__arm__core__aarch32__cortex_m.a(fault.c.obj)
 .text.z_arm_fault
                0x0000000000001e88      0x11c zephyr/arch/arch/arm/core/aarch32/cortex_m/libarch__arm__core__aarch32__cortex_m.a(fault.c.obj)
                0x0000000000001e88                z_arm_fault
 .text.z_arm_fault_init
                0x0000000000001fa4       0x10 zephyr/arch/arch/arm/core/aarch32/cortex_m/libarch__arm__core__aarch32__cortex_m.a(fault.c.obj)
                0x0000000000001fa4                z_arm_fault_init
 .text.__fault  0x0000000000001fb4       0x14 zephyr/arch/arch/arm/core/aarch32/cortex_m/libarch__arm__core__aarch32__cortex_m.a(fault_s.S.obj)
                0x0000000000001fb4                z_arm_usage_fault
                0x0000000000001fb4                z_arm_mpu_fault
                0x0000000000001fb4                z_arm_exc_spurious
                0x0000000000001fb4                z_arm_debug_monitor
                0x0000000000001fb4                z_arm_hard_fault
                0x0000000000001fb4                z_arm_bus_fault
 .text.z_arm_interrupt_init
                0x0000000000001fc8       0x18 zephyr/arch/arch/arm/core/aarch32/cortex_m/libarch__arm__core__aarch32__cortex_m.a(irq_init.c.obj)
                0x0000000000001fc8                z_arm_interrupt_init
 .text._reset_section
                0x0000000000001fe0       0x54 zephyr/arch/arch/arm/core/aarch32/cortex_m/libarch__arm__core__aarch32__cortex_m.a(reset.S.obj)
                0x0000000000001fe0                __start
                0x0000000000001fe0                z_arm_reset
 .text.sys_arch_reboot
                0x0000000000002034       0x24 zephyr/arch/arch/arm/core/aarch32/cortex_m/libarch__arm__core__aarch32__cortex_m.a(scb.c.obj)
                0x0000000000002034                sys_arch_reboot
 .text.z_arm_clear_arm_mpu_config
                0x0000000000002058       0x24 zephyr/arch/arch/arm/core/aarch32/cortex_m/libarch__arm__core__aarch32__cortex_m.a(scb.c.obj)
                0x0000000000002058                z_arm_clear_arm_mpu_config
 .text.z_arm_init_arch_hw_at_boot
                0x000000000000207c       0x64 zephyr/arch/arch/arm/core/aarch32/cortex_m/libarch__arm__core__aarch32__cortex_m.a(scb.c.obj)
                0x000000000000207c                z_arm_init_arch_hw_at_boot
 .text.z_arm_configure_static_mpu_regions
                0x00000000000020e0       0x18 zephyr/arch/arch/arm/core/aarch32/mpu/libarch__arm__core__aarch32__mpu.a(arm_core_mpu.c.obj)
                0x00000000000020e0                z_arm_configure_static_mpu_regions
 .text.mpu_configure_regions
                0x00000000000020f8       0x88 zephyr/arch/arch/arm/core/aarch32/mpu/libarch__arm__core__aarch32__mpu.a(arm_mpu.c.obj)
 .text.arm_core_mpu_enable
                0x0000000000002180       0x18 zephyr/arch/arch/arm/core/aarch32/mpu/libarch__arm__core__aarch32__mpu.a(arm_mpu.c.obj)
                0x0000000000002180                arm_core_mpu_enable
 .text.arm_core_mpu_disable
                0x0000000000002198       0x14 zephyr/arch/arch/arm/core/aarch32/mpu/libarch__arm__core__aarch32__mpu.a(arm_mpu.c.obj)
                0x0000000000002198                arm_core_mpu_disable
 .text.arm_core_mpu_configure_static_mpu_regions
                0x00000000000021ac       0x14 zephyr/arch/arch/arm/core/aarch32/mpu/libarch__arm__core__aarch32__mpu.a(arm_mpu.c.obj)
                0x00000000000021ac                arm_core_mpu_configure_static_mpu_regions
 .text.z_arm_mpu_init
                0x00000000000021c0       0x60 zephyr/arch/arch/arm/core/aarch32/mpu/libarch__arm__core__aarch32__mpu.a(arm_mpu.c.obj)
                0x00000000000021c0                z_arm_mpu_init
 .text.__stdout_hook_install
                0x0000000000002220        0xc zephyr/lib/libc/minimal/liblib__libc__minimal.a(stdout_console.c.obj)
                0x0000000000002220                __stdout_hook_install
 .text.nordicsemi_nrf52_init
                0x000000000000222c       0x18 zephyr/soc/soc/arm/nordic_nrf/nrf52/libsoc__arm__nordic_nrf__nrf52.a(soc.c.obj)
 .text.arch_busy_wait
                0x0000000000002244       0x14 zephyr/soc/soc/arm/nordic_nrf/nrf52/libsoc__arm__nordic_nrf__nrf52.a(soc.c.obj)
                0x0000000000002244                arch_busy_wait
 .text.onoff_stop
                0x0000000000002258       0x30 zephyr/drivers/clock_control/libdrivers__clock_control.a(clock_control_nrf.c.obj)
 .text.onoff_start
                0x0000000000002288       0x44 zephyr/drivers/clock_control/libdrivers__clock_control.a(clock_control_nrf.c.obj)
 .text.generic_hfclk_stop
                0x00000000000022cc       0x34 zephyr/drivers/clock_control/libdrivers__clock_control.a(clock_control_nrf.c.obj)
 .text.clk_init
                0x0000000000002300       0x58 zephyr/drivers/clock_control/libdrivers__clock_control.a(clock_control_nrf.c.obj)
 .text.clkstarted_handle.constprop.0
                0x0000000000002358       0x34 zephyr/drivers/clock_control/libdrivers__clock_control.a(clock_control_nrf.c.obj)
 .text.clock_event_handler
                0x000000000000238c       0x1c zephyr/drivers/clock_control/libdrivers__clock_control.a(clock_control_nrf.c.obj)
 .text.generic_hfclk_start
                0x00000000000023a8       0x64 zephyr/drivers/clock_control/libdrivers__clock_control.a(clock_control_nrf.c.obj)
 .text.lfclk_start
                0x000000000000240c       0x24 zephyr/drivers/clock_control/libdrivers__clock_control.a(clock_control_nrf.c.obj)
 .text.z_nrf_clock_control_lf_on
                0x0000000000002430       0xf4 zephyr/drivers/clock_control/libdrivers__clock_control.a(clock_control_nrf.c.obj)
                0x0000000000002430                z_nrf_clock_control_lf_on
 .text.uart_console_init
                0x0000000000002524       0x28 zephyr/drivers/console/libdrivers__console.a(uart_console.c.obj)
 .text.console_out
                0x000000000000254c       0x28 zephyr/drivers/console/libdrivers__console.a(uart_console.c.obj)
 .text.flash_nrf_pages_layout
                0x0000000000002574       0x10 zephyr/drivers/flash/libdrivers__flash.a(soc_flash_nrf.c.obj)
 .text.flash_nrf_get_parameters
                0x0000000000002584        0x8 zephyr/drivers/flash/libdrivers__flash.a(soc_flash_nrf.c.obj)
 .text.nrf_flash_init
                0x000000000000258c       0x18 zephyr/drivers/flash/libdrivers__flash.a(soc_flash_nrf.c.obj)
 .text.flash_nrf_write
                0x00000000000025a4       0x4c zephyr/drivers/flash/libdrivers__flash.a(soc_flash_nrf.c.obj)
 .text.gpio_nrfx_pin_interrupt_configure
                0x00000000000025f0       0xd8 zephyr/drivers/gpio/libdrivers__gpio.a(gpio_nrfx.c.obj)
 .text.gpio_nrfx_init
                0x00000000000026c8       0x38 zephyr/drivers/gpio/libdrivers__gpio.a(gpio_nrfx.c.obj)
 .text.nrfx_gpio_handler
                0x0000000000002700       0x3c zephyr/drivers/gpio/libdrivers__gpio.a(gpio_nrfx.c.obj)
 .text.gpio_nrfx_pin_configure
                0x000000000000273c      0x128 zephyr/drivers/gpio/libdrivers__gpio.a(gpio_nrfx.c.obj)
 .text.pinctrl_configure_pins
                0x0000000000002864      0x150 zephyr/drivers/pinctrl/libdrivers__pinctrl.a(pinctrl_nrf.c.obj)
                0x0000000000002864                pinctrl_configure_pins
 .text.uarte_nrfx_poll_out
                0x00000000000029b4       0xc4 zephyr/drivers/serial/libdrivers__serial.a(uart_nrfx_uarte.c.obj)
 .text.uarte_nrfx_configure
                0x0000000000002a78      0x15c zephyr/drivers/serial/libdrivers__serial.a(uart_nrfx_uarte.c.obj)
 .text.uarte_0_init
                0x0000000000002bd4       0xe8 zephyr/drivers/serial/libdrivers__serial.a(uart_nrfx_uarte.c.obj)
 .text.compare_int_lock
                0x0000000000002cbc       0x48 zephyr/drivers/timer/libdrivers__timer.a(nrf_rtc_timer.c.obj)
 .text.sys_clock_timeout_handler
                0x0000000000002d04       0x48 zephyr/drivers/timer/libdrivers__timer.a(nrf_rtc_timer.c.obj)
 .text.compare_int_unlock
                0x0000000000002d4c       0x5c zephyr/drivers/timer/libdrivers__timer.a(nrf_rtc_timer.c.obj)
 .text.z_nrf_rtc_timer_read
                0x0000000000002da8       0x44 zephyr/drivers/timer/libdrivers__timer.a(nrf_rtc_timer.c.obj)
                0x0000000000002da8                z_nrf_rtc_timer_read
 .text.compare_set
                0x0000000000002dec      0x130 zephyr/drivers/timer/libdrivers__timer.a(nrf_rtc_timer.c.obj)
 .text.sys_clock_driver_init
                0x0000000000002f1c       0x90 zephyr/drivers/timer/libdrivers__timer.a(nrf_rtc_timer.c.obj)
 .text.rtc_nrf_isr
                0x0000000000002fac       0xd4 zephyr/drivers/timer/libdrivers__timer.a(nrf_rtc_timer.c.obj)
                0x0000000000002fac                rtc_nrf_isr
 .text.sys_clock_set_timeout
                0x0000000000003080       0x68 zephyr/drivers/timer/libdrivers__timer.a(nrf_rtc_timer.c.obj)
                0x0000000000003080                sys_clock_set_timeout
 .text.sys_clock_elapsed
                0x00000000000030e8       0x14 zephyr/drivers/timer/libdrivers__timer.a(nrf_rtc_timer.c.obj)
                0x00000000000030e8                sys_clock_elapsed
 .text.sys_clock_disable
                0x00000000000030fc       0x30 zephyr/drivers/timer/libdrivers__timer.a(nrf_rtc_timer.c.obj)
                0x00000000000030fc                sys_clock_disable
 .text.boot_write_magic
                0x000000000000312c       0x40 modules/mcuboot/boot/bootutil/zephyr/libmcuboot_util.a(bootutil_public.c.obj)
                0x000000000000312c                boot_write_magic
 .text.boot_read_swap_state
                0x000000000000316c       0xac modules/mcuboot/boot/bootutil/zephyr/libmcuboot_util.a(bootutil_public.c.obj)
                0x000000000000316c                boot_read_swap_state
 .text.boot_swap_type_multi
                0x0000000000003218      0x100 modules/mcuboot/boot/bootutil/zephyr/libmcuboot_util.a(bootutil_public.c.obj)
                0x0000000000003218                boot_swap_type_multi
 .text.mbedtls_calloc
                0x0000000000003318        0xc modules/mbedtls/libmbedTLSBase.a(platform.c.obj)
                0x0000000000003318                mbedtls_calloc
 .text.mbedtls_free
                0x0000000000003324        0xc modules/mbedtls/libmbedTLSBase.a(platform.c.obj)
                0x0000000000003324                mbedtls_free
 .text.mbedtls_platform_set_calloc_free
                0x0000000000003330       0x14 modules/mbedtls/libmbedTLSBase.a(platform.c.obj)
                0x0000000000003330                mbedtls_platform_set_calloc_free
 .text.mbedtls_platform_zeroize
                0x0000000000003344       0x14 modules/mbedtls/libmbedTLSBase.a(platform_util.c.obj)
                0x0000000000003344                mbedtls_platform_zeroize
 .text.mbedtls_hash_info_psa_from_md
                0x0000000000003358       0x18 modules/mbedtls/libmbedTLSBase.a(hash_info.c.obj)
                0x0000000000003358                mbedtls_hash_info_psa_from_md
 .text.verify_header
                0x0000000000003370       0x40 modules/mbedtls/libmbedTLSBase.a(memory_buffer_alloc.c.obj)
 .text.verify_chain
                0x00000000000033b0       0x3c modules/mbedtls/libmbedTLSBase.a(memory_buffer_alloc.c.obj)
 .text.buffer_alloc_calloc
                0x00000000000033ec      0x114 modules/mbedtls/libmbedTLSBase.a(memory_buffer_alloc.c.obj)
 .text.buffer_alloc_free
                0x0000000000003500      0x124 modules/mbedtls/libmbedTLSBase.a(memory_buffer_alloc.c.obj)
 .text.mbedtls_memory_buffer_alloc_init
                0x0000000000003624       0x68 modules/mbedtls/libmbedTLSBase.a(memory_buffer_alloc.c.obj)
                0x0000000000003624                mbedtls_memory_buffer_alloc_init
 .text.rsa_check_context.constprop.0
                0x000000000000368c       0xb8 modules/mbedtls/libmbedTLSBase.a(rsa.c.obj)
 .text.mbedtls_rsa_set_padding
                0x0000000000003744       0x2c modules/mbedtls/libmbedTLSBase.a(rsa.c.obj)
                0x0000000000003744                mbedtls_rsa_set_padding
 .text.mbedtls_rsa_check_pubkey
                0x0000000000003770       0x4c modules/mbedtls/libmbedTLSBase.a(rsa.c.obj)
                0x0000000000003770                mbedtls_rsa_check_pubkey
 .text.mbedtls_rsa_public
                0x00000000000037bc       0x90 modules/mbedtls/libmbedTLSBase.a(rsa.c.obj)
                0x00000000000037bc                mbedtls_rsa_public
 .text.mbedtls_sha256_starts
                0x000000000000384c       0xc8 modules/mbedtls/libmbedTLSBase.a(sha256.c.obj)
                0x000000000000384c                mbedtls_sha256_starts
 .text.mbedtls_internal_sha256_process
                0x0000000000003914      0x148 modules/mbedtls/libmbedTLSBase.a(sha256.c.obj)
                0x0000000000003914                mbedtls_internal_sha256_process
 .text.nrf52_errata_16
                0x0000000000003a5c       0x28 modules/hal_nordic/nrfx/libmodules__hal_nordic__nrfx.a(system_nrf52.c.obj)
 .text.nvmc_wait
                0x0000000000003a84       0x10 modules/hal_nordic/nrfx/libmodules__hal_nordic__nrfx.a(system_nrf52.c.obj)
                0x0000000000003a84                nvmc_wait
 .text.SystemInit
                0x0000000000003a94      0x278 modules/hal_nordic/nrfx/libmodules__hal_nordic__nrfx.a(system_nrf52.c.obj)
                0x0000000000003a94                SystemInit
 .text.nrfx_flag32_alloc
                0x0000000000003d0c       0x48 modules/hal_nordic/nrfx/libmodules__hal_nordic__nrfx.a(nrfx_flag32_allocator.c.obj)
                0x0000000000003d0c                nrfx_flag32_alloc
 .text.nrfx_flag32_free
                0x0000000000003d54       0x40 modules/hal_nordic/nrfx/libmodules__hal_nordic__nrfx.a(nrfx_flag32_allocator.c.obj)
                0x0000000000003d54                nrfx_flag32_free
 .text.nrfx_gppi_channels_enable
                0x0000000000003d94        0xc modules/hal_nordic/nrfx/libmodules__hal_nordic__nrfx.a(nrfx_gppi_ppi.c.obj)
                0x0000000000003d94                nrfx_gppi_channels_enable
 .text.clock_stop
                0x0000000000003da0       0xc4 modules/hal_nordic/nrfx/libmodules__hal_nordic__nrfx.a(nrfx_clock.c.obj)
 .text.nrfx_clock_init
                0x0000000000003e64       0x20 modules/hal_nordic/nrfx/libmodules__hal_nordic__nrfx.a(nrfx_clock.c.obj)
                0x0000000000003e64                nrfx_clock_init
 .text.nrfx_clock_start
                0x0000000000003e84       0xb0 modules/hal_nordic/nrfx/libmodules__hal_nordic__nrfx.a(nrfx_clock.c.obj)
                0x0000000000003e84                nrfx_clock_start
 .text.nrfx_power_clock_irq_handler
                0x0000000000003f34       0x68 modules/hal_nordic/nrfx/libmodules__hal_nordic__nrfx.a(nrfx_clock.c.obj)
                0x0000000000003f34                nrfx_power_clock_irq_handler
 .text.pin_in_use_by_te
                0x0000000000003f9c       0x14 modules/hal_nordic/nrfx/libmodules__hal_nordic__nrfx.a(nrfx_gpiote.c.obj)
 .text.pin_is_output
                0x0000000000003fb0       0x14 modules/hal_nordic/nrfx/libmodules__hal_nordic__nrfx.a(nrfx_gpiote.c.obj)
 .text.pin_te_get
                0x0000000000003fc4       0x14 modules/hal_nordic/nrfx/libmodules__hal_nordic__nrfx.a(nrfx_gpiote.c.obj)
 .text.call_handler
                0x0000000000003fd8       0x3c modules/hal_nordic/nrfx/libmodules__hal_nordic__nrfx.a(nrfx_gpiote.c.obj)
 .text.release_handler
                0x0000000000004014       0x54 modules/hal_nordic/nrfx/libmodules__hal_nordic__nrfx.a(nrfx_gpiote.c.obj)
 .text.__nrfy_internal_gpiote_events_process.constprop.0
                0x0000000000004068       0x54 modules/hal_nordic/nrfx/libmodules__hal_nordic__nrfx.a(nrfx_gpiote.c.obj)
 .text.nrfx_gpiote_input_configure
                0x00000000000040bc      0x160 modules/hal_nordic/nrfx/libmodules__hal_nordic__nrfx.a(nrfx_gpiote.c.obj)
                0x00000000000040bc                nrfx_gpiote_input_configure
 .text.nrfx_gpiote_output_configure
                0x000000000000421c       0xec modules/hal_nordic/nrfx/libmodules__hal_nordic__nrfx.a(nrfx_gpiote.c.obj)
                0x000000000000421c                nrfx_gpiote_output_configure
 .text.nrfx_gpiote_global_callback_set
                0x0000000000004308        0xc modules/hal_nordic/nrfx/libmodules__hal_nordic__nrfx.a(nrfx_gpiote.c.obj)
                0x0000000000004308                nrfx_gpiote_global_callback_set
 .text.nrfx_gpiote_channel_get
                0x0000000000004314       0x2c modules/hal_nordic/nrfx/libmodules__hal_nordic__nrfx.a(nrfx_gpiote.c.obj)
                0x0000000000004314                nrfx_gpiote_channel_get
 .text.nrfx_gpiote_init
                0x0000000000004340       0x50 modules/hal_nordic/nrfx/libmodules__hal_nordic__nrfx.a(nrfx_gpiote.c.obj)
                0x0000000000004340                nrfx_gpiote_init
 .text.nrfx_gpiote_is_init
                0x0000000000004390       0x14 modules/hal_nordic/nrfx/libmodules__hal_nordic__nrfx.a(nrfx_gpiote.c.obj)
                0x0000000000004390                nrfx_gpiote_is_init
 .text.nrfx_gpiote_channel_free
                0x00000000000043a4        0xc modules/hal_nordic/nrfx/libmodules__hal_nordic__nrfx.a(nrfx_gpiote.c.obj)
                0x00000000000043a4                nrfx_gpiote_channel_free
 .text.nrfx_gpiote_channel_alloc
                0x00000000000043b0        0xc modules/hal_nordic/nrfx/libmodules__hal_nordic__nrfx.a(nrfx_gpiote.c.obj)
                0x00000000000043b0                nrfx_gpiote_channel_alloc
 .text.nrfx_gpiote_trigger_enable
                0x00000000000043bc       0x98 modules/hal_nordic/nrfx/libmodules__hal_nordic__nrfx.a(nrfx_gpiote.c.obj)
                0x00000000000043bc                nrfx_gpiote_trigger_enable
 .text.nrfx_gpiote_trigger_disable
                0x0000000000004454       0x4c modules/hal_nordic/nrfx/libmodules__hal_nordic__nrfx.a(nrfx_gpiote.c.obj)
                0x0000000000004454                nrfx_gpiote_trigger_disable
 .text.nrfx_gpiote_pin_uninit
                0x00000000000044a0       0x78 modules/hal_nordic/nrfx/libmodules__hal_nordic__nrfx.a(nrfx_gpiote.c.obj)
                0x00000000000044a0                nrfx_gpiote_pin_uninit
 .text.nrfx_gpiote_irq_handler
                0x0000000000004518      0x15c modules/hal_nordic/nrfx/libmodules__hal_nordic__nrfx.a(nrfx_gpiote.c.obj)
                0x0000000000004518                nrfx_gpiote_irq_handler
 .text.nvmc_word_write
                0x0000000000004674       0x18 modules/hal_nordic/nrfx/libmodules__hal_nordic__nrfx.a(nrfx_nvmc.c.obj)
 .text.nrfx_nvmc_page_erase
                0x000000000000468c       0x40 modules/hal_nordic/nrfx/libmodules__hal_nordic__nrfx.a(nrfx_nvmc.c.obj)
                0x000000000000468c                nrfx_nvmc_page_erase
 .text.nrfx_nvmc_word_write
                0x00000000000046cc       0x1c modules/hal_nordic/nrfx/libmodules__hal_nordic__nrfx.a(nrfx_nvmc.c.obj)
                0x00000000000046cc                nrfx_nvmc_word_write
 .text.nrfx_ppi_channel_alloc
                0x00000000000046e8        0xc modules/hal_nordic/nrfx/libmodules__hal_nordic__nrfx.a(nrfx_ppi.c.obj)
                0x00000000000046e8                nrfx_ppi_channel_alloc
 .text._DoInit  0x00000000000046f4       0x68 modules/segger/libmodules__segger.a(SEGGER_RTT.c.obj)
 .text.z_sys_init_run_level
                0x000000000000475c       0x48 zephyr/kernel/libkernel.a(init.c.obj)
 .text.bg_thread_main
                0x00000000000047a4       0x30 zephyr/kernel/libkernel.a(init.c.obj)
 .text.z_bss_zero
                0x00000000000047d4       0x18 zephyr/kernel/libkernel.a(init.c.obj)
                0x00000000000047d4                z_bss_zero
 .text.z_cstart
                0x00000000000047ec       0x78 zephyr/kernel/libkernel.a(init.c.obj)
                0x00000000000047ec                z_cstart
 .text.z_data_copy
                0x0000000000004864       0x34 zephyr/kernel/libkernel.a(xip.c.obj)
                0x0000000000004864                z_data_copy
 .text.elapsed  0x0000000000004898       0x14 zephyr/kernel/libkernel.a(timeout.c.obj)
 .text.next_timeout
                0x00000000000048ac       0x40 zephyr/kernel/libkernel.a(timeout.c.obj)
 .text.remove_timeout
                0x00000000000048ec       0x38 zephyr/kernel/libkernel.a(timeout.c.obj)
 .text.sys_clock_announce
                0x0000000000004924       0xd0 zephyr/kernel/libkernel.a(timeout.c.obj)
                0x0000000000004924                sys_clock_announce
 .text.boot_banner
                0x00000000000049f4        0xc zephyr/kernel/libkernel.a(banner.c.obj)
                0x00000000000049f4                boot_banner
 .text._OffsetAbsSyms
                0x0000000000004a00        0x2 zephyr/CMakeFiles/offsets.dir/./arch/arm/core/offsets/offsets.c.obj
                0x0000000000004a00                _OffsetAbsSyms
 .text.flash_area_get_device_id
                0x0000000000004a02        0x4 app/libapp.a(flash_map_extended.c.obj)
                0x0000000000004a02                flash_area_get_device_id
 .text.flash_area_get_sector
                0x0000000000004a06       0x32 app/libapp.a(flash_map_extended.c.obj)
                0x0000000000004a06                flash_area_get_sector
 .text.bootutil_tlv_iter_begin
                0x0000000000004a38       0x9c app/libapp.a(tlv.c.obj)
                0x0000000000004a38                bootutil_tlv_iter_begin
 .text.bootutil_tlv_iter_next
                0x0000000000004ad4       0x98 app/libapp.a(tlv.c.obj)
                0x0000000000004ad4                bootutil_tlv_iter_next
 .text.boot_fih_memequal
                0x0000000000004b6c        0x4 app/libapp.a(bootutil_misc.c.obj)
                0x0000000000004b6c                boot_fih_memequal
 .text.boot_trailer_sz
                0x0000000000004b70        0xa app/libapp.a(bootutil_misc.c.obj)
                0x0000000000004b70                boot_trailer_sz
 .text.boot_status_off
                0x0000000000004b7a       0x16 app/libapp.a(bootutil_misc.c.obj)
                0x0000000000004b7a                boot_status_off
 .text.boot_read_swap_size
                0x0000000000004b90       0x1c app/libapp.a(bootutil_misc.c.obj)
                0x0000000000004b90                boot_read_swap_size
 .text.boot_write_swap_size
                0x0000000000004bac       0x1e app/libapp.a(bootutil_misc.c.obj)
                0x0000000000004bac                boot_write_swap_size
 .text.boot_read_image_headers
                0x0000000000004bca       0x2c app/libapp.a(loader.c.obj)
 .text.boot_read_image_size.constprop.0.isra.0
                0x0000000000004bf6       0x82 app/libapp.a(loader.c.obj)
 .text.boot_read_sectors
                0x0000000000004c78       0x42 app/libapp.a(loader.c.obj)
 .text.boot_status_reset
                0x0000000000004cba       0x12 app/libapp.a(loader.c.obj)
                0x0000000000004cba                boot_status_reset
 .text.boot_status_is_reset
                0x0000000000004ccc       0x1a app/libapp.a(loader.c.obj)
                0x0000000000004ccc                boot_status_is_reset
 .text.boot_write_status
                0x0000000000004ce6       0x64 app/libapp.a(loader.c.obj)
                0x0000000000004ce6                boot_write_status
 .text.boot_erase_region
                0x0000000000004d4a        0x4 app/libapp.a(loader.c.obj)
                0x0000000000004d4a                boot_erase_region
 .text.swap_erase_trailer_sectors
                0x0000000000004d4e       0x6c app/libapp.a(swap_misc.c.obj)
                0x0000000000004d4e                swap_erase_trailer_sectors
 .text.swap_status_init
                0x0000000000004dba       0x3e app/libapp.a(swap_misc.c.obj)
                0x0000000000004dba                swap_status_init
 .text.swap_read_status
                0x0000000000004df8       0x78 app/libapp.a(swap_misc.c.obj)
                0x0000000000004df8                swap_read_status
 .text.find_last_idx
                0x0000000000004e70       0x14 app/libapp.a(swap_move.c.obj)
                0x0000000000004e70                find_last_idx
 .text.boot_status_internal_off
                0x0000000000004e84       0x26 app/libapp.a(swap_move.c.obj)
                0x0000000000004e84                boot_status_internal_off
 .text.arch_printk_char_out
                0x0000000000004eaa        0x4 zephyr/libzephyr.a(printk.c.obj)
                0x0000000000004eaa                arch_printk_char_out
 .text.printk   0x0000000000004eae       0x1a zephyr/libzephyr.a(printk.c.obj)
                0x0000000000004eae                printk
 .text.process_recheck
                0x0000000000004ec8       0x38 zephyr/libzephyr.a(onoff.c.obj)
 .text.validate_args
                0x0000000000004f00       0x20 zephyr/libzephyr.a(onoff.c.obj)
 .text.notify_one
                0x0000000000004f20       0x2c zephyr/libzephyr.a(onoff.c.obj)
 .text.transition_complete
                0x0000000000004f4c       0x1c zephyr/libzephyr.a(onoff.c.obj)
 .text.onoff_manager_init
                0x0000000000004f68       0x26 zephyr/libzephyr.a(onoff.c.obj)
                0x0000000000004f68                onoff_manager_init
 .text.onoff_request
                0x0000000000004f8e       0xb0 zephyr/libzephyr.a(onoff.c.obj)
                0x0000000000004f8e                onoff_request
 .text.sys_notify_validate
                0x000000000000503e       0x22 zephyr/libzephyr.a(notify.c.obj)
                0x000000000000503e                sys_notify_validate
 .text.sys_notify_finalize
                0x0000000000005060       0x1a zephyr/libzephyr.a(notify.c.obj)
                0x0000000000005060                sys_notify_finalize
 .text._ConfigAbsSyms
                0x000000000000507a        0x2 zephyr/libzephyr.a(configs.c.obj)
                0x000000000000507a                _ConfigAbsSyms
 .text.z_log_minimal_printk
                0x000000000000507c       0x1a zephyr/libzephyr.a(log_minimal.c.obj)
                0x000000000000507c                z_log_minimal_printk
 .text.flash_area_close
                0x0000000000005096        0x2 zephyr/libzephyr.a(flash_map.c.obj)
                0x0000000000005096                flash_area_close
 .text.flash_area_read
                0x0000000000005098       0x2a zephyr/libzephyr.a(flash_map.c.obj)
                0x0000000000005098                flash_area_read
 .text.flash_area_write
                0x00000000000050c2       0x2a zephyr/libzephyr.a(flash_map.c.obj)
                0x00000000000050c2                flash_area_write
 .text.flash_area_erase
                0x00000000000050ec       0x28 zephyr/libzephyr.a(flash_map.c.obj)
                0x00000000000050ec                flash_area_erase
 .text.flash_area_align
                0x0000000000005114        0xe zephyr/libzephyr.a(flash_map.c.obj)
                0x0000000000005114                flash_area_align
 .text.flash_area_erased_val
                0x0000000000005122        0xe zephyr/libzephyr.a(flash_map.c.obj)
                0x0000000000005122                flash_area_erased_val
 .text.get_sectors_cb
                0x0000000000005130       0x44 zephyr/libzephyr.a(flash_map_layout.c.obj)
 .text.z_arm_fatal_error
                0x0000000000005174        0x4 zephyr/arch/arch/arm/core/aarch32/libarch__arm__core__aarch32.a(fatal.c.obj)
                0x0000000000005174                z_arm_fatal_error
 .text.z_do_kernel_oops
                0x0000000000005178        0x8 zephyr/arch/arch/arm/core/aarch32/libarch__arm__core__aarch32.a(fatal.c.obj)
                0x0000000000005178                z_do_kernel_oops
 .text.z_irq_spurious
                0x0000000000005180        0x8 zephyr/arch/arch/arm/core/aarch32/libarch__arm__core__aarch32.a(irq_manage.c.obj)
                0x0000000000005180                z_irq_spurious
 .text.z_arm_nmi
                0x0000000000005188        0xe zephyr/arch/arch/arm/core/aarch32/libarch__arm__core__aarch32.a(nmi.c.obj)
                0x0000000000005188                z_arm_nmi
 .text.strlen   0x0000000000005196        0xe zephyr/lib/libc/minimal/liblib__libc__minimal.a(string.c.obj)
                0x0000000000005196                strlen
 .text.memcmp   0x00000000000051a4       0x20 zephyr/lib/libc/minimal/liblib__libc__minimal.a(string.c.obj)
                0x00000000000051a4                memcmp
 .text.memcpy   0x00000000000051c4       0x16 zephyr/lib/libc/minimal/liblib__libc__minimal.a(string.c.obj)
                0x00000000000051c4                memcpy
 .text.memset   0x00000000000051da       0x12 zephyr/lib/libc/minimal/liblib__libc__minimal.a(string.c.obj)
                0x00000000000051da                memset
 .text._stdout_hook_default
                0x00000000000051ec        0x6 zephyr/lib/libc/minimal/liblib__libc__minimal.a(stdout_console.c.obj)
 .text.get_status
                0x00000000000051f2       0x12 zephyr/drivers/clock_control/libdrivers__clock_control.a(clock_control_nrf.c.obj)
 .text.set_on_state
                0x0000000000005204       0x26 zephyr/drivers/clock_control/libdrivers__clock_control.a(clock_control_nrf.c.obj)
 .text.stop     0x000000000000522a       0x52 zephyr/drivers/clock_control/libdrivers__clock_control.a(clock_control_nrf.c.obj)
 .text.api_stop
                0x000000000000527c        0x6 zephyr/drivers/clock_control/libdrivers__clock_control.a(clock_control_nrf.c.obj)
 .text.async_start
                0x0000000000005282       0x5c zephyr/drivers/clock_control/libdrivers__clock_control.a(clock_control_nrf.c.obj)
 .text.api_start
                0x00000000000052de        0xe zephyr/drivers/clock_control/libdrivers__clock_control.a(clock_control_nrf.c.obj)
 .text.api_blocking_start
                0x00000000000052ec        0x6 zephyr/drivers/clock_control/libdrivers__clock_control.a(clock_control_nrf.c.obj)
 .text.onoff_started_callback
                0x00000000000052f2       0x12 zephyr/drivers/clock_control/libdrivers__clock_control.a(clock_control_nrf.c.obj)
 .text.lfclk_stop
                0x0000000000005304        0x6 zephyr/drivers/clock_control/libdrivers__clock_control.a(clock_control_nrf.c.obj)
 .text.is_regular_addr_valid
                0x000000000000530a       0x22 zephyr/drivers/flash/libdrivers__flash.a(soc_flash_nrf.c.obj)
 .text.flash_nrf_erase
                0x000000000000532c       0x4c zephyr/drivers/flash/libdrivers__flash.a(soc_flash_nrf.c.obj)
 .text.flash_nrf_read
                0x0000000000005378       0x28 zephyr/drivers/flash/libdrivers__flash.a(soc_flash_nrf.c.obj)
 .text.flash_get_page_info
                0x00000000000053a0       0x62 zephyr/drivers/flash/libdrivers__flash.a(flash_page_layout.c.obj)
 .text.z_impl_flash_get_page_info_by_offs
                0x0000000000005402        0x8 zephyr/drivers/flash/libdrivers__flash.a(flash_page_layout.c.obj)
                0x0000000000005402                z_impl_flash_get_page_info_by_offs
 .text.flash_page_foreach
                0x000000000000540a       0x58 zephyr/drivers/flash/libdrivers__flash.a(flash_page_layout.c.obj)
                0x000000000000540a                flash_page_foreach
 .text.gpio_nrfx_port_get_raw
                0x0000000000005462        0xe zephyr/drivers/gpio/libdrivers__gpio.a(gpio_nrfx.c.obj)
 .text.gpio_nrfx_port_set_masked_raw
                0x0000000000005470       0x18 zephyr/drivers/gpio/libdrivers__gpio.a(gpio_nrfx.c.obj)
 .text.gpio_nrfx_port_set_bits_raw
                0x0000000000005488        0xc zephyr/drivers/gpio/libdrivers__gpio.a(gpio_nrfx.c.obj)
 .text.gpio_nrfx_port_clear_bits_raw
                0x0000000000005494        0xc zephyr/drivers/gpio/libdrivers__gpio.a(gpio_nrfx.c.obj)
 .text.gpio_nrfx_port_toggle_bits
                0x00000000000054a0       0x1a zephyr/drivers/gpio/libdrivers__gpio.a(gpio_nrfx.c.obj)
 .text.gpio_nrfx_manage_callback
                0x00000000000054ba       0x52 zephyr/drivers/gpio/libdrivers__gpio.a(gpio_nrfx.c.obj)
 .text.pinctrl_lookup_state
                0x000000000000550c       0x26 zephyr/drivers/pinctrl/libdrivers__pinctrl.a(common.c.obj)
                0x000000000000550c                pinctrl_lookup_state
 .text.uarte_nrfx_config_get
                0x0000000000005532       0x10 zephyr/drivers/serial/libdrivers__serial.a(uart_nrfx_uarte.c.obj)
 .text.uarte_nrfx_err_check
                0x0000000000005542        0xe zephyr/drivers/serial/libdrivers__serial.a(uart_nrfx_uarte.c.obj)
 .text.uarte_nrfx_poll_in
                0x0000000000005550       0x28 zephyr/drivers/serial/libdrivers__serial.a(uart_nrfx_uarte.c.obj)
 .text.is_tx_ready.isra.0
                0x0000000000005578       0x20 zephyr/drivers/serial/libdrivers__serial.a(uart_nrfx_uarte.c.obj)
 .text.uarte_nrfx_isr_int
                0x0000000000005598       0x72 zephyr/drivers/serial/libdrivers__serial.a(uart_nrfx_uarte.c.obj)
 .text.event_clear
                0x000000000000560a       0x18 zephyr/drivers/timer/libdrivers__timer.a(nrf_rtc_timer.c.obj)
 .text.fprotect_area
                0x0000000000005622       0x86 modules/nrf/lib/fprotect/lib..__nrf__lib__fprotect.a(fprotect_bprot.c.obj)
                0x0000000000005622                fprotect_area
 .text.k_sys_fatal_error_handler
                0x00000000000056a8        0x8 modules/nrf/lib/fatal_error/lib..__nrf__lib__fatal_error.a(fatal_error.c.obj)
                0x00000000000056a8                k_sys_fatal_error_handler
 .text.boot_swap_info_off
                0x00000000000056b0        0xc modules/mcuboot/boot/bootutil/zephyr/libmcuboot_util.a(bootutil_public.c.obj)
                0x00000000000056b0                boot_swap_info_off
 .text.boot_magic_compatible_check
                0x00000000000056bc       0x1c modules/mcuboot/boot/bootutil/zephyr/libmcuboot_util.a(bootutil_public.c.obj)
                0x00000000000056bc                boot_magic_compatible_check
 .text.bootutil_buffer_is_erased
                0x00000000000056d8       0x26 modules/mcuboot/boot/bootutil/zephyr/libmcuboot_util.a(bootutil_public.c.obj)
                0x00000000000056d8                bootutil_buffer_is_erased
 .text.boot_read_flag
                0x00000000000056fe       0x38 modules/mcuboot/boot/bootutil/zephyr/libmcuboot_util.a(bootutil_public.c.obj)
 .text.boot_write_trailer
                0x0000000000005736       0x58 modules/mcuboot/boot/bootutil/zephyr/libmcuboot_util.a(bootutil_public.c.obj)
                0x0000000000005736                boot_write_trailer
 .text.boot_write_trailer_flag
                0x000000000000578e       0x14 modules/mcuboot/boot/bootutil/zephyr/libmcuboot_util.a(bootutil_public.c.obj)
                0x000000000000578e                boot_write_trailer_flag
 .text.boot_write_image_ok
                0x00000000000057a2        0xe modules/mcuboot/boot/bootutil/zephyr/libmcuboot_util.a(bootutil_public.c.obj)
                0x00000000000057a2                boot_write_image_ok
 .text.boot_read_image_ok
                0x00000000000057b0        0xc modules/mcuboot/boot/bootutil/zephyr/libmcuboot_util.a(bootutil_public.c.obj)
                0x00000000000057b0                boot_read_image_ok
 .text.boot_read_swap_state_by_id
                0x00000000000057bc       0x28 modules/mcuboot/boot/bootutil/zephyr/libmcuboot_util.a(bootutil_public.c.obj)
                0x00000000000057bc                boot_read_swap_state_by_id
 .text.boot_write_swap_info
                0x00000000000057e4       0x22 modules/mcuboot/boot/bootutil/zephyr/libmcuboot_util.a(bootutil_public.c.obj)
                0x00000000000057e4                boot_write_swap_info
 .text.boot_write_copy_done
                0x0000000000005806       0x10 modules/mcuboot/boot/bootutil/zephyr/libmcuboot_util.a(bootutil_public.c.obj)
                0x0000000000005806                boot_write_copy_done
 .text.mbedtls_asn1_get_len
                0x0000000000005816       0x98 modules/mbedtls/libmbedTLSBase.a(asn1parse.c.obj)
                0x0000000000005816                mbedtls_asn1_get_len
 .text.mbedtls_asn1_get_tag
                0x00000000000058ae       0x28 modules/mbedtls/libmbedTLSBase.a(asn1parse.c.obj)
                0x00000000000058ae                mbedtls_asn1_get_tag
 .text.mbedtls_asn1_get_mpi
                0x00000000000058d6       0x26 modules/mbedtls/libmbedTLSBase.a(asn1parse.c.obj)
                0x00000000000058d6                mbedtls_asn1_get_mpi
 .text.mpi_select
                0x00000000000058fc       0x32 modules/mbedtls/libmbedTLSBase.a(bignum.c.obj)
 .text.mpi_montmul.isra.0
                0x000000000000592e       0x1e modules/mbedtls/libmbedTLSBase.a(bignum.c.obj)
 .text.mbedtls_mpi_init
                0x000000000000594c        0xc modules/mbedtls/libmbedTLSBase.a(bignum.c.obj)
                0x000000000000594c                mbedtls_mpi_init
 .text.mbedtls_mpi_free
                0x0000000000005958       0x24 modules/mbedtls/libmbedTLSBase.a(bignum.c.obj)
                0x0000000000005958                mbedtls_mpi_free
 .text.mbedtls_mpi_grow
                0x000000000000597c       0x4e modules/mbedtls/libmbedTLSBase.a(bignum.c.obj)
                0x000000000000597c                mbedtls_mpi_grow
 .text.mbedtls_mpi_resize_clear
                0x00000000000059ca       0x36 modules/mbedtls/libmbedTLSBase.a(bignum.c.obj)
 .text.mbedtls_mpi_copy
                0x0000000000005a00       0x68 modules/mbedtls/libmbedTLSBase.a(bignum.c.obj)
                0x0000000000005a00                mbedtls_mpi_copy
 .text.mbedtls_mpi_lset
                0x0000000000005a68       0x32 modules/mbedtls/libmbedTLSBase.a(bignum.c.obj)
                0x0000000000005a68                mbedtls_mpi_lset
 .text.mbedtls_mpi_get_bit
                0x0000000000005a9a       0x20 modules/mbedtls/libmbedTLSBase.a(bignum.c.obj)
                0x0000000000005a9a                mbedtls_mpi_get_bit
 .text.mbedtls_mpi_bitlen
                0x0000000000005aba        0x8 modules/mbedtls/libmbedTLSBase.a(bignum.c.obj)
                0x0000000000005aba                mbedtls_mpi_bitlen
 .text.mbedtls_mpi_size
                0x0000000000005ac2        0xc modules/mbedtls/libmbedTLSBase.a(bignum.c.obj)
                0x0000000000005ac2                mbedtls_mpi_size
 .text.mbedtls_mpi_read_binary
                0x0000000000005ace       0x2c modules/mbedtls/libmbedTLSBase.a(bignum.c.obj)
                0x0000000000005ace                mbedtls_mpi_read_binary
 .text.mbedtls_mpi_write_binary
                0x0000000000005afa        0xc modules/mbedtls/libmbedTLSBase.a(bignum.c.obj)
                0x0000000000005afa                mbedtls_mpi_write_binary
 .text.mbedtls_mpi_shift_l
                0x0000000000005b06       0xae modules/mbedtls/libmbedTLSBase.a(bignum.c.obj)
                0x0000000000005b06                mbedtls_mpi_shift_l
 .text.mbedtls_mpi_shift_r
                0x0000000000005bb4       0x12 modules/mbedtls/libmbedTLSBase.a(bignum.c.obj)
                0x0000000000005bb4                mbedtls_mpi_shift_r
 .text.mbedtls_mpi_cmp_abs
                0x0000000000005bc6       0x6a modules/mbedtls/libmbedTLSBase.a(bignum.c.obj)
                0x0000000000005bc6                mbedtls_mpi_cmp_abs
 .text.mbedtls_mpi_cmp_mpi
                0x0000000000005c30       0x82 modules/mbedtls/libmbedTLSBase.a(bignum.c.obj)
                0x0000000000005c30                mbedtls_mpi_cmp_mpi
 .text.mbedtls_mpi_cmp_int
                0x0000000000005cb2       0x26 modules/mbedtls/libmbedTLSBase.a(bignum.c.obj)
                0x0000000000005cb2                mbedtls_mpi_cmp_int
 .text.mbedtls_mpi_add_abs
                0x0000000000005cd8       0x92 modules/mbedtls/libmbedTLSBase.a(bignum.c.obj)
                0x0000000000005cd8                mbedtls_mpi_add_abs
 .text.mbedtls_mpi_sub_abs
                0x0000000000005d6a       0x9e modules/mbedtls/libmbedTLSBase.a(bignum.c.obj)
                0x0000000000005d6a                mbedtls_mpi_sub_abs
 .text.add_sub_mpi
                0x0000000000005e08       0x5c modules/mbedtls/libmbedTLSBase.a(bignum.c.obj)
 .text.mbedtls_mpi_add_mpi
                0x0000000000005e64        0x6 modules/mbedtls/libmbedTLSBase.a(bignum.c.obj)
                0x0000000000005e64                mbedtls_mpi_add_mpi
 .text.mbedtls_mpi_sub_mpi
                0x0000000000005e6a        0x8 modules/mbedtls/libmbedTLSBase.a(bignum.c.obj)
                0x0000000000005e6a                mbedtls_mpi_sub_mpi
 .text.mbedtls_mpi_mul_int
                0x0000000000005e72       0x62 modules/mbedtls/libmbedTLSBase.a(bignum.c.obj)
                0x0000000000005e72                mbedtls_mpi_mul_int
 .text.mbedtls_mpi_div_mpi
                0x0000000000005ed4      0x330 modules/mbedtls/libmbedTLSBase.a(bignum.c.obj)
                0x0000000000005ed4                mbedtls_mpi_div_mpi
 .text.mbedtls_mpi_mod_mpi
                0x0000000000006204       0x64 modules/mbedtls/libmbedTLSBase.a(bignum.c.obj)
                0x0000000000006204                mbedtls_mpi_mod_mpi
 .text.mbedtls_mpi_exp_mod
                0x0000000000006268      0x452 modules/mbedtls/libmbedTLSBase.a(bignum.c.obj)
                0x0000000000006268                mbedtls_mpi_exp_mod
 .text.mbedtls_mpi_core_clz
                0x00000000000066ba       0x20 modules/mbedtls/libmbedTLSBase.a(bignum_core.c.obj)
                0x00000000000066ba                mbedtls_mpi_core_clz
 .text.mbedtls_mpi_core_bitlen
                0x00000000000066da       0x28 modules/mbedtls/libmbedTLSBase.a(bignum_core.c.obj)
                0x00000000000066da                mbedtls_mpi_core_bitlen
 .text.mbedtls_mpi_core_bigendian_to_host
                0x0000000000006702       0x54 modules/mbedtls/libmbedTLSBase.a(bignum_core.c.obj)
                0x0000000000006702                mbedtls_mpi_core_bigendian_to_host
 .text.mbedtls_mpi_core_cond_assign
                0x0000000000006756       0x18 modules/mbedtls/libmbedTLSBase.a(bignum_core.c.obj)
                0x0000000000006756                mbedtls_mpi_core_cond_assign
 .text.mbedtls_mpi_core_read_be
                0x000000000000676e       0x4a modules/mbedtls/libmbedTLSBase.a(bignum_core.c.obj)
                0x000000000000676e                mbedtls_mpi_core_read_be
 .text.mbedtls_mpi_core_write_be
                0x00000000000067b8       0x64 modules/mbedtls/libmbedTLSBase.a(bignum_core.c.obj)
                0x00000000000067b8                mbedtls_mpi_core_write_be
 .text.mbedtls_mpi_core_shift_r
                0x000000000000681c       0x74 modules/mbedtls/libmbedTLSBase.a(bignum_core.c.obj)
                0x000000000000681c                mbedtls_mpi_core_shift_r
 .text.mbedtls_mpi_core_add
                0x0000000000006890       0x2c modules/mbedtls/libmbedTLSBase.a(bignum_core.c.obj)
                0x0000000000006890                mbedtls_mpi_core_add
 .text.mbedtls_mpi_core_sub
                0x00000000000068bc       0x3a modules/mbedtls/libmbedTLSBase.a(bignum_core.c.obj)
                0x00000000000068bc                mbedtls_mpi_core_sub
 .text.mbedtls_mpi_core_mla
                0x00000000000068f6      0x178 modules/mbedtls/libmbedTLSBase.a(bignum_core.c.obj)
                0x00000000000068f6                mbedtls_mpi_core_mla
 .text.mbedtls_mpi_core_montmul_init
                0x0000000000006a6e       0x22 modules/mbedtls/libmbedTLSBase.a(bignum_core.c.obj)
                0x0000000000006a6e                mbedtls_mpi_core_montmul_init
 .text.mbedtls_mpi_core_montmul
                0x0000000000006a90       0x92 modules/mbedtls/libmbedTLSBase.a(bignum_core.c.obj)
                0x0000000000006a90                mbedtls_mpi_core_montmul
 .text.mbedtls_mpi_core_sub_int
                0x0000000000006b22       0x22 modules/mbedtls/libmbedTLSBase.a(bignum_core.c.obj)
                0x0000000000006b22                mbedtls_mpi_core_sub_int
 .text.platform_calloc_uninit
                0x0000000000006b44        0x4 modules/mbedtls/libmbedTLSBase.a(platform.c.obj)
 .text.platform_exit_uninit
                0x0000000000006b48        0x2 modules/mbedtls/libmbedTLSBase.a(platform.c.obj)
 .text.platform_free_uninit
                0x0000000000006b4a        0x2 modules/mbedtls/libmbedTLSBase.a(platform.c.obj)
 .text.mbedtls_ct_size_bool_eq
                0x0000000000006b4c        0xc modules/mbedtls/libmbedTLSBase.a(constant_time.c.obj)
                0x0000000000006b4c                mbedtls_ct_size_bool_eq
 .text.mbedtls_ct_mpi_uint_cond_assign
                0x0000000000006b58       0x24 modules/mbedtls/libmbedTLSBase.a(constant_time.c.obj)
                0x0000000000006b58                mbedtls_ct_mpi_uint_cond_assign
 .text.mbedtls_mpi_safe_cond_assign
                0x0000000000006b7c       0x5e modules/mbedtls/libmbedTLSBase.a(constant_time.c.obj)
                0x0000000000006b7c                mbedtls_mpi_safe_cond_assign
 .text.mbedtls_rsa_import
                0x0000000000006bda       0x86 modules/mbedtls/libmbedTLSBase.a(rsa.c.obj)
                0x0000000000006bda                mbedtls_rsa_import
 .text.mbedtls_rsa_init
                0x0000000000006c60       0x14 modules/mbedtls/libmbedTLSBase.a(rsa.c.obj)
                0x0000000000006c60                mbedtls_rsa_init
 .text.mbedtls_rsa_get_len
                0x0000000000006c74        0x4 modules/mbedtls/libmbedTLSBase.a(rsa.c.obj)
                0x0000000000006c74                mbedtls_rsa_get_len
 .text.mbedtls_rsa_free
                0x0000000000006c78       0x72 modules/mbedtls/libmbedTLSBase.a(rsa.c.obj)
                0x0000000000006c78                mbedtls_rsa_free
 .text.mbedtls_sha256_init
                0x0000000000006cea        0x8 modules/mbedtls/libmbedTLSBase.a(sha256.c.obj)
                0x0000000000006cea                mbedtls_sha256_init
 .text.mbedtls_sha256_update
                0x0000000000006cf2       0x88 modules/mbedtls/libmbedTLSBase.a(sha256.c.obj)
                0x0000000000006cf2                mbedtls_sha256_update
 .text.mbedtls_sha256_finish
                0x0000000000006d7a      0x104 modules/mbedtls/libmbedTLSBase.a(sha256.c.obj)
                0x0000000000006d7a                mbedtls_sha256_finish
 .text._mbedtls_init
                0x0000000000006e7e        0x4 modules/mbedtls/libmbedTLSBase.a(zephyr_init.c.obj)
 .text.nrf52_errata_12
                0x0000000000006e82       0x1c modules/hal_nordic/nrfx/libmodules__hal_nordic__nrfx.a(system_nrf52.c.obj)
 .text.nrfx_isr
                0x0000000000006e9e        0x2 modules/hal_nordic/nrfx/libmodules__hal_nordic__nrfx.a(nrfx_glue.c.obj)
                0x0000000000006e9e                nrfx_isr
 .text.nrfx_busy_wait
                0x0000000000006ea0        0x4 modules/hal_nordic/nrfx/libmodules__hal_nordic__nrfx.a(nrfx_glue.c.obj)
                0x0000000000006ea0                nrfx_busy_wait
 .text.nrfx_gppi_channel_endpoints_setup
                0x0000000000006ea4       0x14 modules/hal_nordic/nrfx/libmodules__hal_nordic__nrfx.a(nrfx_gppi_ppi.c.obj)
                0x0000000000006ea4                nrfx_gppi_channel_endpoints_setup
 .text.nrfx_clock_enable
                0x0000000000006eb8       0x1a modules/hal_nordic/nrfx/libmodules__hal_nordic__nrfx.a(nrfx_clock.c.obj)
                0x0000000000006eb8                nrfx_clock_enable
 .text.nrfx_clock_stop
                0x0000000000006ed2        0x4 modules/hal_nordic/nrfx/libmodules__hal_nordic__nrfx.a(nrfx_clock.c.obj)
                0x0000000000006ed2                nrfx_clock_stop
 .text.nrf_gpio_pin_port_decode
                0x0000000000006ed6       0x14 modules/hal_nordic/nrfx/libmodules__hal_nordic__nrfx.a(nrfx_gpiote.c.obj)
 .text.nrf_gpio_reconfigure
                0x0000000000006eea       0x92 modules/hal_nordic/nrfx/libmodules__hal_nordic__nrfx.a(nrfx_gpiote.c.obj)
 .text.nrf_gpio_cfg_sense_set
                0x0000000000006f7c       0x1e modules/hal_nordic/nrfx/libmodules__hal_nordic__nrfx.a(nrfx_gpiote.c.obj)
 .text.nrfx_nvmc_flash_size_get
                0x0000000000006f9a        0xc modules/hal_nordic/nrfx/libmodules__hal_nordic__nrfx.a(nrfx_nvmc.c.obj)
                0x0000000000006f9a                nrfx_nvmc_flash_size_get
 .text.nrfx_nvmc_flash_page_size_get
                0x0000000000006fa6        0x8 modules/hal_nordic/nrfx/libmodules__hal_nordic__nrfx.a(nrfx_nvmc.c.obj)
                0x0000000000006fa6                nrfx_nvmc_flash_page_size_get
 .text.nrfx_nvmc_flash_page_count_get
                0x0000000000006fae        0x8 modules/hal_nordic/nrfx/libmodules__hal_nordic__nrfx.a(nrfx_nvmc.c.obj)
                0x0000000000006fae                nrfx_nvmc_flash_page_count_get
 .text.SEGGER_RTT_Init
                0x0000000000006fb6        0x4 modules/segger/libmodules__segger.a(SEGGER_RTT.c.obj)
                0x0000000000006fb6                SEGGER_RTT_Init
 .text.rtt_init
                0x0000000000006fba        0xa modules/segger/libmodules__segger.a(SEGGER_RTT_zephyr.c.obj)
 .text.z_impl_k_busy_wait
                0x0000000000006fc4        0x8 zephyr/kernel/libkernel.a(busy_wait.c.obj)
                0x0000000000006fc4                z_impl_k_busy_wait
 .text.z_device_state_init
                0x0000000000006fcc        0x2 zephyr/kernel/libkernel.a(device.c.obj)
                0x0000000000006fcc                z_device_state_init
 .text.z_device_is_ready
                0x0000000000006fce       0x16 zephyr/kernel/libkernel.a(device.c.obj)
                0x0000000000006fce                z_device_is_ready
 .text.z_fatal_error
                0x0000000000006fe4       0x20 zephyr/kernel/libkernel.a(fatal.c.obj)
                0x0000000000006fe4                z_fatal_error
 .text.z_early_memset
                0x0000000000007004        0x4 zephyr/kernel/libkernel.a(init.c.obj)
                0x0000000000007004                z_early_memset
 .text.z_early_memcpy
                0x0000000000007008        0x4 zephyr/kernel/libkernel.a(init.c.obj)
                0x0000000000007008                z_early_memcpy
 .text.k_is_in_isr
                0x000000000000700c        0xc zephyr/kernel/libkernel.a(thread.c.obj)
                0x000000000000700c                k_is_in_isr
 *(SORT_BY_ALIGNMENT(.TEXT.*))
 *(SORT_BY_ALIGNMENT(.gnu.linkonce.t.*))
 *(SORT_BY_ALIGNMENT(.glue_7t))
 .glue_7t       0x0000000000007018        0x0 linker stubs
 *(SORT_BY_ALIGNMENT(.glue_7))
 .glue_7        0x0000000000007018        0x0 linker stubs
 *(SORT_BY_ALIGNMENT(.vfp11_veneer))
 .vfp11_veneer  0x0000000000007018        0x0 linker stubs
 *(SORT_BY_ALIGNMENT(.v4_bx))
 .v4_bx         0x0000000000007018        0x0 linker stubs
                0x0000000000007018                . = ALIGN (0x4)
                0x0000000000007018                __text_region_end = .

.ARM.exidx      0x0000000000007018        0x8
                0x0000000000007018                __exidx_start = .
 *(SORT_BY_ALIGNMENT(.ARM.exidx*) SORT_BY_ALIGNMENT(gnu.linkonce.armexidx.*))
 .ARM.exidx     0x0000000000007018        0x8 c:/ncs/toolchains/cf2149caf2/opt/zephyr-sdk/arm-zephyr-eabi/bin/../lib/gcc/arm-zephyr-eabi/12.2.0/thumb/v7e-m/nofp\libgcc.a(_udivmoddi4.o)
                0x0000000000007020                __exidx_end = .
                0x0000000000007020                __rodata_region_start = .

initlevel       0x0000000000007020       0x48
                0x0000000000007020                __init_start = .
                0x0000000000007020                __init_EARLY_start = .
 *(SORT_BY_NAME(SORT_BY_ALIGNMENT(.z_init_EARLY?_*)))
 *(SORT_BY_NAME(SORT_BY_ALIGNMENT(.z_init_EARLY??_*)))
                0x0000000000007020                __init_PRE_KERNEL_1_start = .
 *(SORT_BY_NAME(SORT_BY_ALIGNMENT(.z_init_PRE_KERNEL_1?_*)))
 .z_init_PRE_KERNEL_10_0_
                0x0000000000007020        0x8 zephyr/soc/soc/arm/nordic_nrf/nrf52/libsoc__arm__nordic_nrf__nrf52.a(soc.c.obj)
 *(SORT_BY_NAME(SORT_BY_ALIGNMENT(.z_init_PRE_KERNEL_1??_*)))
 .z_init_PRE_KERNEL_130_00059_
                0x0000000000007028        0x8 zephyr/drivers/clock_control/libdrivers__clock_control.a(clock_control_nrf.c.obj)
 .z_init_PRE_KERNEL_130_0_
                0x0000000000007030        0x8 modules/segger/libmodules__segger.a(SEGGER_RTT_zephyr.c.obj)
 .z_init_PRE_KERNEL_140_00011_
                0x0000000000007038        0x8 zephyr/drivers/gpio/libdrivers__gpio.a(gpio_nrfx.c.obj)
 .z_init_PRE_KERNEL_155_00095_
                0x0000000000007040        0x8 zephyr/drivers/serial/libdrivers__serial.a(uart_nrfx_uarte.c.obj)
 .z_init_PRE_KERNEL_160_0_
                0x0000000000007048        0x8 zephyr/drivers/console/libdrivers__console.a(uart_console.c.obj)
                0x0000000000007050                __init_PRE_KERNEL_2_start = .
 *(SORT_BY_NAME(SORT_BY_ALIGNMENT(.z_init_PRE_KERNEL_2?_*)))
 .z_init_PRE_KERNEL_20_0_
                0x0000000000007050        0x8 zephyr/drivers/timer/libdrivers__timer.a(nrf_rtc_timer.c.obj)
 *(SORT_BY_NAME(SORT_BY_ALIGNMENT(.z_init_PRE_KERNEL_2??_*)))
                0x0000000000007058                __init_POST_KERNEL_start = .
 *(SORT_BY_NAME(SORT_BY_ALIGNMENT(.z_init_POST_KERNEL?_*)))
 .z_init_POST_KERNEL0_0_
                0x0000000000007058        0x8 modules/mbedtls/libmbedTLSBase.a(zephyr_init.c.obj)
 *(SORT_BY_NAME(SORT_BY_ALIGNMENT(.z_init_POST_KERNEL??_*)))
 .z_init_POST_KERNEL50_00098_
                0x0000000000007060        0x8 zephyr/drivers/flash/libdrivers__flash.a(soc_flash_nrf.c.obj)
                0x0000000000007068                __init_APPLICATION_start = .
 *(SORT_BY_NAME(SORT_BY_ALIGNMENT(.z_init_APPLICATION?_*)))
 *(SORT_BY_NAME(SORT_BY_ALIGNMENT(.z_init_APPLICATION??_*)))
                0x0000000000007068                __init_SMP_start = .
 *(SORT_BY_NAME(SORT_BY_ALIGNMENT(.z_init_SMP?_*)))
 *(SORT_BY_NAME(SORT_BY_ALIGNMENT(.z_init_SMP??_*)))
                0x0000000000007068                __init_end = .

device_area     0x0000000000007068       0x50
                0x0000000000007068                _device_list_start = .
 *(SORT_BY_NAME(SORT_BY_ALIGNMENT(._device.static.*_?_*)))
 *(SORT_BY_NAME(SORT_BY_ALIGNMENT(._device.static.*_??_*)))
 ._device.static.1_30_
                0x0000000000007068       0x14 zephyr/drivers/clock_control/libdrivers__clock_control.a(clock_control_nrf.c.obj)
                0x0000000000007068                __device_dts_ord_59
 ._device.static.1_40_
                0x000000000000707c       0x14 zephyr/drivers/gpio/libdrivers__gpio.a(gpio_nrfx.c.obj)
                0x000000000000707c                __device_dts_ord_11
 ._device.static.1_55_
                0x0000000000007090       0x14 zephyr/drivers/serial/libdrivers__serial.a(uart_nrfx_uarte.c.obj)
                0x0000000000007090                __device_dts_ord_95
 ._device.static.3_50_
                0x00000000000070a4       0x14 zephyr/drivers/flash/libdrivers__flash.a(soc_flash_nrf.c.obj)
                0x00000000000070a4                __device_dts_ord_98
                0x00000000000070b8                _device_list_end = .

sw_isr_table    0x00000000000070b8      0x138
                0x00000000000070b8                . = ALIGN (0x4)
 *(SORT_BY_ALIGNMENT(.gnu.linkonce.sw_isr_table*))
 .gnu.linkonce.sw_isr_table
                0x00000000000070b8      0x138 zephyr/arch/common/libisr_tables.a(isr_tables.c.obj)
                0x00000000000070b8                _sw_isr_table

initlevel_error
                0x0000000000007020        0x0
 *(SORT_BY_NAME(SORT_BY_ALIGNMENT(.z_init_[_A-Z0-9]*)))
                0x0000000000000001                ASSERT ((SIZEOF (initlevel_error) == 0x0), Undefined initialization levels used.)

app_shmem_regions
                0x00000000000071f0        0x0
                0x00000000000071f0                __app_shmem_regions_start = .
 *(SORT_BY_NAME(SORT_BY_ALIGNMENT(.app_regions.*)))
                0x00000000000071f0                __app_shmem_regions_end = .

k_p4wq_initparam_area
                0x00000000000071f0        0x0
                0x00000000000071f0                _k_p4wq_initparam_list_start = .
 *(SORT_BY_NAME(SORT_BY_ALIGNMENT(._k_p4wq_initparam.static.*)))
                0x00000000000071f0                _k_p4wq_initparam_list_end = .

_static_thread_data_area
                0x00000000000071f0        0x0
                0x00000000000071f0                __static_thread_data_list_start = .
 *(SORT_BY_NAME(SORT_BY_ALIGNMENT(.__static_thread_data.static.*)))
                0x00000000000071f0                __static_thread_data_list_end = .

device_deps     0x00000000000071f0        0x0
                0x00000000000071f0                __device_deps_start = .
 *(SORT_BY_NAME(SORT_BY_ALIGNMENT(.__device_deps_pass2*)))
                0x00000000000071f0                __device_deps_end = .

ztest           0x00000000000071f0        0x0
                0x00000000000071f0                _ztest_expected_result_entry_list_start = .
 *(SORT_BY_NAME(SORT_BY_ALIGNMENT(._ztest_expected_result_entry.static.*)))
                0x00000000000071f0                _ztest_expected_result_entry_list_end = .
                0x00000000000071f0                _ztest_suite_node_list_start = .
 *(SORT_BY_NAME(SORT_BY_ALIGNMENT(._ztest_suite_node.static.*)))
                0x00000000000071f0                _ztest_suite_node_list_end = .
                0x00000000000071f0                _ztest_unit_test_list_start = .
 *(SORT_BY_NAME(SORT_BY_ALIGNMENT(._ztest_unit_test.static.*)))
                0x00000000000071f0                _ztest_unit_test_list_end = .
                0x00000000000071f0                _ztest_test_rule_list_start = .
 *(SORT_BY_NAME(SORT_BY_ALIGNMENT(._ztest_test_rule.static.*)))
                0x00000000000071f0                _ztest_test_rule_list_end = .

bt_l2cap_fixed_chan_area
                0x00000000000071f0        0x0
                0x00000000000071f0                _bt_l2cap_fixed_chan_list_start = .
 *(SORT_BY_NAME(SORT_BY_ALIGNMENT(._bt_l2cap_fixed_chan.static.*)))
                0x00000000000071f0                _bt_l2cap_fixed_chan_list_end = .

bt_gatt_service_static_area
                0x00000000000071f0        0x0
                0x00000000000071f0                _bt_gatt_service_static_list_start = .
 *(SORT_BY_NAME(SORT_BY_ALIGNMENT(._bt_gatt_service_static.static.*)))
                0x00000000000071f0                _bt_gatt_service_static_list_end = .

log_strings_area
                0x00000000000071f0        0x0
                0x00000000000071f0                _log_strings_list_start = .
 *(SORT_BY_NAME(SORT_BY_ALIGNMENT(._log_strings.static.*)))
                0x00000000000071f0                _log_strings_list_end = .

log_const_area  0x00000000000071f0       0x68
                0x00000000000071f0                _log_const_list_start = .
 *(SORT_BY_NAME(SORT_BY_ALIGNMENT(._log_const.static.*)))
 ._log_const.static.log_const_NRFX_CLOCK_
                0x00000000000071f0        0x8 modules/hal_nordic/nrfx/libmodules__hal_nordic__nrfx.a(nrfx_clock.c.obj)
                0x00000000000071f0                log_const_NRFX_CLOCK
 ._log_const.static.log_const_NRFX_GPIOTE_
                0x00000000000071f8        0x8 modules/hal_nordic/nrfx/libmodules__hal_nordic__nrfx.a(nrfx_gpiote.c.obj)
                0x00000000000071f8                log_const_NRFX_GPIOTE
 ._log_const.static.log_const_NRFX_PPI_
                0x0000000000007200        0x8 modules/hal_nordic/nrfx/libmodules__hal_nordic__nrfx.a(nrfx_ppi.c.obj)
                0x0000000000007200                log_const_NRFX_PPI
 ._log_const.static.log_const_NRFX_WDT_
                0x0000000000007208        0x8 modules/hal_nordic/nrfx/libmodules__hal_nordic__nrfx.a(nrfx_wdt.c.obj)
                0x0000000000007208                log_const_NRFX_WDT
 ._log_const.static.log_const_cbprintf_package_
                0x0000000000007210        0x8 zephyr/libzephyr.a(cbprintf_packaged.c.obj)
                0x0000000000007210                log_const_cbprintf_package
 ._log_const.static.log_const_clock_control_
                0x0000000000007218        0x8 zephyr/drivers/clock_control/libdrivers__clock_control.a(clock_control_nrf.c.obj)
                0x0000000000007218                log_const_clock_control
 ._log_const.static.log_const_fatal_error_
                0x0000000000007220        0x8 modules/nrf/lib/fatal_error/lib..__nrf__lib__fatal_error.a(fatal_error.c.obj)
                0x0000000000007220                log_const_fatal_error
 ._log_const.static.log_const_flash_nrf_
                0x0000000000007228        0x8 zephyr/drivers/flash/libdrivers__flash.a(soc_flash_nrf.c.obj)
                0x0000000000007228                log_const_flash_nrf
 ._log_const.static.log_const_mcuboot_
                0x0000000000007230        0x8 app/libapp.a(main.c.obj)
                0x0000000000007230                log_const_mcuboot
 ._log_const.static.log_const_mpu_
                0x0000000000007238        0x8 zephyr/arch/arch/arm/core/aarch32/mpu/libarch__arm__core__aarch32__mpu.a(arm_core_mpu.c.obj)
                0x0000000000007238                log_const_mpu
 ._log_const.static.log_const_os_
                0x0000000000007240        0x8 zephyr/kernel/libkernel.a(init.c.obj)
                0x0000000000007240                log_const_os
 ._log_const.static.log_const_soc_
                0x0000000000007248        0x8 zephyr/soc/soc/arm/nordic_nrf/nrf52/libsoc__arm__nordic_nrf__nrf52.a(soc.c.obj)
                0x0000000000007248                log_const_soc
 ._log_const.static.log_const_uart_nrfx_uarte_
                0x0000000000007250        0x8 zephyr/drivers/serial/libdrivers__serial.a(uart_nrfx_uarte.c.obj)
                0x0000000000007250                log_const_uart_nrfx_uarte
                0x0000000000007258                _log_const_list_end = .

log_backend_area
                0x0000000000007258        0x0
                0x0000000000007258                _log_backend_list_start = .
 *(SORT_BY_NAME(SORT_BY_ALIGNMENT(._log_backend.static.*)))
                0x0000000000007258                _log_backend_list_end = .

log_link_area   0x0000000000007258        0x0
                0x0000000000007258                _log_link_list_start = .
 *(SORT_BY_NAME(SORT_BY_ALIGNMENT(._log_link.static.*)))
                0x0000000000007258                _log_link_list_end = .

tracing_backend_area
                0x0000000000007258        0x0
                0x0000000000007258                _tracing_backend_list_start = .
 *(SORT_BY_NAME(SORT_BY_ALIGNMENT(._tracing_backend.static.*)))
                0x0000000000007258                _tracing_backend_list_end = .

zephyr_dbg_info
 *(SORT_BY_ALIGNMENT(.dbg_thread_info))

symbol_to_keep  0x0000000000007258        0x0
                0x0000000000007258                __symbol_to_keep_start = .
 *(SORT_BY_NAME(SORT_BY_ALIGNMENT(.symbol_to_keep*)))
                0x0000000000007258                __symbol_to_keep_end = .

shell_area      0x0000000000007258        0x0
                0x0000000000007258                _shell_list_start = .
 *(SORT_BY_NAME(SORT_BY_ALIGNMENT(._shell.static.*)))
                0x0000000000007258                _shell_list_end = .

shell_root_cmds_area
                0x0000000000007258        0x0
                0x0000000000007258                _shell_root_cmds_list_start = .
 *(SORT_BY_NAME(SORT_BY_ALIGNMENT(._shell_root_cmds.static.*)))
                0x0000000000007258                _shell_root_cmds_list_end = .

shell_subcmds_area
                0x0000000000007258        0x0
                0x0000000000007258                _shell_subcmds_list_start = .
 *(SORT_BY_NAME(SORT_BY_ALIGNMENT(._shell_subcmds.static.*)))
                0x0000000000007258                _shell_subcmds_list_end = .

shell_dynamic_subcmds_area
                0x0000000000007258        0x0
                0x0000000000007258                _shell_dynamic_subcmds_list_start = .
 *(SORT_BY_NAME(SORT_BY_ALIGNMENT(._shell_dynamic_subcmds.static.*)))
                0x0000000000007258                _shell_dynamic_subcmds_list_end = .

cfb_font_area   0x0000000000007258        0x0
                0x0000000000007258                _cfb_font_list_start = .
 *(SORT_BY_NAME(SORT_BY_ALIGNMENT(._cfb_font.static.*)))
                0x0000000000007258                _cfb_font_list_end = .

rodata          0x0000000000007260      0xa54
 *(SORT_BY_ALIGNMENT(.rodata))
 *(SORT_BY_ALIGNMENT(.rodata.*))
 .rodata.delay_machine_code.0
                0x0000000000007260        0x6 zephyr/soc/soc/arm/nordic_nrf/nrf52/libsoc__arm__nordic_nrf__nrf52.a(soc.c.obj)
 *fill*         0x0000000000007266        0x2 
 .rodata.all_slots.0
                0x0000000000007268        0x8 app/libapp.a(flash_map_extended.c.obj)
 .rodata.bootutil_key_cnt
                0x0000000000007270        0x4 app/libapp.a(keys.c.obj)
                0x0000000000007270                bootutil_key_cnt
 .rodata.bootutil_keys
                0x0000000000007274        0x8 app/libapp.a(keys.c.obj)
                0x0000000000007274                bootutil_keys
 .rodata.all_slots.0
                0x000000000000727c        0x8 app/libapp.a(bootutil_misc.c.obj)
 .rodata.all_slots.0
                0x0000000000007284        0x8 app/libapp.a(swap_misc.c.obj)
 .rodata.rsa_pub_key_len
                0x000000000000728c        0x4 app/libapp.a(autogen-pubkey.c.obj)
                0x000000000000728c                rsa_pub_key_len
 .rodata.flash_map_entries
                0x0000000000007290        0x4 zephyr/libzephyr.a(flash_map_partition_manager.c.obj)
                0x0000000000007290                flash_map_entries
 .rodata.default_flash_map
                0x0000000000007294       0x70 zephyr/libzephyr.a(flash_map_partition_manager.c.obj)
                0x0000000000007294                default_flash_map
 .rodata.static_regions
                0x0000000000007304       0x18 zephyr/arch/arch/arm/core/aarch32/mpu/libarch__arm__core__aarch32__mpu.a(arm_core_mpu.c.obj)
 .rodata.mpu_config
                0x000000000000731c        0x8 zephyr/soc/soc/arm/common/cortex_m/libsoc__arm__common__cortex_m.a(arm_mpu_regions.c.obj)
                0x000000000000731c                mpu_config
 .rodata.mpu_regions
                0x0000000000007324       0x18 zephyr/soc/soc/arm/common/cortex_m/libsoc__arm__common__cortex_m.a(arm_mpu_regions.c.obj)
 .rodata.transitions.0
                0x000000000000733c        0xc zephyr/drivers/clock_control/libdrivers__clock_control.a(clock_control_nrf.c.obj)
 .rodata.config
                0x0000000000007348       0x18 zephyr/drivers/clock_control/libdrivers__clock_control.a(clock_control_nrf.c.obj)
 .rodata.clock_control_api
                0x0000000000007360       0x1c zephyr/drivers/clock_control/libdrivers__clock_control.a(clock_control_nrf.c.obj)
 .rodata.flash_nrf_api
                0x000000000000737c       0x14 zephyr/drivers/flash/libdrivers__flash.a(soc_flash_nrf.c.obj)
 .rodata.flash_nrf_parameters
                0x0000000000007390        0x8 zephyr/drivers/flash/libdrivers__flash.a(soc_flash_nrf.c.obj)
 .rodata.gpio_nrfx_p0_cfg
                0x0000000000007398       0x10 zephyr/drivers/gpio/libdrivers__gpio.a(gpio_nrfx.c.obj)
 .rodata.gpio_nrfx_drv_api_funcs
                0x00000000000073a8       0x24 zephyr/drivers/gpio/libdrivers__gpio.a(gpio_nrfx.c.obj)
 .rodata.uarte_0z_config
                0x00000000000073cc       0x10 zephyr/drivers/serial/libdrivers__serial.a(uart_nrfx_uarte.c.obj)
 .rodata.__pinctrl_dev_config__device_dts_ord_95
                0x00000000000073dc        0xc zephyr/drivers/serial/libdrivers__serial.a(uart_nrfx_uarte.c.obj)
 .rodata.__pinctrl_states__device_dts_ord_95
                0x00000000000073e8        0x8 zephyr/drivers/serial/libdrivers__serial.a(uart_nrfx_uarte.c.obj)
 .rodata.__pinctrl_state_pins_0__device_dts_ord_95
                0x00000000000073f0       0x10 zephyr/drivers/serial/libdrivers__serial.a(uart_nrfx_uarte.c.obj)
 .rodata.uart_nrfx_uarte_driver_api
                0x0000000000007400       0x14 zephyr/drivers/serial/libdrivers__serial.a(uart_nrfx_uarte.c.obj)
 .rodata.all_slots.0
                0x0000000000007414        0x8 modules/mcuboot/boot/bootutil/zephyr/libmcuboot_util.a(bootutil_public.c.obj)
 .rodata.hash_table
                0x000000000000741c       0x18 modules/mbedtls/libmbedTLSBase.a(hash_info.c.obj)
 .rodata.K      0x0000000000007434      0x100 modules/mbedtls/libmbedTLSBase.a(sha256.c.obj)
 .rodata.levels.0
                0x0000000000007534       0x18 zephyr/kernel/libkernel.a(init.c.obj)
 .rodata.boot_img_magic
                0x000000000000754c       0x10 modules/mcuboot/boot/bootutil/zephyr/libmcuboot_util.a(bootutil_public.c.obj)
                0x000000000000754c                boot_img_magic
 .rodata.main.str1.1
                0x000000000000755c       0xde app/libapp.a(main.c.obj)
 .rodata.str1.1
                0x000000000000763a        0x8 app/libapp.a(main.c.obj)
 .rodata.flash_device_base.str1.1
                0x0000000000007642       0x26 app/libapp.a(flash_map_extended.c.obj)
 .rodata.pss_zeros
                0x0000000000007668        0x8 app/libapp.a(image_rsa.c.obj)
 .rodata.bootutil_max_image_size.str1.1
                0x0000000000007670       0x3b app/libapp.a(bootutil_misc.c.obj)
 .rodata.boot_validate_slot.isra.0.str1.1
                0x00000000000076ab       0x3a app/libapp.a(loader.c.obj)
 .rodata.boot_swap_image.isra.0.str1.1
                0x00000000000076e5       0x2f app/libapp.a(loader.c.obj)
 .rodata.context_boot_go.str1.1
                0x0000000000007714       0xa4 app/libapp.a(loader.c.obj)
 .rodata.swap_read_status_bytes.str1.1
                0x00000000000077b8       0x23 app/libapp.a(swap_move.c.obj)
 .rodata.boot_slots_compatible.str1.1
                0x00000000000077db       0x93 app/libapp.a(swap_move.c.obj)
 .rodata.swap_status_source.str1.1
                0x000000000000786e       0xa4 app/libapp.a(swap_move.c.obj)
 .rodata.swap_run.str1.1
                0x0000000000007912       0x89 app/libapp.a(swap_move.c.obj)
 .rodata.rsa_pub_key
                0x000000000000799b      0x10e app/libapp.a(autogen-pubkey.c.obj)
                0x000000000000799b                rsa_pub_key
 .rodata.str1.1
                0x0000000000007aa9       0x11 zephyr/libzephyr.a(cbprintf_packaged.c.obj)
 .rodata.z_cbvprintf_impl.str1.1
                0x0000000000007aba       0x12 zephyr/libzephyr.a(cbprintf_nano.c.obj)
                                         0x13 (size before relaxing)
 .rodata.str1.1
                0x0000000000007acc        0x4 zephyr/arch/arch/arm/core/aarch32/mpu/libarch__arm__core__aarch32__mpu.a(arm_core_mpu.c.obj)
 .rodata.str1.1
                0x0000000000007ad0        0xf zephyr/soc/soc/arm/common/cortex_m/libsoc__arm__common__cortex_m.a(arm_mpu_regions.c.obj)
 .rodata.str1.1
                0x0000000000007adf        0x4 zephyr/soc/soc/arm/nordic_nrf/nrf52/libsoc__arm__nordic_nrf__nrf52.a(soc.c.obj)
 .rodata.str1.1
                0x0000000000007ae3       0x29 zephyr/drivers/clock_control/libdrivers__clock_control.a(clock_control_nrf.c.obj)
 .rodata.str1.1
                0x0000000000007b0c       0x24 zephyr/drivers/flash/libdrivers__flash.a(soc_flash_nrf.c.obj)
 .rodata.str1.1
                0x0000000000007b30        0xe zephyr/drivers/gpio/libdrivers__gpio.a(gpio_nrfx.c.obj)
 .rodata.str1.1
                0x0000000000007b3e       0x1e zephyr/drivers/serial/libdrivers__serial.a(uart_nrfx_uarte.c.obj)
 .rodata.str1.1
                0x0000000000007b5c        0xc modules/nrf/lib/fatal_error/lib..__nrf__lib__fatal_error.a(fatal_error.c.obj)
 .rodata.boot_swap_type_multi.str1.1
                0x0000000000007b68       0xb8 modules/mcuboot/boot/bootutil/zephyr/libmcuboot_util.a(bootutil_public.c.obj)
 .rodata.boot_swap_tables
                0x0000000000007c20       0x12 modules/mcuboot/boot/bootutil/zephyr/libmcuboot_util.a(bootutil_public.c.obj)
 .rodata.CSWTCH.20
                0x0000000000007c32        0x5 modules/hal_nordic/nrfx/libmodules__hal_nordic__nrfx.a(system_nrf52.c.obj)
 .rodata.CSWTCH.18
                0x0000000000007c37        0x5 modules/hal_nordic/nrfx/libmodules__hal_nordic__nrfx.a(system_nrf52.c.obj)
 .rodata.CSWTCH.14
                0x0000000000007c3c        0x5 modules/hal_nordic/nrfx/libmodules__hal_nordic__nrfx.a(system_nrf52.c.obj)
 .rodata.CSWTCH.4
                0x0000000000007c41        0x5 modules/hal_nordic/nrfx/libmodules__hal_nordic__nrfx.a(system_nrf52.c.obj)
 .rodata.str1.1
                0x0000000000007c46        0xb modules/hal_nordic/nrfx/libmodules__hal_nordic__nrfx.a(nrfx_clock.c.obj)
 .rodata.str1.1
                0x0000000000007c51        0xc modules/hal_nordic/nrfx/libmodules__hal_nordic__nrfx.a(nrfx_gpiote.c.obj)
 .rodata.str1.1
                0x0000000000007c5d        0x9 modules/hal_nordic/nrfx/libmodules__hal_nordic__nrfx.a(nrfx_ppi.c.obj)
 .rodata.str1.1
                0x0000000000007c66        0x9 modules/hal_nordic/nrfx/libmodules__hal_nordic__nrfx.a(nrfx_wdt.c.obj)
 .rodata._DoInit.str1.1
                0x0000000000007c6f        0x9 modules/segger/libmodules__segger.a(SEGGER_RTT.c.obj)
 .rodata._aInitStr.0
                0x0000000000007c78       0x11 modules/segger/libmodules__segger.a(SEGGER_RTT.c.obj)
 .rodata.str1.1
                0x0000000000007c89        0x3 zephyr/kernel/libkernel.a(init.c.obj)
 .rodata.boot_banner.str1.1
                0x0000000000007c8c       0x28 zephyr/kernel/libkernel.a(banner.c.obj)
 *(SORT_BY_ALIGNMENT(.gnu.linkonce.r.*))
                0x0000000000007cb4                . = ALIGN (0x4)
                0x0000000000007cb4                __rodata_region_end = .
                0x0000000000007cc0                . = ALIGN (_region_min_align)
                0x0000000000008000                . = ALIGN ((0x1 << LOG2CEIL ((__rodata_region_end - ADDR (rom_start)))))
                0x0000000000008000                __rom_region_end = ((__rom_region_start + .) - ADDR (rom_start))

/DISCARD/
 *(SORT_BY_ALIGNMENT(.got.plt))
 *(SORT_BY_ALIGNMENT(.igot.plt))
 *(SORT_BY_ALIGNMENT(.got))
 *(SORT_BY_ALIGNMENT(.igot))
                0x0000000020000000                . = 0x20000000
                0x0000000020000000                . = ALIGN (_region_min_align)
                0x0000000020000000                _image_ram_start = .

.ramfunc        0x0000000020000000        0x0 load address 0x0000000000007cb4
                0x0000000020000000                . = ALIGN (_region_min_align)
                0x0000000020000000                . = ALIGN ((0x1 << LOG2CEIL (__ramfunc_size)))
                0x0000000020000000                __ramfunc_start = .
 *(SORT_BY_ALIGNMENT(.ramfunc))
 *(SORT_BY_ALIGNMENT(.ramfunc.*))
                0x0000000020000000                . = ALIGN (_region_min_align)
                0x0000000020000000                . = ALIGN ((0x1 << LOG2CEIL (__ramfunc_size)))
                0x0000000020000000                __ramfunc_end = .
                0x0000000000000000                __ramfunc_size = (__ramfunc_end - __ramfunc_start)
                0x0000000000007cb4                __ramfunc_load_start = LOADADDR (.ramfunc)

datas           0x0000000020000000       0xa8 load address 0x0000000000007cb4
                0x0000000020000000                __data_region_start = .
                0x0000000020000000                __data_start = .
 *(SORT_BY_ALIGNMENT(.data))
 *(SORT_BY_ALIGNMENT(.data.*))
 .data.FIH_NO_BOOTABLE_IMAGE
                0x0000000020000000        0x4 app/libapp.a(fault_injection_hardening.c.obj)
                0x0000000020000000                FIH_NO_BOOTABLE_IMAGE
 .data.FIH_FAILURE
                0x0000000020000004        0x4 app/libapp.a(fault_injection_hardening.c.obj)
                0x0000000020000004                FIH_FAILURE
 .data._char_out
                0x0000000020000008        0x4 zephyr/libzephyr.a(printk.c.obj)
                0x0000000020000008                _char_out
 .data.flash_map
                0x000000002000000c        0x4 zephyr/libzephyr.a(flash_map_partition_manager.c.obj)
                0x000000002000000c                flash_map
 .data._stdout_hook
                0x0000000020000010        0x4 zephyr/lib/libc/minimal/liblib__libc__minimal.a(stdout_console.c.obj)
 .data.uarte_0_data
                0x0000000020000014       0x1c zephyr/drivers/serial/libdrivers__serial.a(uart_nrfx_uarte.c.obj)
 .data.mbedtls_exit
                0x0000000020000030        0x4 modules/mbedtls/libmbedTLSBase.a(platform.c.obj)
                0x0000000020000030                mbedtls_exit
 .data.mbedtls_free_func
                0x0000000020000034        0x4 modules/mbedtls/libmbedTLSBase.a(platform.c.obj)
                0x0000000020000034                mbedtls_free_func
 .data.mbedtls_calloc_func
                0x0000000020000038        0x4 modules/mbedtls/libmbedTLSBase.a(platform.c.obj)
                0x0000000020000038                mbedtls_calloc_func
 .data.memset_func
                0x000000002000003c        0x4 modules/mbedtls/libmbedTLSBase.a(platform_util.c.obj)
                0x000000002000003c                memset_func
 .data.m_cb     0x0000000020000040       0x5c modules/hal_nordic/nrfx/libmodules__hal_nordic__nrfx.a(nrfx_gpiote.c.obj)
 .data.m_channels_allocated
                0x000000002000009c        0x4 modules/hal_nordic/nrfx/libmodules__hal_nordic__nrfx.a(nrfx_ppi.c.obj)
 .data.timeout_list
                0x00000000200000a0        0x8 zephyr/kernel/libkernel.a(timeout.c.obj)
 *(SORT_BY_ALIGNMENT(.kernel.*))
                0x00000000200000a8                __data_end = .
                0x00000000000000a8                __data_size = (__data_end - __data_start)
                0x0000000000007cb4                __data_load_start = LOADADDR (datas)
                0x0000000000007cb4                __data_region_load_start = LOADADDR (datas)

device_states   0x00000000200000a8        0x8 load address 0x0000000000007d5c
                0x00000000200000a8                __device_states_start = .
 *(SORT_BY_ALIGNMENT(.z_devstate))
 .z_devstate    0x00000000200000a8        0x2 zephyr/drivers/clock_control/libdrivers__clock_control.a(clock_control_nrf.c.obj)
 .z_devstate    0x00000000200000aa        0x2 zephyr/drivers/flash/libdrivers__flash.a(soc_flash_nrf.c.obj)
 .z_devstate    0x00000000200000ac        0x2 zephyr/drivers/gpio/libdrivers__gpio.a(gpio_nrfx.c.obj)
 .z_devstate    0x00000000200000ae        0x2 zephyr/drivers/serial/libdrivers__serial.a(uart_nrfx_uarte.c.obj)
 *(SORT_BY_ALIGNMENT(.z_devstate.*))
                0x00000000200000b0                __device_states_end = .

log_mpsc_pbuf_area
                0x00000000200000b0        0x0 load address 0x0000000000007d64
                0x00000000200000b0                _log_mpsc_pbuf_list_start = .
 *(SORT_BY_NAME(SORT_BY_ALIGNMENT(._log_mpsc_pbuf.static.*)))
                0x00000000200000b0                _log_mpsc_pbuf_list_end = .

log_msg_ptr_area
                0x00000000200000b0        0x0 load address 0x0000000000007d64
                0x00000000200000b0                _log_msg_ptr_list_start = .
 *(SORT_BY_NAME(SORT_BY_ALIGNMENT(._log_msg_ptr.static.*)))
                0x00000000200000b0                _log_msg_ptr_list_end = .

log_dynamic_area
                0x00000000200000b0        0x0 load address 0x0000000000007d64
                0x00000000200000b0                _log_dynamic_list_start = .
 *(SORT_BY_NAME(SORT_BY_ALIGNMENT(._log_dynamic.static.*)))
                0x00000000200000b0                _log_dynamic_list_end = .

k_timer_area    0x00000000200000b0        0x0 load address 0x0000000000007d64
                0x00000000200000b0                _k_timer_list_start = .
 *(SORT_BY_NAME(SORT_BY_ALIGNMENT(._k_timer.static.*)))
                0x00000000200000b0                _k_timer_list_end = .

k_mem_slab_area
                0x00000000200000b0        0x0 load address 0x0000000000007d64
                0x00000000200000b0                _k_mem_slab_list_start = .
 *(SORT_BY_NAME(SORT_BY_ALIGNMENT(._k_mem_slab.static.*)))
                0x00000000200000b0                _k_mem_slab_list_end = .

k_heap_area     0x00000000200000b0        0x0 load address 0x0000000000007d64
                0x00000000200000b0                _k_heap_list_start = .
 *(SORT_BY_NAME(SORT_BY_ALIGNMENT(._k_heap.static.*)))
                0x00000000200000b0                _k_heap_list_end = .

k_mutex_area    0x00000000200000b0        0x0 load address 0x0000000000007d64
                0x00000000200000b0                _k_mutex_list_start = .
 *(SORT_BY_NAME(SORT_BY_ALIGNMENT(._k_mutex.static.*)))
                0x00000000200000b0                _k_mutex_list_end = .

k_stack_area    0x00000000200000b0        0x0 load address 0x0000000000007d64