Archive member included to satisfy reference by file (symbol)

app/libapp.a(main.c.obj)      (--whole-archive)
app/libapp.a(flash_map_extended.c.obj)
                              (--whole-archive)
app/libapp.a(os.c.obj)        (--whole-archive)
app/libapp.a(keys.c.obj)      (--whole-archive)
app/libapp.a(image_validate.c.obj)
                              (--whole-archive)
app/libapp.a(tlv.c.obj)       (--whole-archive)
app/libapp.a(encrypted.c.obj)
                              (--whole-archive)
app/libapp.a(image_rsa.c.obj)
                              (--whole-archive)
app/libapp.a(image_ecdsa.c.obj)
                              (--whole-archive)
app/libapp.a(image_ed25519.c.obj)
                              (--whole-archive)
app/libapp.a(bootutil_misc.c.obj)
                              (--whole-archive)
app/libapp.a(fault_injection_hardening.c.obj)
                              (--whole-archive)
app/libapp.a(loader.c.obj)    (--whole-archive)
app/libapp.a(swap_misc.c.obj)
                              (--whole-archive)
app/libapp.a(swap_scratch.c.obj)
                              (--whole-archive)
app/libapp.a(swap_move.c.obj)
                              (--whole-archive)
app/libapp.a(caps.c.obj)      (--whole-archive)
app/libapp.a(asn1parse.c.obj)
                              (--whole-archive)
app/libapp.a(platform_util.c.obj)
                              (--whole-archive)
app/libapp.a(ecc.c.obj)       (--whole-archive)
app/libapp.a(ecc_dsa.c.obj)   (--whole-archive)
app/libapp.a(sha256.c.obj)    (--whole-archive)
app/libapp.a(utils.c.obj)     (--whole-archive)
app/libapp.a(autogen-pubkey.c.obj)
                              (--whole-archive)
app/libapp.a(arm_cleanup.c.obj)
                              (--whole-archive)
app/libapp.a(nrf_cleanup.c.obj)
                              (--whole-archive)
zephyr/libzephyr.a(cbprintf_packaged.c.obj)
                              (--whole-archive)
zephyr/libzephyr.a(dec.c.obj)
                              (--whole-archive)
zephyr/libzephyr.a(fdtable.c.obj)
                              (--whole-archive)
zephyr/libzephyr.a(hex.c.obj)
                              (--whole-archive)
zephyr/libzephyr.a(printk.c.obj)
                              (--whole-archive)
zephyr/libzephyr.a(rb.c.obj)  (--whole-archive)
zephyr/libzephyr.a(sem.c.obj)
                              (--whole-archive)
zephyr/libzephyr.a(thread_entry.c.obj)
                              (--whole-archive)
zephyr/libzephyr.a(timeutil.c.obj)
                              (--whole-archive)
zephyr/libzephyr.a(heap.c.obj)
                              (--whole-archive)
zephyr/libzephyr.a(heap-validate.c.obj)
                              (--whole-archive)
zephyr/libzephyr.a(bitarray.c.obj)
                              (--whole-archive)
zephyr/libzephyr.a(multi_heap.c.obj)
                              (--whole-archive)
zephyr/libzephyr.a(onoff.c.obj)
                              (--whole-archive)
zephyr/libzephyr.a(notify.c.obj)
                              (--whole-archive)
zephyr/libzephyr.a(cbprintf_nano.c.obj)
                              (--whole-archive)
zephyr/libzephyr.a(cbprintf.c.obj)
                              (--whole-archive)
zephyr/libzephyr.a(assert.c.obj)
                              (--whole-archive)
zephyr/libzephyr.a(reboot.c.obj)
                              (--whole-archive)
zephyr/libzephyr.a(configs.c.obj)
                              (--whole-archive)
zephyr/libzephyr.a(soc_nrf_common.S.obj)
                              (--whole-archive)
zephyr/libzephyr.a(validate_base_addresses.c.obj)
                              (--whole-archive)
zephyr/libzephyr.a(validate_enabled_instances.c.obj)
                              (--whole-archive)
zephyr/libzephyr.a(log_minimal.c.obj)
                              (--whole-archive)
zephyr/libzephyr.a(flash_map.c.obj)
                              (--whole-archive)
zephyr/libzephyr.a(flash_map_layout.c.obj)
                              (--whole-archive)
zephyr/libzephyr.a(tracing_none.c.obj)
                              (--whole-archive)
zephyr/libzephyr.a(flash_map_partition_manager.c.obj)
                              (--whole-archive)
zephyr/arch/common/libarch__common.a(sw_isr_common.c.obj)
                              (--whole-archive)
zephyr/arch/arch/arm/core/aarch32/libarch__arm__core__aarch32.a(cpu_idle.S.obj)
                              (--whole-archive)
zephyr/arch/arch/arm/core/aarch32/libarch__arm__core__aarch32.a(fatal.c.obj)
                              (--whole-archive)
zephyr/arch/arch/arm/core/aarch32/libarch__arm__core__aarch32.a(irq_manage.c.obj)
                              (--whole-archive)
zephyr/arch/arch/arm/core/aarch32/libarch__arm__core__aarch32.a(nmi.c.obj)
                              (--whole-archive)
zephyr/arch/arch/arm/core/aarch32/libarch__arm__core__aarch32.a(nmi_on_reset.S.obj)
                              (--whole-archive)
[...]
Memory Configuration

Name             Origin             Length             Attributes
FLASH            0x0000000000000000 0x000000000000c000 xr
RAM              0x0000000020000000 0x0000000000010000 xw
IDT_LIST         0x00000000fffff7ff 0x0000000000000800 xw
*default*        0x0000000000000000 0xffffffffffffffff

Linker script and memory map

LOAD zephyr/CMakeFiles/zephyr_final.dir/misc/empty_file.c.obj
LOAD zephyr/CMakeFiles/zephyr_final.dir/isr_tables.c.obj
LOAD app/libapp.a
LOAD zephyr/libzephyr.a
LOAD zephyr/arch/common/libarch__common.a
LOAD zephyr/arch/arch/arm/core/aarch32/libarch__arm__core__aarch32.a
LOAD zephyr/arch/arch/arm/core/aarch32/cortex_m/libarch__arm__core__aarch32__cortex_m.a
LOAD zephyr/arch/arch/arm/core/aarch32/mpu/libarch__arm__core__aarch32__mpu.a
LOAD zephyr/lib/libc/minimal/liblib__libc__minimal.a
LOAD zephyr/lib/libc/common/liblib__libc__common.a
LOAD zephyr/soc/soc/arm/common/cortex_m/libsoc__arm__common__cortex_m.a
LOAD zephyr/soc/soc/arm/nordic_nrf/nrf52/libsoc__arm__nordic_nrf__nrf52.a
LOAD zephyr/drivers/clock_control/libdrivers__clock_control.a
LOAD zephyr/drivers/console/libdrivers__console.a
LOAD zephyr/drivers/flash/libdrivers__flash.a
LOAD zephyr/drivers/gpio/libdrivers__gpio.a
LOAD zephyr/drivers/pinctrl/libdrivers__pinctrl.a
LOAD zephyr/drivers/serial/libdrivers__serial.a
LOAD zephyr/drivers/timer/libdrivers__timer.a
LOAD modules/nrf/lib/fprotect/lib..__nrf__lib__fprotect.a
LOAD modules/nrf/lib/fatal_error/lib..__nrf__lib__fatal_error.a
LOAD modules/mcuboot/boot/bootutil/zephyr/libmcuboot_util.a
LOAD modules/hal_nordic/nrfx/libmodules__hal_nordic__nrfx.a
LOAD modules/segger/libmodules__segger.a
LOAD zephyr/kernel/libkernel.a
LOAD zephyr/CMakeFiles/offsets.dir/./arch/arm/core/offsets/offsets.c.obj
LOAD c:/ncs/toolchains/c57af46cb7/opt/zephyr-sdk/arm-zephyr-eabi/bin/../lib/gcc/arm-zephyr-eabi/12.2.0/thumb/v7e-m/nofp\libgcc.a
LOAD zephyr/arch/common/libisr_tables.a
                0x0000000000000020                _region_min_align = 0x20

.rel.plt        0x0000000000000000        0x0
 *(SORT_BY_ALIGNMENT(.rel.plt))
                [!provide]                        PROVIDE (__rel_iplt_start = .)
 *(SORT_BY_ALIGNMENT(.rel.iplt))
 .rel.iplt      0x0000000000000000        0x0 zephyr/CMakeFiles/zephyr_final.dir/isr_tables.c.obj
                [!provide]                        PROVIDE (__rel_iplt_end = .)

.rela.plt       0x0000000000000000        0x0
 *(SORT_BY_ALIGNMENT(.rela.plt))
                [!provide]                        PROVIDE (__rela_iplt_start = .)
 *(SORT_BY_ALIGNMENT(.rela.iplt))
                [!provide]                        PROVIDE (__rela_iplt_end = .)

.rel.dyn
 *(SORT_BY_ALIGNMENT(.rel.*))

.rela.dyn
 *(SORT_BY_ALIGNMENT(.rela.*))

/DISCARD/
 *(SORT_BY_ALIGNMENT(.plt))

/DISCARD/
 *(SORT_BY_ALIGNMENT(.iplt))
                0x0000000000000000                __rom_region_start = 0x0

rom_start       0x0000000000000000       0xdc
                0x0000000000000000                __rom_start_address = .
                0x0000000000000000                . = (. + (0x0 - (. - __rom_start_address)))
                0x0000000000000000                . = ALIGN (0x4)
                0x0000000000000000                . = ALIGN (0x80)
                0x0000000000000000                . = ALIGN (0x100)
                0x0000000000000000                _vector_start = .
 *(SORT_BY_ALIGNMENT(.exc_vector_table))
 *(SORT_BY_ALIGNMENT(.exc_vector_table.*))
 .exc_vector_table._vector_table_section
                0x0000000000000000       0x40 zephyr/arch/arch/arm/core/aarch32/cortex_m/libarch__arm__core__aarch32__cortex_m.a(vector_table.S.obj)
                0x0000000000000000                _vector_table
 *(SORT_BY_ALIGNMENT(.vectors))
                0x00000000000000dc                _vector_end = .
                0x0000000000000040                . = ALIGN (0x4)
 *(SORT_BY_ALIGNMENT(.gnu.linkonce.irq_vector_table*))
 .gnu.linkonce.irq_vector_table
                0x0000000000000040       0x9c zephyr/CMakeFiles/zephyr_final.dir/isr_tables.c.obj
                0x0000000000000040                _irq_vector_table
                0x00000000000000dc                _vector_end = .

text            0x00000000000000dc     0x62e0
                0x00000000000000dc                __text_region_start = .
 *(SORT_BY_ALIGNMENT(.text))
 .text          0x00000000000000dc       0x30 c:/ncs/toolchains/c57af46cb7/opt/zephyr-sdk/arm-zephyr-eabi/bin/../lib/gcc/arm-zephyr-eabi/12.2.0/thumb/v7e-m/nofp\libgcc.a(_aeabi_uldivmod.o)
                0x00000000000000dc                __aeabi_uldivmod
 .text          0x000000000000010c        0x4 c:/ncs/toolchains/c57af46cb7/opt/zephyr-sdk/arm-zephyr-eabi/bin/../lib/gcc/arm-zephyr-eabi/12.2.0/thumb/v7e-m/nofp\libgcc.a(_dvmd_tls.o)
                0x000000000000010c                __aeabi_idiv0
                0x000000000000010c                __aeabi_ldiv0
 .text          0x0000000000000110      0x2a0 c:/ncs/toolchains/c57af46cb7/opt/zephyr-sdk/arm-zephyr-eabi/bin/../lib/gcc/arm-zephyr-eabi/12.2.0/thumb/v7e-m/nofp\libgcc.a(_udivmoddi4.o)
                0x0000000000000110                __udivmoddi4
 *(SORT_BY_ALIGNMENT(.text.*))
 .text.main     0x00000000000003b0       0xe0 app/libapp.a(main.c.obj)
                0x00000000000003b0                main
 .text.flash_device_base
                0x0000000000000490       0x20 app/libapp.a(flash_map_extended.c.obj)
                0x0000000000000490                flash_device_base
 .text.flash_area_id_from_multi_image_slot
                0x00000000000004b0       0x24 app/libapp.a(flash_map_extended.c.obj)
                0x00000000000004b0                flash_area_id_from_multi_image_slot
 .text.bootutil_img_validate
                0x00000000000004d4      0x1c4 app/libapp.a(image_validate.c.obj)
                0x00000000000004d4                bootutil_img_validate
 .text.bootutil_verify_sig
                0x0000000000000698      0x108 app/libapp.a(image_ecdsa.c.obj)
                0x0000000000000698                bootutil_verify_sig
 .text.boot_status_entries
                0x00000000000007a0       0x2c app/libapp.a(bootutil_misc.c.obj)
                0x00000000000007a0                boot_status_entries
 .text.boot_find_status
                0x00000000000007cc       0x48 app/libapp.a(bootutil_misc.c.obj)
                0x00000000000007cc                boot_find_status
 .text.bootutil_max_image_size
                0x0000000000000814       0x2c app/libapp.a(bootutil_misc.c.obj)
                0x0000000000000814                bootutil_max_image_size
 .text.boot_validate_slot.isra.0
                0x0000000000000840      0x100 app/libapp.a(loader.c.obj)
 .text.boot_swap_image.isra.0
                0x0000000000000940       0x88 app/libapp.a(loader.c.obj)
 .text.boot_copy_region
                0x00000000000009c8       0x84 app/libapp.a(loader.c.obj)
                0x00000000000009c8                boot_copy_region
 .text.context_boot_go
                0x0000000000000a4c      0x268 app/libapp.a(loader.c.obj)
                0x0000000000000a4c                context_boot_go
 .text.boot_go  0x0000000000000cb4       0x20 app/libapp.a(loader.c.obj)
                0x0000000000000cb4                boot_go
 .text.swap_set_copy_done
                0x0000000000000cd4       0x2c app/libapp.a(swap_misc.c.obj)
                0x0000000000000cd4                swap_set_copy_done
 .text.swap_set_image_ok
                0x0000000000000d00       0x44 app/libapp.a(swap_misc.c.obj)
                0x0000000000000d00                swap_set_image_ok
 .text.boot_read_image_header
                0x0000000000000d44       0xcc app/libapp.a(swap_move.c.obj)
                0x0000000000000d44                boot_read_image_header
 .text.swap_read_status_bytes
                0x0000000000000e10       0xc8 app/libapp.a(swap_move.c.obj)
                0x0000000000000e10                swap_read_status_bytes
 .text.boot_slots_compatible
                0x0000000000000ed8       0x6c app/libapp.a(swap_move.c.obj)
                0x0000000000000ed8                boot_slots_compatible
 .text.swap_status_source
                0x0000000000000f44       0xcc app/libapp.a(swap_move.c.obj)
                0x0000000000000f44                swap_status_source
 .text.fixup_revert
                0x0000000000001010       0x98 app/libapp.a(swap_move.c.obj)
                0x0000000000001010                fixup_revert
 .text.swap_run
                0x00000000000010a8      0x1f0 app/libapp.a(swap_move.c.obj)
                0x00000000000010a8                swap_run
 .text.mbedtls_platform_zeroize
                0x0000000000001298       0x14 app/libapp.a(platform_util.c.obj)
                0x0000000000001298                mbedtls_platform_zeroize
 .text.vli_mmod_fast_secp256r1
                0x00000000000012ac      0x184 app/libapp.a(ecc.c.obj)
                0x00000000000012ac                vli_mmod_fast_secp256r1
 .text.uECC_secp256r1
                0x0000000000001430        0x8 app/libapp.a(ecc.c.obj)
                0x0000000000001430                uECC_secp256r1
 .text.compress
                0x0000000000001438      0x1d0 app/libapp.a(sha256.c.obj)
 .text.tc_sha256_init
                0x0000000000001608       0x58 app/libapp.a(sha256.c.obj)
                0x0000000000001608                tc_sha256_init
 .text.cleanup_arm_nvic
                0x0000000000001660       0x54 app/libapp.a(arm_cleanup.c.obj)
                0x0000000000001660                cleanup_arm_nvic
 .text.nrf_cleanup_peripheral
                0x00000000000016b4       0x54 app/libapp.a(nrf_cleanup.c.obj)
                0x00000000000016b4                nrf_cleanup_peripheral
 .text.char_out
                0x0000000000001708        0xc zephyr/libzephyr.a(printk.c.obj)
 .text.__printk_hook_install
                0x0000000000001714        0xc zephyr/libzephyr.a(printk.c.obj)
                0x0000000000001714                __printk_hook_install
 .text.vprintk  0x0000000000001720       0x1c zephyr/libzephyr.a(printk.c.obj)
                0x0000000000001720                vprintk
 .text.process_event
                0x000000000000173c      0x21c zephyr/libzephyr.a(onoff.c.obj)
 .text.z_cbvprintf_impl
                0x0000000000001958      0x444 zephyr/libzephyr.a(cbprintf_nano.c.obj)
                0x0000000000001958                z_cbvprintf_impl
 .text.z_arm_platform_init
                0x0000000000001d9c        0x4 zephyr/libzephyr.a(soc_nrf_common.S.obj)
                0x0000000000001d9c                z_arm_platform_init
 .text.flash_area_open
                0x0000000000001da0       0x50 zephyr/libzephyr.a(flash_map.c.obj)
                0x0000000000001da0                flash_area_open
 .text.flash_area_get_sectors
                0x0000000000001df0       0x60 zephyr/libzephyr.a(flash_map_layout.c.obj)
                0x0000000000001df0                flash_area_get_sectors
 .text.z_arm_cpu_idle_init
                0x0000000000001e50        0xc zephyr/arch/arch/arm/core/aarch32/libarch__arm__core__aarch32.a(cpu_idle.S.obj)
                0x0000000000001e50                z_arm_cpu_idle_init
 .text.arch_cpu_atomic_idle
                0x0000000000001e5c       0x18 zephyr/arch/arch/arm/core/aarch32/libarch__arm__core__aarch32.a(cpu_idle.S.obj)
                0x0000000000001e5c                arch_cpu_atomic_idle
 .text.arch_irq_enable
                0x0000000000001e74       0x1c zephyr/arch/arch/arm/core/aarch32/libarch__arm__core__aarch32.a(irq_manage.c.obj)
                0x0000000000001e74                arch_irq_enable
 .text.arch_irq_disable
                0x0000000000001e90       0x28 zephyr/arch/arch/arm/core/aarch32/libarch__arm__core__aarch32.a(irq_manage.c.obj)
                0x0000000000001e90                arch_irq_disable
 .text.arch_irq_is_enabled
                0x0000000000001eb8       0x1c zephyr/arch/arch/arm/core/aarch32/libarch__arm__core__aarch32.a(irq_manage.c.obj)
                0x0000000000001eb8                arch_irq_is_enabled
 .text.z_arm_irq_priority_set
                0x0000000000001ed4       0x30 zephyr/arch/arch/arm/core/aarch32/libarch__arm__core__aarch32.a(irq_manage.c.obj)
                0x0000000000001ed4                z_arm_irq_priority_set
 .text.z_SysNmiOnReset
                0x0000000000001f04        0x8 zephyr/arch/arch/arm/core/aarch32/libarch__arm__core__aarch32.a(nmi_on_reset.S.obj)
                0x0000000000001f04                z_SysNmiOnReset
 .text.z_arm_prep_c
                0x0000000000001f0c       0x38 zephyr/arch/arch/arm/core/aarch32/libarch__arm__core__aarch32.a(prep_c.c.obj)
                0x0000000000001f0c                z_arm_prep_c
 .text.z_arm_svc
                0x0000000000001f44       0x20 zephyr/arch/arch/arm/core/aarch32/libarch__arm__core__aarch32.a(swap_helper.S.obj)
                0x0000000000001f44                z_arm_svc
 .text.z_check_thread_stack_fail
                0x0000000000001f64       0x2c zephyr/arch/arch/arm/core/aarch32/libarch__arm__core__aarch32.a(thread.c.obj)
                0x0000000000001f64                z_check_thread_stack_fail
 .text.z_arm_switch_to_main_no_multithreading
                0x0000000000001f90       0x30 zephyr/arch/arch/arm/core/aarch32/libarch__arm__core__aarch32.a(thread.c.obj)
                0x0000000000001f90                z_arm_switch_to_main_no_multithreading
 .text._isr_wrapper
                0x0000000000001fc0       0x28 zephyr/arch/arch/arm/core/aarch32/libarch__arm__core__aarch32.a(isr_wrapper.S.obj)
                0x0000000000001fc0                _isr_wrapper
 .text._HandlerModeExit
                0x0000000000001fe8        0x4 zephyr/arch/arch/arm/core/aarch32/cortex_m/libarch__arm__core__aarch32__cortex_m.a(exc_exit.S.obj)
                0x0000000000001fe8                z_arm_int_exit
                0x0000000000001fe8                z_arm_exc_exit
 .text.mem_manage_fault
                0x0000000000001fec       0xa0 zephyr/arch/arch/arm/core/aarch32/cortex_m/libarch__arm__core__aarch32__cortex_m.a(fault.c.obj)
 .text.usage_fault.constprop.0
                0x000000000000208c       0x54 zephyr/arch/arch/arm/core/aarch32/cortex_m/libarch__arm__core__aarch32__cortex_m.a(fault.c.obj)
 .text.bus_fault.constprop.0
                0x00000000000020e0       0x6c zephyr/arch/arch/arm/core/aarch32/cortex_m/libarch__arm__core__aarch32__cortex_m.a(fault.c.obj)
 .text.z_arm_fault
                0x000000000000214c      0x11c zephyr/arch/arch/arm/core/aarch32/cortex_m/libarch__arm__core__aarch32__cortex_m.a(fault.c.obj)
                0x000000000000214c                z_arm_fault
 .text.z_arm_fault_init
                0x0000000000002268       0x10 zephyr/arch/arch/arm/core/aarch32/cortex_m/libarch__arm__core__aarch32__cortex_m.a(fault.c.obj)
                0x0000000000002268                z_arm_fault_init
 .text.__fault  0x0000000000002278       0x14 zephyr/arch/arch/arm/core/aarch32/cortex_m/libarch__arm__core__aarch32__cortex_m.a(fault_s.S.obj)
                0x0000000000002278                z_arm_usage_fault
                0x0000000000002278                z_arm_mpu_fault
                0x0000000000002278                z_arm_exc_spurious
                0x0000000000002278                z_arm_debug_monitor
                0x0000000000002278                z_arm_hard_fault
                0x0000000000002278                z_arm_bus_fault
 .text.z_arm_interrupt_init
                0x000000000000228c       0x18 zephyr/arch/arch/arm/core/aarch32/cortex_m/libarch__arm__core__aarch32__cortex_m.a(irq_init.c.obj)
                0x000000000000228c                z_arm_interrupt_init
 .text._reset_section
                0x00000000000022a4       0x54 zephyr/arch/arch/arm/core/aarch32/cortex_m/libarch__arm__core__aarch32__cortex_m.a(reset.S.obj)
                0x00000000000022a4                __start
                0x00000000000022a4                z_arm_reset
 .text.sys_arch_reboot
                0x00000000000022f8       0x24 zephyr/arch/arch/arm/core/aarch32/cortex_m/libarch__arm__core__aarch32__cortex_m.a(scb.c.obj)
                0x00000000000022f8                sys_arch_reboot
 .text.z_arm_clear_arm_mpu_config
                0x000000000000231c       0x24 zephyr/arch/arch/arm/core/aarch32/cortex_m/libarch__arm__core__aarch32__cortex_m.a(scb.c.obj)
                0x000000000000231c                z_arm_clear_arm_mpu_config
 .text.z_arm_init_arch_hw_at_boot
                0x0000000000002340       0x64 zephyr/arch/arch/arm/core/aarch32/cortex_m/libarch__arm__core__aarch32__cortex_m.a(scb.c.obj)
                0x0000000000002340                z_arm_init_arch_hw_at_boot
 .text.z_arm_configure_static_mpu_regions
                0x00000000000023a4       0x18 zephyr/arch/arch/arm/core/aarch32/mpu/libarch__arm__core__aarch32__mpu.a(arm_core_mpu.c.obj)
                0x00000000000023a4                z_arm_configure_static_mpu_regions
 .text.mpu_configure_regions
                0x00000000000023bc       0x88 zephyr/arch/arch/arm/core/aarch32/mpu/libarch__arm__core__aarch32__mpu.a(arm_mpu.c.obj)
 .text.arm_core_mpu_enable
                0x0000000000002444       0x18 zephyr/arch/arch/arm/core/aarch32/mpu/libarch__arm__core__aarch32__mpu.a(arm_mpu.c.obj)
                0x0000000000002444                arm_core_mpu_enable
 .text.arm_core_mpu_disable
                0x000000000000245c       0x14 zephyr/arch/arch/arm/core/aarch32/mpu/libarch__arm__core__aarch32__mpu.a(arm_mpu.c.obj)
                0x000000000000245c                arm_core_mpu_disable
 .text.arm_core_mpu_configure_static_mpu_regions
                0x0000000000002470       0x14 zephyr/arch/arch/arm/core/aarch32/mpu/libarch__arm__core__aarch32__mpu.a(arm_mpu.c.obj)
                0x0000000000002470                arm_core_mpu_configure_static_mpu_regions
 .text.z_arm_mpu_init
                0x0000000000002484       0x60 zephyr/arch/arch/arm/core/aarch32/mpu/libarch__arm__core__aarch32__mpu.a(arm_mpu.c.obj)
                0x0000000000002484                z_arm_mpu_init
 .text.__stdout_hook_install
                0x00000000000024e4        0xc zephyr/lib/libc/minimal/liblib__libc__minimal.a(stdout_console.c.obj)
                0x00000000000024e4                __stdout_hook_install
 .text.nordicsemi_nrf52_init
                0x00000000000024f0       0x18 zephyr/soc/soc/arm/nordic_nrf/nrf52/libsoc__arm__nordic_nrf__nrf52.a(soc.c.obj)
 .text.arch_busy_wait
                0x0000000000002508       0x14 zephyr/soc/soc/arm/nordic_nrf/nrf52/libsoc__arm__nordic_nrf__nrf52.a(soc.c.obj)
                0x0000000000002508                arch_busy_wait
 .text.onoff_stop
                0x000000000000251c       0x30 zephyr/drivers/clock_control/libdrivers__clock_control.a(clock_control_nrf.c.obj)
 .text.onoff_start
                0x000000000000254c       0x44 zephyr/drivers/clock_control/libdrivers__clock_control.a(clock_control_nrf.c.obj)
 .text.generic_hfclk_stop
                0x0000000000002590       0x34 zephyr/drivers/clock_control/libdrivers__clock_control.a(clock_control_nrf.c.obj)
 .text.clk_init
                0x00000000000025c4       0x58 zephyr/drivers/clock_control/libdrivers__clock_control.a(clock_control_nrf.c.obj)
 .text.clkstarted_handle.constprop.0
                0x000000000000261c       0x34 zephyr/drivers/clock_control/libdrivers__clock_control.a(clock_control_nrf.c.obj)
 .text.clock_event_handler
                0x0000000000002650       0x1c zephyr/drivers/clock_control/libdrivers__clock_control.a(clock_control_nrf.c.obj)
 .text.generic_hfclk_start
                0x000000000000266c       0x64 zephyr/drivers/clock_control/libdrivers__clock_control.a(clock_control_nrf.c.obj)
 .text.lfclk_start
                0x00000000000026d0       0x24 zephyr/drivers/clock_control/libdrivers__clock_control.a(clock_control_nrf.c.obj)
 .text.z_nrf_clock_control_lf_on
                0x00000000000026f4       0xf4 zephyr/drivers/clock_control/libdrivers__clock_control.a(clock_control_nrf.c.obj)
                0x00000000000026f4                z_nrf_clock_control_lf_on
 .text.uart_console_init
                0x00000000000027e8       0x28 zephyr/drivers/console/libdrivers__console.a(uart_console.c.obj)
 .text.console_out
                0x0000000000002810       0x28 zephyr/drivers/console/libdrivers__console.a(uart_console.c.obj)
 .text.flash_nrf_pages_layout
                0x0000000000002838       0x10 zephyr/drivers/flash/libdrivers__flash.a(soc_flash_nrf.c.obj)
 .text.flash_nrf_get_parameters
                0x0000000000002848        0x8 zephyr/drivers/flash/libdrivers__flash.a(soc_flash_nrf.c.obj)
 .text.nrf_flash_init
                0x0000000000002850       0x18 zephyr/drivers/flash/libdrivers__flash.a(soc_flash_nrf.c.obj)
 .text.flash_nrf_write
                0x0000000000002868       0x4c zephyr/drivers/flash/libdrivers__flash.a(soc_flash_nrf.c.obj)
 .text.gpio_nrfx_pin_interrupt_configure
                0x00000000000028b4       0xd8 zephyr/drivers/gpio/libdrivers__gpio.a(gpio_nrfx.c.obj)
 .text.gpio_nrfx_init
                0x000000000000298c       0x38 zephyr/drivers/gpio/libdrivers__gpio.a(gpio_nrfx.c.obj)
 .text.nrfx_gpio_handler
                0x00000000000029c4       0x3c zephyr/drivers/gpio/libdrivers__gpio.a(gpio_nrfx.c.obj)
 .text.gpio_nrfx_pin_configure
                0x0000000000002a00      0x128 zephyr/drivers/gpio/libdrivers__gpio.a(gpio_nrfx.c.obj)
 .text.pinctrl_configure_pins
                0x0000000000002b28      0x150 zephyr/drivers/pinctrl/libdrivers__pinctrl.a(pinctrl_nrf.c.obj)
                0x0000000000002b28                pinctrl_configure_pins
 .text.uarte_nrfx_poll_out
                0x0000000000002c78       0xc4 zephyr/drivers/serial/libdrivers__serial.a(uart_nrfx_uarte.c.obj)
 .text.uarte_nrfx_configure
                0x0000000000002d3c      0x15c zephyr/drivers/serial/libdrivers__serial.a(uart_nrfx_uarte.c.obj)
 .text.uarte_0_init
                0x0000000000002e98       0xe8 zephyr/drivers/serial/libdrivers__serial.a(uart_nrfx_uarte.c.obj)
 .text.compare_int_lock
                0x0000000000002f80       0x48 zephyr/drivers/timer/libdrivers__timer.a(nrf_rtc_timer.c.obj)
 .text.sys_clock_timeout_handler
                0x0000000000002fc8       0x48 zephyr/drivers/timer/libdrivers__timer.a(nrf_rtc_timer.c.obj)
 .text.compare_int_unlock
                0x0000000000003010       0x5c zephyr/drivers/timer/libdrivers__timer.a(nrf_rtc_timer.c.obj)
 .text.z_nrf_rtc_timer_read
                0x000000000000306c       0x44 zephyr/drivers/timer/libdrivers__timer.a(nrf_rtc_timer.c.obj)
                0x000000000000306c                z_nrf_rtc_timer_read
 .text.compare_set
                0x00000000000030b0      0x130 zephyr/drivers/timer/libdrivers__timer.a(nrf_rtc_timer.c.obj)
 .text.sys_clock_driver_init
                0x00000000000031e0       0x90 zephyr/drivers/timer/libdrivers__timer.a(nrf_rtc_timer.c.obj)
 .text.rtc_nrf_isr
                0x0000000000003270       0xd4 zephyr/drivers/timer/libdrivers__timer.a(nrf_rtc_timer.c.obj)
                0x0000000000003270                rtc_nrf_isr
 .text.sys_clock_set_timeout
                0x0000000000003344       0x68 zephyr/drivers/timer/libdrivers__timer.a(nrf_rtc_timer.c.obj)
                0x0000000000003344                sys_clock_set_timeout
 .text.sys_clock_elapsed
                0x00000000000033ac       0x14 zephyr/drivers/timer/libdrivers__timer.a(nrf_rtc_timer.c.obj)
                0x00000000000033ac                sys_clock_elapsed
 .text.sys_clock_disable
                0x00000000000033c0       0x30 zephyr/drivers/timer/libdrivers__timer.a(nrf_rtc_timer.c.obj)
                0x00000000000033c0                sys_clock_disable
 .text.boot_write_magic
                0x00000000000033f0       0x40 modules/mcuboot/boot/bootutil/zephyr/libmcuboot_util.a(bootutil_public.c.obj)
                0x00000000000033f0                boot_write_magic
 .text.boot_read_swap_state
                0x0000000000003430       0xac modules/mcuboot/boot/bootutil/zephyr/libmcuboot_util.a(bootutil_public.c.obj)
                0x0000000000003430                boot_read_swap_state
 .text.boot_swap_type_multi
                0x00000000000034dc      0x100 modules/mcuboot/boot/bootutil/zephyr/libmcuboot_util.a(bootutil_public.c.obj)
                0x00000000000034dc                boot_swap_type_multi
 .text.nrf52_errata_16
                0x00000000000035dc       0x28 modules/hal_nordic/nrfx/libmodules__hal_nordic__nrfx.a(system_nrf52.c.obj)
 .text.nvmc_wait
                0x0000000000003604       0x10 modules/hal_nordic/nrfx/libmodules__hal_nordic__nrfx.a(system_nrf52.c.obj)
                0x0000000000003604                nvmc_wait
 .text.SystemInit
                0x0000000000003614      0x278 modules/hal_nordic/nrfx/libmodules__hal_nordic__nrfx.a(system_nrf52.c.obj)
                0x0000000000003614                SystemInit
 .text.nrfx_flag32_alloc
                0x000000000000388c       0x48 modules/hal_nordic/nrfx/libmodules__hal_nordic__nrfx.a(nrfx_flag32_allocator.c.obj)
                0x000000000000388c                nrfx_flag32_alloc
 .text.nrfx_flag32_free
                0x00000000000038d4       0x40 modules/hal_nordic/nrfx/libmodules__hal_nordic__nrfx.a(nrfx_flag32_allocator.c.obj)
                0x00000000000038d4                nrfx_flag32_free
 .text.nrfx_gppi_channels_enable
                0x0000000000003914        0xc modules/hal_nordic/nrfx/libmodules__hal_nordic__nrfx.a(nrfx_gppi_ppi.c.obj)
                0x0000000000003914                nrfx_gppi_channels_enable
 .text.clock_stop
                0x0000000000003920       0xc4 modules/hal_nordic/nrfx/libmodules__hal_nordic__nrfx.a(nrfx_clock.c.obj)
 .text.nrfx_clock_init
                0x00000000000039e4       0x20 modules/hal_nordic/nrfx/libmodules__hal_nordic__nrfx.a(nrfx_clock.c.obj)
                0x00000000000039e4                nrfx_clock_init
 .text.nrfx_clock_start
                0x0000000000003a04       0xb0 modules/hal_nordic/nrfx/libmodules__hal_nordic__nrfx.a(nrfx_clock.c.obj)
                0x0000000000003a04                nrfx_clock_start
 .text.nrfx_power_clock_irq_handler
                0x0000000000003ab4       0x68 modules/hal_nordic/nrfx/libmodules__hal_nordic__nrfx.a(nrfx_clock.c.obj)
                0x0000000000003ab4                nrfx_power_clock_irq_handler
 .text.pin_in_use_by_te
                0x0000000000003b1c       0x14 modules/hal_nordic/nrfx/libmodules__hal_nordic__nrfx.a(nrfx_gpiote.c.obj)
 .text.pin_is_output
                0x0000000000003b30       0x14 modules/hal_nordic/nrfx/libmodules__hal_nordic__nrfx.a(nrfx_gpiote.c.obj)
 .text.pin_te_get
                0x0000000000003b44       0x14 modules/hal_nordic/nrfx/libmodules__hal_nordic__nrfx.a(nrfx_gpiote.c.obj)
 .text.call_handler
                0x0000000000003b58       0x3c modules/hal_nordic/nrfx/libmodules__hal_nordic__nrfx.a(nrfx_gpiote.c.obj)
 .text.release_handler
                0x0000000000003b94       0x54 modules/hal_nordic/nrfx/libmodules__hal_nordic__nrfx.a(nrfx_gpiote.c.obj)
 .text.__nrfy_internal_gpiote_events_process.constprop.0
                0x0000000000003be8       0x54 modules/hal_nordic/nrfx/libmodules__hal_nordic__nrfx.a(nrfx_gpiote.c.obj)
 .text.nrfx_gpiote_input_configure
                0x0000000000003c3c      0x160 modules/hal_nordic/nrfx/libmodules__hal_nordic__nrfx.a(nrfx_gpiote.c.obj)
                0x0000000000003c3c                nrfx_gpiote_input_configure
 .text.nrfx_gpiote_output_configure
                0x0000000000003d9c       0xec modules/hal_nordic/nrfx/libmodules__hal_nordic__nrfx.a(nrfx_gpiote.c.obj)
                0x0000000000003d9c                nrfx_gpiote_output_configure
 .text.nrfx_gpiote_global_callback_set
                0x0000000000003e88        0xc modules/hal_nordic/nrfx/libmodules__hal_nordic__nrfx.a(nrfx_gpiote.c.obj)
                0x0000000000003e88                nrfx_gpiote_global_callback_set
 .text.nrfx_gpiote_channel_get
                0x0000000000003e94       0x2c modules/hal_nordic/nrfx/libmodules__hal_nordic__nrfx.a(nrfx_gpiote.c.obj)
                0x0000000000003e94                nrfx_gpiote_channel_get
 .text.nrfx_gpiote_init
                0x0000000000003ec0       0x50 modules/hal_nordic/nrfx/libmodules__hal_nordic__nrfx.a(nrfx_gpiote.c.obj)
                0x0000000000003ec0                nrfx_gpiote_init
 .text.nrfx_gpiote_is_init
                0x0000000000003f10       0x14 modules/hal_nordic/nrfx/libmodules__hal_nordic__nrfx.a(nrfx_gpiote.c.obj)
                0x0000000000003f10                nrfx_gpiote_is_init
 .text.nrfx_gpiote_channel_free
                0x0000000000003f24        0xc modules/hal_nordic/nrfx/libmodules__hal_nordic__nrfx.a(nrfx_gpiote.c.obj)
                0x0000000000003f24                nrfx_gpiote_channel_free
 .text.nrfx_gpiote_channel_alloc
                0x0000000000003f30        0xc modules/hal_nordic/nrfx/libmodules__hal_nordic__nrfx.a(nrfx_gpiote.c.obj)
                0x0000000000003f30                nrfx_gpiote_channel_alloc
 .text.nrfx_gpiote_trigger_enable
                0x0000000000003f3c       0x98 modules/hal_nordic/nrfx/libmodules__hal_nordic__nrfx.a(nrfx_gpiote.c.obj)
                0x0000000000003f3c                nrfx_gpiote_trigger_enable
 .text.nrfx_gpiote_trigger_disable
                0x0000000000003fd4       0x4c modules/hal_nordic/nrfx/libmodules__hal_nordic__nrfx.a(nrfx_gpiote.c.obj)
                0x0000000000003fd4                nrfx_gpiote_trigger_disable
 .text.nrfx_gpiote_pin_uninit
                0x0000000000004020       0x78 modules/hal_nordic/nrfx/libmodules__hal_nordic__nrfx.a(nrfx_gpiote.c.obj)
                0x0000000000004020                nrfx_gpiote_pin_uninit
 .text.nrfx_gpiote_irq_handler
                0x0000000000004098      0x15c modules/hal_nordic/nrfx/libmodules__hal_nordic__nrfx.a(nrfx_gpiote.c.obj)
                0x0000000000004098                nrfx_gpiote_irq_handler
 .text.nvmc_word_write
                0x00000000000041f4       0x18 modules/hal_nordic/nrfx/libmodules__hal_nordic__nrfx.a(nrfx_nvmc.c.obj)
 .text.nrfx_nvmc_page_erase
                0x000000000000420c       0x40 modules/hal_nordic/nrfx/libmodules__hal_nordic__nrfx.a(nrfx_nvmc.c.obj)
                0x000000000000420c                nrfx_nvmc_page_erase
 .text.nrfx_nvmc_word_write
                0x000000000000424c       0x1c modules/hal_nordic/nrfx/libmodules__hal_nordic__nrfx.a(nrfx_nvmc.c.obj)
                0x000000000000424c                nrfx_nvmc_word_write
 .text.nrfx_ppi_channel_alloc
                0x0000000000004268        0xc modules/hal_nordic/nrfx/libmodules__hal_nordic__nrfx.a(nrfx_ppi.c.obj)
                0x0000000000004268                nrfx_ppi_channel_alloc
 .text._DoInit  0x0000000000004274       0x68 modules/segger/libmodules__segger.a(SEGGER_RTT.c.obj)
 .text.z_sys_init_run_level
                0x00000000000042dc       0x48 zephyr/kernel/libkernel.a(init.c.obj)
 .text.bg_thread_main
                0x0000000000004324       0x30 zephyr/kernel/libkernel.a(init.c.obj)
 .text.z_bss_zero
                0x0000000000004354       0x18 zephyr/kernel/libkernel.a(init.c.obj)
                0x0000000000004354                z_bss_zero
 .text.z_cstart
                0x000000000000436c       0x78 zephyr/kernel/libkernel.a(init.c.obj)
                0x000000000000436c                z_cstart
 .text.z_data_copy
                0x00000000000043e4       0x34 zephyr/kernel/libkernel.a(xip.c.obj)
                0x00000000000043e4                z_data_copy
 .text.elapsed  0x0000000000004418       0x14 zephyr/kernel/libkernel.a(timeout.c.obj)
 .text.next_timeout
                0x000000000000442c       0x40 zephyr/kernel/libkernel.a(timeout.c.obj)
 .text.remove_timeout
                0x000000000000446c       0x38 zephyr/kernel/libkernel.a(timeout.c.obj)
 .text.sys_clock_announce
                0x00000000000044a4       0xd0 zephyr/kernel/libkernel.a(timeout.c.obj)
                0x00000000000044a4                sys_clock_announce
 .text.boot_banner
                0x0000000000004574        0xc zephyr/kernel/libkernel.a(banner.c.obj)
                0x0000000000004574                boot_banner
 .text.flash_area_get_device_id
                0x0000000000004580        0x4 app/libapp.a(flash_map_extended.c.obj)
                0x0000000000004580                flash_area_get_device_id
 .text.flash_area_get_sector
                0x0000000000004584       0x32 app/libapp.a(flash_map_extended.c.obj)
                0x0000000000004584                flash_area_get_sector
 .text.os_heap_init
                0x00000000000045b6        0x2 app/libapp.a(os.c.obj)
                0x00000000000045b6                os_heap_init
 .text.bootutil_tlv_iter_begin
                0x00000000000045b8       0x9c app/libapp.a(tlv.c.obj)
                0x00000000000045b8                bootutil_tlv_iter_begin
 .text.bootutil_tlv_iter_next
                0x0000000000004654       0x98 app/libapp.a(tlv.c.obj)
                0x0000000000004654                bootutil_tlv_iter_next
 .text.bootutil_read_bigint
                0x00000000000046ec       0x58 app/libapp.a(image_ecdsa.c.obj)
 .text.boot_fih_memequal
                0x0000000000004744        0x4 app/libapp.a(bootutil_misc.c.obj)
                0x0000000000004744                boot_fih_memequal
 .text.boot_trailer_sz
                0x0000000000004748        0xa app/libapp.a(bootutil_misc.c.obj)
                0x0000000000004748                boot_trailer_sz
 .text.boot_status_off
                0x0000000000004752       0x16 app/libapp.a(bootutil_misc.c.obj)
                0x0000000000004752                boot_status_off
 .text.boot_read_swap_size
                0x0000000000004768       0x1c app/libapp.a(bootutil_misc.c.obj)
                0x0000000000004768                boot_read_swap_size
 .text.boot_write_swap_size
                0x0000000000004784       0x1e app/libapp.a(bootutil_misc.c.obj)
                0x0000000000004784                boot_write_swap_size
 .text.boot_read_image_headers
                0x00000000000047a2       0x2c app/libapp.a(loader.c.obj)
 .text.boot_read_image_size.constprop.0.isra.0
                0x00000000000047ce       0x82 app/libapp.a(loader.c.obj)
 .text.boot_read_sectors
                0x0000000000004850       0x42 app/libapp.a(loader.c.obj)
 .text.boot_status_reset
                0x0000000000004892       0x12 app/libapp.a(loader.c.obj)
                0x0000000000004892                boot_status_reset
 .text.boot_status_is_reset
                0x00000000000048a4       0x1a app/libapp.a(loader.c.obj)
                0x00000000000048a4                boot_status_is_reset
 .text.boot_write_status
                0x00000000000048be       0x64 app/libapp.a(loader.c.obj)
                0x00000000000048be                boot_write_status
 .text.boot_erase_region
                0x0000000000004922        0x4 app/libapp.a(loader.c.obj)
                0x0000000000004922                boot_erase_region
 .text.swap_erase_trailer_sectors
                0x0000000000004926       0x6c app/libapp.a(swap_misc.c.obj)
                0x0000000000004926                swap_erase_trailer_sectors
 .text.swap_status_init
                0x0000000000004992       0x3e app/libapp.a(swap_misc.c.obj)
                0x0000000000004992                swap_status_init
 .text.swap_read_status
                0x00000000000049d0       0x78 app/libapp.a(swap_misc.c.obj)
                0x00000000000049d0                swap_read_status
 .text.find_last_idx
                0x0000000000004a48       0x14 app/libapp.a(swap_move.c.obj)
                0x0000000000004a48                find_last_idx
 .text.boot_status_internal_off
                0x0000000000004a5c       0x26 app/libapp.a(swap_move.c.obj)
                0x0000000000004a5c                boot_status_internal_off
 .text.mbedtls_asn1_get_len
                0x0000000000004a82       0x98 app/libapp.a(asn1parse.c.obj)
                0x0000000000004a82                mbedtls_asn1_get_len
 .text.mbedtls_asn1_get_tag
                0x0000000000004b1a       0x28 app/libapp.a(asn1parse.c.obj)
                0x0000000000004b1a                mbedtls_asn1_get_tag
 .text.mbedtls_asn1_get_bitstring_null
                0x0000000000004b42       0x28 app/libapp.a(asn1parse.c.obj)
                0x0000000000004b42                mbedtls_asn1_get_bitstring_null
 .text.mbedtls_asn1_get_alg
                0x0000000000004b6a       0x94 app/libapp.a(asn1parse.c.obj)
                0x0000000000004b6a                mbedtls_asn1_get_alg
 .text.uECC_vli_add
                0x0000000000004bfe       0x34 app/libapp.a(ecc.c.obj)
 .text.uECC_vli_rshift1
                0x0000000000004c32       0x1a app/libapp.a(ecc.c.obj)
 .text.vli_modInv_update
                0x0000000000004c4c       0x40 app/libapp.a(ecc.c.obj)
 .text.uECC_vli_mult
                0x0000000000004c8c       0xd0 app/libapp.a(ecc.c.obj)
 .text.uECC_vli_clear
                0x0000000000004d5c       0x16 app/libapp.a(ecc.c.obj)
                0x0000000000004d5c                uECC_vli_clear
 .text.uECC_vli_isZero
                0x0000000000004d72       0x1e app/libapp.a(ecc.c.obj)
                0x0000000000004d72                uECC_vli_isZero
 .text.uECC_vli_testBit
                0x0000000000004d90       0x12 app/libapp.a(ecc.c.obj)
                0x0000000000004d90                uECC_vli_testBit
 .text.uECC_vli_numBits
                0x0000000000004da2       0x40 app/libapp.a(ecc.c.obj)
                0x0000000000004da2                uECC_vli_numBits
 .text.uECC_vli_set
                0x0000000000004de2       0x18 app/libapp.a(ecc.c.obj)
                0x0000000000004de2                uECC_vli_set
 .text.uECC_vli_cmp_unsafe
                0x0000000000004dfa       0x2a app/libapp.a(ecc.c.obj)
                0x0000000000004dfa                uECC_vli_cmp_unsafe
 .text.uECC_vli_equal
                0x0000000000004e24       0x24 app/libapp.a(ecc.c.obj)
                0x0000000000004e24                uECC_vli_equal
 .text.uECC_vli_sub
                0x0000000000004e48       0x36 app/libapp.a(ecc.c.obj)
                0x0000000000004e48                uECC_vli_sub
 .text.uECC_vli_modAdd
                0x0000000000004e7e       0x32 app/libapp.a(ecc.c.obj)
                0x0000000000004e7e                uECC_vli_modAdd
 .text.uECC_vli_modSub
                0x0000000000004eb0       0x24 app/libapp.a(ecc.c.obj)
                0x0000000000004eb0                uECC_vli_modSub
 .text.uECC_vli_mmod
                0x0000000000004ed4      0x136 app/libapp.a(ecc.c.obj)
                0x0000000000004ed4                uECC_vli_mmod
 .text.uECC_vli_modMult
                0x000000000000500a       0x20 app/libapp.a(ecc.c.obj)
                0x000000000000500a                uECC_vli_modMult
 .text.uECC_vli_modMult_fast
                0x000000000000502a       0x20 app/libapp.a(ecc.c.obj)
                0x000000000000502a                uECC_vli_modMult_fast
 .text.uECC_vli_modSquare_fast
                0x000000000000504a        0x8 app/libapp.a(ecc.c.obj)
 .text.double_jacobian_default
                0x0000000000005052      0x152 app/libapp.a(ecc.c.obj)
                0x0000000000005052                double_jacobian_default
 .text.x_side_default
                0x00000000000051a4       0x5e app/libapp.a(ecc.c.obj)
                0x00000000000051a4                x_side_default
 .text.uECC_vli_modInv
                0x0000000000005202      0x108 app/libapp.a(ecc.c.obj)
                0x0000000000005202                uECC_vli_modInv
 .text.apply_z  0x000000000000530a       0x3e app/libapp.a(ecc.c.obj)
                0x000000000000530a                apply_z
 .text.XYcZ_add
                0x0000000000005348       0xce app/libapp.a(ecc.c.obj)
                0x0000000000005348                XYcZ_add
 .text.uECC_vli_bytesToNative
                0x0000000000005416       0x3c app/libapp.a(ecc.c.obj)
                0x0000000000005416                uECC_vli_bytesToNative
 .text.bits2int
                0x0000000000005452       0x92 app/libapp.a(ecc_dsa.c.obj)
 .text.uECC_verify
                0x00000000000054e4      0x2c6 app/libapp.a(ecc_dsa.c.obj)
                0x00000000000054e4                uECC_verify
 .text.tc_sha256_update
                0x00000000000057aa       0x4c app/libapp.a(sha256.c.obj)
                0x00000000000057aa                tc_sha256_update
 .text.tc_sha256_final
                0x00000000000057f6       0xbc app/libapp.a(sha256.c.obj)
                0x00000000000057f6                tc_sha256_final
 .text._set     0x00000000000058b2        0x4 app/libapp.a(utils.c.obj)
                0x00000000000058b2                _set
 .text.arch_printk_char_out
                0x00000000000058b6        0x4 zephyr/libzephyr.a(printk.c.obj)
                0x00000000000058b6                arch_printk_char_out
 .text.printk   0x00000000000058ba       0x1a zephyr/libzephyr.a(printk.c.obj)
                0x00000000000058ba                printk
 .text.process_recheck
                0x00000000000058d4       0x38 zephyr/libzephyr.a(onoff.c.obj)
 .text.validate_args
                0x000000000000590c       0x20 zephyr/libzephyr.a(onoff.c.obj)
 .text.notify_one
                0x000000000000592c       0x2c zephyr/libzephyr.a(onoff.c.obj)
 .text.transition_complete
                0x0000000000005958       0x1c zephyr/libzephyr.a(onoff.c.obj)
 .text.onoff_manager_init
                0x0000000000005974       0x26 zephyr/libzephyr.a(onoff.c.obj)
                0x0000000000005974                onoff_manager_init
 .text.onoff_request
                0x000000000000599a       0xb0 zephyr/libzephyr.a(onoff.c.obj)
                0x000000000000599a                onoff_request
 .text.sys_notify_validate
                0x0000000000005a4a       0x22 zephyr/libzephyr.a(notify.c.obj)
                0x0000000000005a4a                sys_notify_validate
 .text.sys_notify_finalize
                0x0000000000005a6c       0x1a zephyr/libzephyr.a(notify.c.obj)
                0x0000000000005a6c                sys_notify_finalize
 .text._ConfigAbsSyms
                0x0000000000005a86        0x2 zephyr/libzephyr.a(configs.c.obj)
                0x0000000000005a86                _ConfigAbsSyms
 .text.z_log_minimal_printk
                0x0000000000005a88       0x1a zephyr/libzephyr.a(log_minimal.c.obj)
                0x0000000000005a88                z_log_minimal_printk
 .text.flash_area_close
                0x0000000000005aa2        0x2 zephyr/libzephyr.a(flash_map.c.obj)
                0x0000000000005aa2                flash_area_close
 .text.flash_area_read
                0x0000000000005aa4       0x2a zephyr/libzephyr.a(flash_map.c.obj)
                0x0000000000005aa4                flash_area_read
 .text.flash_area_write
                0x0000000000005ace       0x2a zephyr/libzephyr.a(flash_map.c.obj)
                0x0000000000005ace                flash_area_write
 .text.flash_area_erase
                0x0000000000005af8       0x28 zephyr/libzephyr.a(flash_map.c.obj)
                0x0000000000005af8                flash_area_erase
 .text.flash_area_align
                0x0000000000005b20        0xe zephyr/libzephyr.a(flash_map.c.obj)
                0x0000000000005b20                flash_area_align
 .text.flash_area_erased_val
                0x0000000000005b2e        0xe zephyr/libzephyr.a(flash_map.c.obj)
                0x0000000000005b2e                flash_area_erased_val
 .text.get_sectors_cb
                0x0000000000005b3c       0x44 zephyr/libzephyr.a(flash_map_layout.c.obj)
 .text.z_arm_fatal_error
                0x0000000000005b80        0x4 zephyr/arch/arch/arm/core/aarch32/libarch__arm__core__aarch32.a(fatal.c.obj)
                0x0000000000005b80                z_arm_fatal_error
 .text.z_do_kernel_oops
                0x0000000000005b84        0x8 zephyr/arch/arch/arm/core/aarch32/libarch__arm__core__aarch32.a(fatal.c.obj)
                0x0000000000005b84                z_do_kernel_oops
 .text.z_irq_spurious
                0x0000000000005b8c        0x8 zephyr/arch/arch/arm/core/aarch32/libarch__arm__core__aarch32.a(irq_manage.c.obj)
                0x0000000000005b8c                z_irq_spurious
 .text.z_arm_nmi
                0x0000000000005b94        0xe zephyr/arch/arch/arm/core/aarch32/libarch__arm__core__aarch32.a(nmi.c.obj)
                0x0000000000005b94                z_arm_nmi
 .text.strlen   0x0000000000005ba2        0xe zephyr/lib/libc/minimal/liblib__libc__minimal.a(string.c.obj)
                0x0000000000005ba2                strlen
 .text.memcmp   0x0000000000005bb0       0x20 zephyr/lib/libc/minimal/liblib__libc__minimal.a(string.c.obj)
                0x0000000000005bb0                memcmp
 .text.memcpy   0x0000000000005bd0       0x16 zephyr/lib/libc/minimal/liblib__libc__minimal.a(string.c.obj)
                0x0000000000005bd0                memcpy
 .text.memset   0x0000000000005be6       0x12 zephyr/lib/libc/minimal/liblib__libc__minimal.a(string.c.obj)
                0x0000000000005be6                memset
 .text._stdout_hook_default
                0x0000000000005bf8        0x6 zephyr/lib/libc/minimal/liblib__libc__minimal.a(stdout_console.c.obj)
 .text.get_status
                0x0000000000005bfe       0x12 zephyr/drivers/clock_control/libdrivers__clock_control.a(clock_control_nrf.c.obj)
 .text.set_on_state
                0x0000000000005c10       0x26 zephyr/drivers/clock_control/libdrivers__clock_control.a(clock_control_nrf.c.obj)
 .text.stop     0x0000000000005c36       0x52 zephyr/drivers/clock_control/libdrivers__clock_control.a(clock_control_nrf.c.obj)
 .text.api_stop
                0x0000000000005c88        0x6 zephyr/drivers/clock_control/libdrivers__clock_control.a(clock_control_nrf.c.obj)
 .text.async_start
                0x0000000000005c8e       0x5c zephyr/drivers/clock_control/libdrivers__clock_control.a(clock_control_nrf.c.obj)
 .text.api_start
                0x0000000000005cea        0xe zephyr/drivers/clock_control/libdrivers__clock_control.a(clock_control_nrf.c.obj)
 .text.api_blocking_start
                0x0000000000005cf8        0x6 zephyr/drivers/clock_control/libdrivers__clock_control.a(clock_control_nrf.c.obj)
 .text.onoff_started_callback
                0x0000000000005cfe       0x12 zephyr/drivers/clock_control/libdrivers__clock_control.a(clock_control_nrf.c.obj)
 .text.lfclk_stop
                0x0000000000005d10        0x6 zephyr/drivers/clock_control/libdrivers__clock_control.a(clock_control_nrf.c.obj)
 .text.is_regular_addr_valid
                0x0000000000005d16       0x22 zephyr/drivers/flash/libdrivers__flash.a(soc_flash_nrf.c.obj)
 .text.flash_nrf_erase
                0x0000000000005d38       0x4c zephyr/drivers/flash/libdrivers__flash.a(soc_flash_nrf.c.obj)
 .text.flash_nrf_read
                0x0000000000005d84       0x28 zephyr/drivers/flash/libdrivers__flash.a(soc_flash_nrf.c.obj)
 .text.flash_get_page_info
                0x0000000000005dac       0x62 zephyr/drivers/flash/libdrivers__flash.a(flash_page_layout.c.obj)
 .text.z_impl_flash_get_page_info_by_offs
                0x0000000000005e0e        0x8 zephyr/drivers/flash/libdrivers__flash.a(flash_page_layout.c.obj)
                0x0000000000005e0e                z_impl_flash_get_page_info_by_offs
 .text.flash_page_foreach
                0x0000000000005e16       0x58 zephyr/drivers/flash/libdrivers__flash.a(flash_page_layout.c.obj)
                0x0000000000005e16                flash_page_foreach
 .text.gpio_nrfx_port_get_raw
                0x0000000000005e6e        0xe zephyr/drivers/gpio/libdrivers__gpio.a(gpio_nrfx.c.obj)
 .text.gpio_nrfx_port_set_masked_raw
                0x0000000000005e7c       0x18 zephyr/drivers/gpio/libdrivers__gpio.a(gpio_nrfx.c.obj)
 .text.gpio_nrfx_port_set_bits_raw
                0x0000000000005e94        0xc zephyr/drivers/gpio/libdrivers__gpio.a(gpio_nrfx.c.obj)
 .text.gpio_nrfx_port_clear_bits_raw
                0x0000000000005ea0        0xc zephyr/drivers/gpio/libdrivers__gpio.a(gpio_nrfx.c.obj)
 .text.gpio_nrfx_port_toggle_bits
                0x0000000000005eac       0x1a zephyr/drivers/gpio/libdrivers__gpio.a(gpio_nrfx.c.obj)
 .text.gpio_nrfx_manage_callback
                0x0000000000005ec6       0x52 zephyr/drivers/gpio/libdrivers__gpio.a(gpio_nrfx.c.obj)
 .text.pinctrl_lookup_state
                0x0000000000005f18       0x26 zephyr/drivers/pinctrl/libdrivers__pinctrl.a(common.c.obj)
                0x0000000000005f18                pinctrl_lookup_state
 .text.uarte_nrfx_config_get
                0x0000000000005f3e       0x10 zephyr/drivers/serial/libdrivers__serial.a(uart_nrfx_uarte.c.obj)
 .text.uarte_nrfx_err_check
                0x0000000000005f4e        0xe zephyr/drivers/serial/libdrivers__serial.a(uart_nrfx_uarte.c.obj)
 .text.uarte_nrfx_poll_in
                0x0000000000005f5c       0x28 zephyr/drivers/serial/libdrivers__serial.a(uart_nrfx_uarte.c.obj)
 .text.is_tx_ready.isra.0
                0x0000000000005f84       0x20 zephyr/drivers/serial/libdrivers__serial.a(uart_nrfx_uarte.c.obj)
 .text.uarte_nrfx_isr_int
                0x0000000000005fa4       0x72 zephyr/drivers/serial/libdrivers__serial.a(uart_nrfx_uarte.c.obj)
 .text.event_clear
                0x0000000000006016       0x18 zephyr/drivers/timer/libdrivers__timer.a(nrf_rtc_timer.c.obj)
 .text.fprotect_area
                0x000000000000602e       0x86 modules/nrf/lib/fprotect/lib..__nrf__lib__fprotect.a(fprotect_bprot.c.obj)
                0x000000000000602e                fprotect_area
 .text.k_sys_fatal_error_handler
                0x00000000000060b4        0x8 modules/nrf/lib/fatal_error/lib..__nrf__lib__fatal_error.a(fatal_error.c.obj)
                0x00000000000060b4                k_sys_fatal_error_handler
 .text.boot_swap_info_off
                0x00000000000060bc        0xc modules/mcuboot/boot/bootutil/zephyr/libmcuboot_util.a(bootutil_public.c.obj)
                0x00000000000060bc                boot_swap_info_off
 .text.boot_magic_compatible_check
                0x00000000000060c8       0x1c modules/mcuboot/boot/bootutil/zephyr/libmcuboot_util.a(bootutil_public.c.obj)
                0x00000000000060c8                boot_magic_compatible_check
 .text.bootutil_buffer_is_erased
                0x00000000000060e4       0x26 modules/mcuboot/boot/bootutil/zephyr/libmcuboot_util.a(bootutil_public.c.obj)
                0x00000000000060e4                bootutil_buffer_is_erased
 .text.boot_read_flag
                0x000000000000610a       0x38 modules/mcuboot/boot/bootutil/zephyr/libmcuboot_util.a(bootutil_public.c.obj)
 .text.boot_write_trailer
                0x0000000000006142       0x58 modules/mcuboot/boot/bootutil/zephyr/libmcuboot_util.a(bootutil_public.c.obj)
                0x0000000000006142                boot_write_trailer
 .text.boot_write_trailer_flag
                0x000000000000619a       0x14 modules/mcuboot/boot/bootutil/zephyr/libmcuboot_util.a(bootutil_public.c.obj)
                0x000000000000619a                boot_write_trailer_flag
 .text.boot_write_image_ok
                0x00000000000061ae        0xe modules/mcuboot/boot/bootutil/zephyr/libmcuboot_util.a(bootutil_public.c.obj)
                0x00000000000061ae                boot_write_image_ok
 .text.boot_read_image_ok
                0x00000000000061bc        0xc modules/mcuboot/boot/bootutil/zephyr/libmcuboot_util.a(bootutil_public.c.obj)
                0x00000000000061bc                boot_read_image_ok
 .text.boot_read_swap_state_by_id
                0x00000000000061c8       0x28 modules/mcuboot/boot/bootutil/zephyr/libmcuboot_util.a(bootutil_public.c.obj)
                0x00000000000061c8                boot_read_swap_state_by_id
 .text.boot_write_swap_info
                0x00000000000061f0       0x22 modules/mcuboot/boot/bootutil/zephyr/libmcuboot_util.a(bootutil_public.c.obj)
                0x00000000000061f0                boot_write_swap_info
 .text.boot_write_copy_done
                0x0000000000006212       0x10 modules/mcuboot/boot/bootutil/zephyr/libmcuboot_util.a(bootutil_public.c.obj)
                0x0000000000006212                boot_write_copy_done
 .text.nrf52_errata_12
                0x0000000000006222       0x1c modules/hal_nordic/nrfx/libmodules__hal_nordic__nrfx.a(system_nrf52.c.obj)
 .text.nrfx_isr
                0x000000000000623e        0x2 modules/hal_nordic/nrfx/libmodules__hal_nordic__nrfx.a(nrfx_glue.c.obj)
                0x000000000000623e                nrfx_isr
 .text.nrfx_busy_wait
                0x0000000000006240        0x4 modules/hal_nordic/nrfx/libmodules__hal_nordic__nrfx.a(nrfx_glue.c.obj)
                0x0000000000006240                nrfx_busy_wait
 .text.nrfx_gppi_channel_endpoints_setup
                0x0000000000006244       0x14 modules/hal_nordic/nrfx/libmodules__hal_nordic__nrfx.a(nrfx_gppi_ppi.c.obj)
                0x0000000000006244                nrfx_gppi_channel_endpoints_setup
 .text.nrfx_clock_enable
                0x0000000000006258       0x1a modules/hal_nordic/nrfx/libmodules__hal_nordic__nrfx.a(nrfx_clock.c.obj)
                0x0000000000006258                nrfx_clock_enable
 .text.nrfx_clock_stop
                0x0000000000006272        0x4 modules/hal_nordic/nrfx/libmodules__hal_nordic__nrfx.a(nrfx_clock.c.obj)
                0x0000000000006272                nrfx_clock_stop
 .text.nrf_gpio_pin_port_decode
                0x0000000000006276       0x14 modules/hal_nordic/nrfx/libmodules__hal_nordic__nrfx.a(nrfx_gpiote.c.obj)
 .text.nrf_gpio_reconfigure
                0x000000000000628a       0x92 modules/hal_nordic/nrfx/libmodules__hal_nordic__nrfx.a(nrfx_gpiote.c.obj)
 .text.nrf_gpio_cfg_sense_set
                0x000000000000631c       0x1e modules/hal_nordic/nrfx/libmodules__hal_nordic__nrfx.a(nrfx_gpiote.c.obj)
 .text.nrfx_nvmc_flash_size_get
                0x000000000000633a        0xc modules/hal_nordic/nrfx/libmodules__hal_nordic__nrfx.a(nrfx_nvmc.c.obj)
                0x000000000000633a                nrfx_nvmc_flash_size_get
 .text.nrfx_nvmc_flash_page_size_get
                0x0000000000006346        0x8 modules/hal_nordic/nrfx/libmodules__hal_nordic__nrfx.a(nrfx_nvmc.c.obj)
                0x0000000000006346                nrfx_nvmc_flash_page_size_get
 .text.nrfx_nvmc_flash_page_count_get
                0x000000000000634e        0x8 modules/hal_nordic/nrfx/libmodules__hal_nordic__nrfx.a(nrfx_nvmc.c.obj)
                0x000000000000634e                nrfx_nvmc_flash_page_count_get
 .text.SEGGER_RTT_Init
                0x0000000000006356        0x4 modules/segger/libmodules__segger.a(SEGGER_RTT.c.obj)
                0x0000000000006356                SEGGER_RTT_Init
 .text.rtt_init
                0x000000000000635a        0xa modules/segger/libmodules__segger.a(SEGGER_RTT_zephyr.c.obj)
 .text.z_impl_k_busy_wait
                0x0000000000006364        0x8 zephyr/kernel/libkernel.a(busy_wait.c.obj)
                0x0000000000006364                z_impl_k_busy_wait
 .text.z_device_state_init
                0x000000000000636c        0x2 zephyr/kernel/libkernel.a(device.c.obj)
                0x000000000000636c                z_device_state_init
 .text.z_device_is_ready
                0x000000000000636e       0x16 zephyr/kernel/libkernel.a(device.c.obj)
                0x000000000000636e                z_device_is_ready
 .text.z_fatal_error
                0x0000000000006384       0x20 zephyr/kernel/libkernel.a(fatal.c.obj)
                0x0000000000006384                z_fatal_error
 .text.z_early_memset
                0x00000000000063a4        0x4 zephyr/kernel/libkernel.a(init.c.obj)
                0x00000000000063a4                z_early_memset
 .text.z_early_memcpy
                0x00000000000063a8        0x4 zephyr/kernel/libkernel.a(init.c.obj)
                0x00000000000063a8                z_early_memcpy
 .text.k_is_in_isr
                0x00000000000063ac        0xc zephyr/kernel/libkernel.a(thread.c.obj)
                0x00000000000063ac                k_is_in_isr
 .text._OffsetAbsSyms
                0x00000000000063b8        0x2 zephyr/CMakeFiles/offsets.dir/./arch/arm/core/offsets/offsets.c.obj
                0x00000000000063b8                _OffsetAbsSyms
 *(SORT_BY_ALIGNMENT(.TEXT.*))
 *(SORT_BY_ALIGNMENT(.gnu.linkonce.t.*))
 *(SORT_BY_ALIGNMENT(.glue_7t))
 .glue_7t       0x00000000000063ba        0x0 linker stubs
 *(SORT_BY_ALIGNMENT(.glue_7))
 .glue_7        0x00000000000063ba        0x0 linker stubs
 *(SORT_BY_ALIGNMENT(.vfp11_veneer))
 .vfp11_veneer  0x00000000000063ba        0x0 linker stubs
 *(SORT_BY_ALIGNMENT(.v4_bx))
 .v4_bx         0x00000000000063ba        0x0 linker stubs
                0x00000000000063bc                . = ALIGN (0x4)
 *fill*         0x00000000000063ba        0x2 
                0x00000000000063bc                __text_region_end = .

.ARM.exidx      0x00000000000063bc        0x8
                0x00000000000063bc                __exidx_start = .
 *(SORT_BY_ALIGNMENT(.ARM.exidx*) SORT_BY_ALIGNMENT(gnu.linkonce.armexidx.*))
 .ARM.exidx     0x00000000000063bc        0x8 c:/ncs/toolchains/c57af46cb7/opt/zephyr-sdk/arm-zephyr-eabi/bin/../lib/gcc/arm-zephyr-eabi/12.2.0/thumb/v7e-m/nofp\libgcc.a(_udivmoddi4.o)
                0x00000000000063c4                __exidx_end = .
                0x00000000000063c4                __rodata_region_start = .

initlevel       0x00000000000063c4       0x40
                0x00000000000063c4                __init_start = .
                0x00000000000063c4                __init_EARLY_start = .
 *(SORT_BY_NAME(SORT_BY_ALIGNMENT(.z_init_EARLY?_*)))
 *(SORT_BY_NAME(SORT_BY_ALIGNMENT(.z_init_EARLY??_*)))
                0x00000000000063c4                __init_PRE_KERNEL_1_start = .
 *(SORT_BY_NAME(SORT_BY_ALIGNMENT(.z_init_PRE_KERNEL_1?_*)))
 .z_init_PRE_KERNEL_10_0_
                0x00000000000063c4        0x8 zephyr/soc/soc/arm/nordic_nrf/nrf52/libsoc__arm__nordic_nrf__nrf52.a(soc.c.obj)
 *(SORT_BY_NAME(SORT_BY_ALIGNMENT(.z_init_PRE_KERNEL_1??_*)))
 .z_init_PRE_KERNEL_130_00059_
                0x00000000000063cc        0x8 zephyr/drivers/clock_control/libdrivers__clock_control.a(clock_control_nrf.c.obj)
 .z_init_PRE_KERNEL_130_0_
                0x00000000000063d4        0x8 modules/segger/libmodules__segger.a(SEGGER_RTT_zephyr.c.obj)
 .z_init_PRE_KERNEL_140_00011_
                0x00000000000063dc        0x8 zephyr/drivers/gpio/libdrivers__gpio.a(gpio_nrfx.c.obj)
 .z_init_PRE_KERNEL_155_00095_
                0x00000000000063e4        0x8 zephyr/drivers/serial/libdrivers__serial.a(uart_nrfx_uarte.c.obj)
 .z_init_PRE_KERNEL_160_0_
                0x00000000000063ec        0x8 zephyr/drivers/console/libdrivers__console.a(uart_console.c.obj)
                0x00000000000063f4                __init_PRE_KERNEL_2_start = .
 *(SORT_BY_NAME(SORT_BY_ALIGNMENT(.z_init_PRE_KERNEL_2?_*)))
 .z_init_PRE_KERNEL_20_0_
                0x00000000000063f4        0x8 zephyr/drivers/timer/libdrivers__timer.a(nrf_rtc_timer.c.obj)
 *(SORT_BY_NAME(SORT_BY_ALIGNMENT(.z_init_PRE_KERNEL_2??_*)))
                0x00000000000063fc                __init_POST_KERNEL_start = .
 *(SORT_BY_NAME(SORT_BY_ALIGNMENT(.z_init_POST_KERNEL?_*)))
 *(SORT_BY_NAME(SORT_BY_ALIGNMENT(.z_init_POST_KERNEL??_*)))
 .z_init_POST_KERNEL50_00098_
                0x00000000000063fc        0x8 zephyr/drivers/flash/libdrivers__flash.a(soc_flash_nrf.c.obj)
                0x0000000000006404                __init_APPLICATION_start = .
 *(SORT_BY_NAME(SORT_BY_ALIGNMENT(.z_init_APPLICATION?_*)))
 *(SORT_BY_NAME(SORT_BY_ALIGNMENT(.z_init_APPLICATION??_*)))
                0x0000000000006404                __init_SMP_start = .
 *(SORT_BY_NAME(SORT_BY_ALIGNMENT(.z_init_SMP?_*)))
 *(SORT_BY_NAME(SORT_BY_ALIGNMENT(.z_init_SMP??_*)))
                0x0000000000006404                __init_end = .

device_area     0x0000000000006404       0x50
                0x0000000000006404                _device_list_start = .
 *(SORT_BY_NAME(SORT_BY_ALIGNMENT(._device.static.*_?_*)))
 *(SORT_BY_NAME(SORT_BY_ALIGNMENT(._device.static.*_??_*)))
 ._device.static.1_30_
                0x0000000000006404       0x14 zephyr/drivers/clock_control/libdrivers__clock_control.a(clock_control_nrf.c.obj)
                0x0000000000006404                __device_dts_ord_59
 ._device.static.1_40_
                0x0000000000006418       0x14 zephyr/drivers/gpio/libdrivers__gpio.a(gpio_nrfx.c.obj)
                0x0000000000006418                __device_dts_ord_11
 ._device.static.1_55_
                0x000000000000642c       0x14 zephyr/drivers/serial/libdrivers__serial.a(uart_nrfx_uarte.c.obj)
                0x000000000000642c                __device_dts_ord_95
 ._device.static.3_50_
                0x0000000000006440       0x14 zephyr/drivers/flash/libdrivers__flash.a(soc_flash_nrf.c.obj)
                0x0000000000006440                __device_dts_ord_98
                0x0000000000006454                _device_list_end = .

sw_isr_table    0x0000000000006454      0x138
                0x0000000000006454                . = ALIGN (0x4)
 *(SORT_BY_ALIGNMENT(.gnu.linkonce.sw_isr_table*))
 .gnu.linkonce.sw_isr_table
                0x0000000000006454      0x138 zephyr/CMakeFiles/zephyr_final.dir/isr_tables.c.obj
                0x0000000000006454                _sw_isr_table

initlevel_error
                0x00000000000063c4        0x0
 *(SORT_BY_NAME(SORT_BY_ALIGNMENT(.z_init_[_A-Z0-9]*)))
                0x0000000000000001                ASSERT ((SIZEOF (initlevel_error) == 0x0), Undefined initialization levels used.)

app_shmem_regions
                0x000000000000658c        0x0
                0x000000000000658c                __app_shmem_regions_start = .
 *(SORT_BY_NAME(SORT_BY_ALIGNMENT(.app_regions.*)))
                0x000000000000658c                __app_shmem_regions_end = .

k_p4wq_initparam_area
                0x000000000000658c        0x0
                0x000000000000658c                _k_p4wq_initparam_list_start = .
 *(SORT_BY_NAME(SORT_BY_ALIGNMENT(._k_p4wq_initparam.static.*)))
                0x000000000000658c                _k_p4wq_initparam_list_end = .

_static_thread_data_area
                0x000000000000658c        0x0
                0x000000000000658c                __static_thread_data_list_start = .
 *(SORT_BY_NAME(SORT_BY_ALIGNMENT(.__static_thread_data.static.*)))
                0x000000000000658c                __static_thread_data_list_end = .

device_deps     0x000000000000658c        0x0
                0x000000000000658c                __device_deps_start = .
 *(SORT_BY_NAME(SORT_BY_ALIGNMENT(.__device_deps_pass2*)))
                0x000000000000658c                __device_deps_end = .

ztest           0x000000000000658c        0x0
                0x000000000000658c                _ztest_expected_result_entry_list_start = .
 *(SORT_BY_NAME(SORT_BY_ALIGNMENT(._ztest_expected_result_entry.static.*)))
                0x000000000000658c                _ztest_expected_result_entry_list_end = .
                0x000000000000658c                _ztest_suite_node_list_start = .
 *(SORT_BY_NAME(SORT_BY_ALIGNMENT(._ztest_suite_node.static.*)))
                0x000000000000658c                _ztest_suite_node_list_end = .
                0x000000000000658c                _ztest_unit_test_list_start = .
 *(SORT_BY_NAME(SORT_BY_ALIGNMENT(._ztest_unit_test.static.*)))
                0x000000000000658c                _ztest_unit_test_list_end = .
                0x000000000000658c                _ztest_test_rule_list_start = .
 *(SORT_BY_NAME(SORT_BY_ALIGNMENT(._ztest_test_rule.static.*)))
                0x000000000000658c                _ztest_test_rule_list_end = .

bt_l2cap_fixed_chan_area
                0x000000000000658c        0x0
                0x000000000000658c                _bt_l2cap_fixed_chan_list_start = .
 *(SORT_BY_NAME(SORT_BY_ALIGNMENT(._bt_l2cap_fixed_chan.static.*)))
                0x000000000000658c                _bt_l2cap_fixed_chan_list_end = .

bt_gatt_service_static_area
                0x000000000000658c        0x0
                0x000000000000658c                _bt_gatt_service_static_list_start = .
 *(SORT_BY_NAME(SORT_BY_ALIGNMENT(._bt_gatt_service_static.static.*)))
                0x000000000000658c                _bt_gatt_service_static_list_end = .

log_strings_area
                0x000000000000658c        0x0
                0x000000000000658c                _log_strings_list_start = .
 *(SORT_BY_NAME(SORT_BY_ALIGNMENT(._log_strings.static.*)))
                0x000000000000658c                _log_strings_list_end = .

log_const_area  0x000000000000658c       0x68
                0x000000000000658c                _log_const_list_start = .
 *(SORT_BY_NAME(SORT_BY_ALIGNMENT(._log_const.static.*)))
 ._log_const.static.log_const_NRFX_CLOCK_
                0x000000000000658c        0x8 modules/hal_nordic/nrfx/libmodules__hal_nordic__nrfx.a(nrfx_clock.c.obj)
                0x000000000000658c                log_const_NRFX_CLOCK
 ._log_const.static.log_const_NRFX_GPIOTE_
                0x0000000000006594        0x8 modules/hal_nordic/nrfx/libmodules__hal_nordic__nrfx.a(nrfx_gpiote.c.obj)
                0x0000000000006594                log_const_NRFX_GPIOTE
 ._log_const.static.log_const_NRFX_PPI_
                0x000000000000659c        0x8 modules/hal_nordic/nrfx/libmodules__hal_nordic__nrfx.a(nrfx_ppi.c.obj)
                0x000000000000659c                log_const_NRFX_PPI
 ._log_const.static.log_const_NRFX_WDT_
                0x00000000000065a4        0x8 modules/hal_nordic/nrfx/libmodules__hal_nordic__nrfx.a(nrfx_wdt.c.obj)
                0x00000000000065a4                log_const_NRFX_WDT
 ._log_const.static.log_const_cbprintf_package_
                0x00000000000065ac        0x8 zephyr/libzephyr.a(cbprintf_packaged.c.obj)
                0x00000000000065ac                log_const_cbprintf_package
 ._log_const.static.log_const_clock_control_
                0x00000000000065b4        0x8 zephyr/drivers/clock_control/libdrivers__clock_control.a(clock_control_nrf.c.obj)
                0x00000000000065b4                log_const_clock_control
 ._log_const.static.log_const_fatal_error_
                0x00000000000065bc        0x8 modules/nrf/lib/fatal_error/lib..__nrf__lib__fatal_error.a(fatal_error.c.obj)
                0x00000000000065bc                log_const_fatal_error
 ._log_const.static.log_const_flash_nrf_
                0x00000000000065c4        0x8 zephyr/drivers/flash/libdrivers__flash.a(soc_flash_nrf.c.obj)
                0x00000000000065c4                log_const_flash_nrf
 ._log_const.static.log_const_mcuboot_
                0x00000000000065cc        0x8 app/libapp.a(main.c.obj)
                0x00000000000065cc                log_const_mcuboot
 ._log_const.static.log_const_mpu_
                0x00000000000065d4        0x8 zephyr/arch/arch/arm/core/aarch32/mpu/libarch__arm__core__aarch32__mpu.a(arm_core_mpu.c.obj)
                0x00000000000065d4                log_const_mpu
 ._log_const.static.log_const_os_
                0x00000000000065dc        0x8 zephyr/kernel/libkernel.a(init.c.obj)
                0x00000000000065dc                log_const_os
 ._log_const.static.log_const_soc_
                0x00000000000065e4        0x8 zephyr/soc/soc/arm/nordic_nrf/nrf52/libsoc__arm__nordic_nrf__nrf52.a(soc.c.obj)
                0x00000000000065e4                log_const_soc
 ._log_const.static.log_const_uart_nrfx_uarte_
                0x00000000000065ec        0x8 zephyr/drivers/serial/libdrivers__serial.a(uart_nrfx_uarte.c.obj)
                0x00000000000065ec                log_const_uart_nrfx_uarte
                0x00000000000065f4                _log_const_list_end = .

log_backend_area
                0x00000000000065f4        0x0
                0x00000000000065f4                _log_backend_list_start = .
 *(SORT_BY_NAME(SORT_BY_ALIGNMENT(._log_backend.static.*)))
                0x00000000000065f4                _log_backend_list_end = .

log_link_area   0x00000000000065f4        0x0
                0x00000000000065f4                _log_link_list_start = .
 *(SORT_BY_NAME(SORT_BY_ALIGNMENT(._log_link.static.*)))
                0x00000000000065f4                _log_link_list_end = .

tracing_backend_area
                0x00000000000065f4        0x0
                0x00000000000065f4                _tracing_backend_list_start = .
 *(SORT_BY_NAME(SORT_BY_ALIGNMENT(._tracing_backend.static.*)))
                0x00000000000065f4                _tracing_backend_list_end = .

zephyr_dbg_info
 *(SORT_BY_ALIGNMENT(.dbg_thread_info))

symbol_to_keep  0x00000000000065f4        0x0
                0x00000000000065f4                __symbol_to_keep_start = .
 *(SORT_BY_NAME(SORT_BY_ALIGNMENT(.symbol_to_keep*)))
                0x00000000000065f4                __symbol_to_keep_end = .

shell_area      0x00000000000065f4        0x0
                0x00000000000065f4                _shell_list_start = .
 *(SORT_BY_NAME(SORT_BY_ALIGNMENT(._shell.static.*)))
                0x00000000000065f4                _shell_list_end = .

shell_root_cmds_area
                0x00000000000065f4        0x0
                0x00000000000065f4                _shell_root_cmds_list_start = .
 *(SORT_BY_NAME(SORT_BY_ALIGNMENT(._shell_root_cmds.static.*)))
                0x00000000000065f4                _shell_root_cmds_list_end = .

shell_subcmds_area
                0x00000000000065f4        0x0
                0x00000000000065f4                _shell_subcmds_list_start = .
 *(SORT_BY_NAME(SORT_BY_ALIGNMENT(._shell_subcmds.static.*)))
                0x00000000000065f4                _shell_subcmds_list_end = .

shell_dynamic_subcmds_area
                0x00000000000065f4        0x0
                0x00000000000065f4                _shell_dynamic_subcmds_list_start = .
 *(SORT_BY_NAME(SORT_BY_ALIGNMENT(._shell_dynamic_subcmds.static.*)))
                0x00000000000065f4                _shell_dynamic_subcmds_list_end = .

cfb_font_area   0x00000000000065f4        0x0
                0x00000000000065f4                _cfb_font_list_start = .
 *(SORT_BY_NAME(SORT_BY_ALIGNMENT(._cfb_font.static.*)))
                0x00000000000065f4                _cfb_font_list_end = .

rodata          0x0000000000006600      0xa44
 *(SORT_BY_ALIGNMENT(.rodata))
 *(SORT_BY_ALIGNMENT(.rodata.*))
 .rodata.delay_machine_code.0
                0x0000000000006600        0x6 zephyr/soc/soc/arm/nordic_nrf/nrf52/libsoc__arm__nordic_nrf__nrf52.a(soc.c.obj)
 *fill*         0x0000000000006606        0x2 
 .rodata.all_slots.0
                0x0000000000006608        0x8 app/libapp.a(flash_map_extended.c.obj)
 .rodata.bootutil_key_cnt
                0x0000000000006610        0x4 app/libapp.a(keys.c.obj)
                0x0000000000006610                bootutil_key_cnt
 .rodata.bootutil_keys
                0x0000000000006614        0x8 app/libapp.a(keys.c.obj)
                0x0000000000006614                bootutil_keys
 .rodata.all_slots.0
                0x000000000000661c        0x8 app/libapp.a(bootutil_misc.c.obj)
 .rodata.all_slots.0
                0x0000000000006624        0x8 app/libapp.a(swap_misc.c.obj)
 .rodata.curve_secp256r1
                0x000000000000662c       0xb0 app/libapp.a(ecc.c.obj)
 .rodata.k256   0x00000000000066dc      0x100 app/libapp.a(sha256.c.obj)
 .rodata.ecdsa_pub_key_len
                0x00000000000067dc        0x4 app/libapp.a(autogen-pubkey.c.obj)
                0x00000000000067dc                ecdsa_pub_key_len
 .rodata.flash_map_entries
                0x00000000000067e0        0x4 zephyr/libzephyr.a(flash_map_partition_manager.c.obj)
                0x00000000000067e0                flash_map_entries
 .rodata.default_flash_map
                0x00000000000067e4       0x70 zephyr/libzephyr.a(flash_map_partition_manager.c.obj)
                0x00000000000067e4                default_flash_map
 .rodata.static_regions
                0x0000000000006854       0x18 zephyr/arch/arch/arm/core/aarch32/mpu/libarch__arm__core__aarch32__mpu.a(arm_core_mpu.c.obj)
 .rodata.mpu_config
                0x000000000000686c        0x8 zephyr/soc/soc/arm/common/cortex_m/libsoc__arm__common__cortex_m.a(arm_mpu_regions.c.obj)
                0x000000000000686c                mpu_config
 .rodata.mpu_regions
                0x0000000000006874       0x18 zephyr/soc/soc/arm/common/cortex_m/libsoc__arm__common__cortex_m.a(arm_mpu_regions.c.obj)
 .rodata.transitions.0
                0x000000000000688c        0xc zephyr/drivers/clock_control/libdrivers__clock_control.a(clock_control_nrf.c.obj)
 .rodata.config
                0x0000000000006898       0x18 zephyr/drivers/clock_control/libdrivers__clock_control.a(clock_control_nrf.c.obj)
 .rodata.clock_control_api
                0x00000000000068b0       0x1c zephyr/drivers/clock_control/libdrivers__clock_control.a(clock_control_nrf.c.obj)
 .rodata.flash_nrf_api
                0x00000000000068cc       0x14 zephyr/drivers/flash/libdrivers__flash.a(soc_flash_nrf.c.obj)
 .rodata.flash_nrf_parameters
                0x00000000000068e0        0x8 zephyr/drivers/flash/libdrivers__flash.a(soc_flash_nrf.c.obj)
 .rodata.gpio_nrfx_p0_cfg
                0x00000000000068e8       0x10 zephyr/drivers/gpio/libdrivers__gpio.a(gpio_nrfx.c.obj)
 .rodata.gpio_nrfx_drv_api_funcs
                0x00000000000068f8       0x24 zephyr/drivers/gpio/libdrivers__gpio.a(gpio_nrfx.c.obj)
 .rodata.uarte_0z_config
                0x000000000000691c       0x10 zephyr/drivers/serial/libdrivers__serial.a(uart_nrfx_uarte.c.obj)
 .rodata.__pinctrl_dev_config__device_dts_ord_95
                0x000000000000692c        0xc zephyr/drivers/serial/libdrivers__serial.a(uart_nrfx_uarte.c.obj)
 .rodata.__pinctrl_states__device_dts_ord_95
                0x0000000000006938        0x8 zephyr/drivers/serial/libdrivers__serial.a(uart_nrfx_uarte.c.obj)
 .rodata.__pinctrl_state_pins_0__device_dts_ord_95
                0x0000000000006940       0x10 zephyr/drivers/serial/libdrivers__serial.a(uart_nrfx_uarte.c.obj)
 .rodata.uart_nrfx_uarte_driver_api
                0x0000000000006950       0x14 zephyr/drivers/serial/libdrivers__serial.a(uart_nrfx_uarte.c.obj)
 .rodata.all_slots.0
                0x0000000000006964        0x8 modules/mcuboot/boot/bootutil/zephyr/libmcuboot_util.a(bootutil_public.c.obj)
 .rodata.levels.0
                0x000000000000696c       0x18 zephyr/kernel/libkernel.a(init.c.obj)
 .rodata.boot_img_magic
                0x0000000000006984       0x10 modules/mcuboot/boot/bootutil/zephyr/libmcuboot_util.a(bootutil_public.c.obj)
                0x0000000000006984                boot_img_magic
 .rodata.main.str1.1
                0x0000000000006994       0xde app/libapp.a(main.c.obj)
 .rodata.str1.1
                0x0000000000006a72        0x8 app/libapp.a(main.c.obj)
 .rodata.flash_device_base.str1.1
                0x0000000000006a7a       0x26 app/libapp.a(flash_map_extended.c.obj)
 .rodata.ec_secp256r1_oid
                0x0000000000006aa0        0x9 app/libapp.a(image_ecdsa.c.obj)
 .rodata.ec_pubkey_oid
                0x0000000000006aa9        0x8 app/libapp.a(image_ecdsa.c.obj)
 .rodata.bootutil_max_image_size.str1.1
                0x0000000000006ab1       0x3b app/libapp.a(bootutil_misc.c.obj)
 .rodata.boot_validate_slot.isra.0.str1.1
                0x0000000000006aec       0x3a app/libapp.a(loader.c.obj)
 .rodata.boot_swap_image.isra.0.str1.1
                0x0000000000006b26       0x2f app/libapp.a(loader.c.obj)
 .rodata.context_boot_go.str1.1
                0x0000000000006b55       0xa4 app/libapp.a(loader.c.obj)
 .rodata.swap_read_status_bytes.str1.1
                0x0000000000006bf9       0x23 app/libapp.a(swap_move.c.obj)
 .rodata.boot_slots_compatible.str1.1
                0x0000000000006c1c       0x93 app/libapp.a(swap_move.c.obj)
 .rodata.swap_status_source.str1.1
                0x0000000000006caf       0xa4 app/libapp.a(swap_move.c.obj)
 .rodata.swap_run.str1.1
                0x0000000000006d53       0x89 app/libapp.a(swap_move.c.obj)
 .rodata.ecdsa_pub_key
                0x0000000000006ddc       0x5b app/libapp.a(autogen-pubkey.c.obj)
                0x0000000000006ddc                ecdsa_pub_key
 .rodata.str1.1
                0x0000000000006e37       0x11 zephyr/libzephyr.a(cbprintf_packaged.c.obj)
 .rodata.z_cbvprintf_impl.str1.1
                0x0000000000006e48       0x12 zephyr/libzephyr.a(cbprintf_nano.c.obj)
                                         0x13 (size before relaxing)
 .rodata.str1.1
                0x0000000000006e5a        0x4 zephyr/arch/arch/arm/core/aarch32/mpu/libarch__arm__core__aarch32__mpu.a(arm_core_mpu.c.obj)
 .rodata.str1.1
                0x0000000000006e5e        0xf zephyr/soc/soc/arm/common/cortex_m/libsoc__arm__common__cortex_m.a(arm_mpu_regions.c.obj)
 .rodata.str1.1
                0x0000000000006e6d        0x4 zephyr/soc/soc/arm/nordic_nrf/nrf52/libsoc__arm__nordic_nrf__nrf52.a(soc.c.obj)
 .rodata.str1.1
                0x0000000000006e71       0x29 zephyr/drivers/clock_control/libdrivers__clock_control.a(clock_control_nrf.c.obj)
 .rodata.str1.1
                0x0000000000006e9a       0x24 zephyr/drivers/flash/libdrivers__flash.a(soc_flash_nrf.c.obj)
 .rodata.str1.1
                0x0000000000006ebe        0xe zephyr/drivers/gpio/libdrivers__gpio.a(gpio_nrfx.c.obj)
 .rodata.str1.1
                0x0000000000006ecc       0x1e zephyr/drivers/serial/libdrivers__serial.a(uart_nrfx_uarte.c.obj)
 .rodata.str1.1
                0x0000000000006eea        0xc modules/nrf/lib/fatal_error/lib..__nrf__lib__fatal_error.a(fatal_error.c.obj)
 .rodata.boot_swap_type_multi.str1.1
                0x0000000000006ef6       0xb8 modules/mcuboot/boot/bootutil/zephyr/libmcuboot_util.a(bootutil_public.c.obj)
 .rodata.boot_swap_tables
                0x0000000000006fae       0x12 modules/mcuboot/boot/bootutil/zephyr/libmcuboot_util.a(bootutil_public.c.obj)
 .rodata.CSWTCH.20
                0x0000000000006fc0        0x5 modules/hal_nordic/nrfx/libmodules__hal_nordic__nrfx.a(system_nrf52.c.obj)
 .rodata.CSWTCH.18
                0x0000000000006fc5        0x5 modules/hal_nordic/nrfx/libmodules__hal_nordic__nrfx.a(system_nrf52.c.obj)
 .rodata.CSWTCH.14
                0x0000000000006fca        0x5 modules/hal_nordic/nrfx/libmodules__hal_nordic__nrfx.a(system_nrf52.c.obj)
 .rodata.CSWTCH.4
                0x0000000000006fcf        0x5 modules/hal_nordic/nrfx/libmodules__hal_nordic__nrfx.a(system_nrf52.c.obj)
 .rodata.str1.1
                0x0000000000006fd4        0xb modules/hal_nordic/nrfx/libmodules__hal_nordic__nrfx.a(nrfx_clock.c.obj)
 .rodata.str1.1
                0x0000000000006fdf        0xc modules/hal_nordic/nrfx/libmodules__hal_nordic__nrfx.a(nrfx_gpiote.c.obj)
 .rodata.str1.1
                0x0000000000006feb        0x9 modules/hal_nordic/nrfx/libmodules__hal_nordic__nrfx.a(nrfx_ppi.c.obj)
 .rodata.str1.1
                0x0000000000006ff4        0x9 modules/hal_nordic/nrfx/libmodules__hal_nordic__nrfx.a(nrfx_wdt.c.obj)
 .rodata._DoInit.str1.1
                0x0000000000006ffd        0x9 modules/segger/libmodules__segger.a(SEGGER_RTT.c.obj)
 .rodata._aInitStr.0
                0x0000000000007006       0x11 modules/segger/libmodules__segger.a(SEGGER_RTT.c.obj)
 .rodata.str1.1
                0x0000000000007017        0x3 zephyr/kernel/libkernel.a(init.c.obj)
 .rodata.boot_banner.str1.1
                0x000000000000701a       0x28 zephyr/kernel/libkernel.a(banner.c.obj)
 *(SORT_BY_ALIGNMENT(.gnu.linkonce.r.*))
                0x0000000000007044                . = ALIGN (0x4)
 *fill*         0x0000000000007042        0x2 
                0x0000000000007044                __rodata_region_end = .
                0x0000000000007060                . = ALIGN (_region_min_align)
                0x0000000000008000                . = ALIGN ((0x1 << LOG2CEIL ((__rodata_region_end - ADDR (rom_start)))))
                0x0000000000008000                __rom_region_end = ((__rom_region_start + .) - ADDR (rom_start))

/DISCARD/
 *(SORT_BY_ALIGNMENT(.got.plt))
 *(SORT_BY_ALIGNMENT(.igot.plt))
 *(SORT_BY_ALIGNMENT(.got))
 *(SORT_BY_ALIGNMENT(.igot))
                0x0000000020000000                . = 0x20000000
                0x0000000020000000                . = ALIGN (_region_min_align)
                0x0000000020000000                _image_ram_start = .

.ramfunc        0x0000000020000000        0x0 load address 0x0000000000007044
                0x0000000020000000                . = ALIGN (_region_min_align)
                0x0000000020000000                . = ALIGN ((0x1 << LOG2CEIL (__ramfunc_size)))
                0x0000000020000000                __ramfunc_start = .
 *(SORT_BY_ALIGNMENT(.ramfunc))
 *(SORT_BY_ALIGNMENT(.ramfunc.*))
                0x0000000020000000                . = ALIGN (_region_min_align)
                0x0000000020000000                . = ALIGN ((0x1 << LOG2CEIL (__ramfunc_size)))
                0x0000000020000000                __ramfunc_end = .
                0x0000000000000000                __ramfunc_size = (__ramfunc_end - __ramfunc_start)
                0x0000000000007044                __ramfunc_load_start = LOADADDR (.ramfunc)

datas           0x0000000020000000       0x9c load address 0x0000000000007044
                0x0000000020000000                __data_region_start = .
                0x0000000020000000                __data_start = .
 *(SORT_BY_ALIGNMENT(.data))
 *(SORT_BY_ALIGNMENT(.data.*))
 .data.FIH_NO_BOOTABLE_IMAGE
                0x0000000020000000        0x4 app/libapp.a(fault_injection_hardening.c.obj)
                0x0000000020000000                FIH_NO_BOOTABLE_IMAGE
 .data.FIH_FAILURE
                0x0000000020000004        0x4 app/libapp.a(fault_injection_hardening.c.obj)
                0x0000000020000004                FIH_FAILURE
 .data.memset_func
                0x0000000020000008        0x4 app/libapp.a(platform_util.c.obj)
 .data._char_out
                0x000000002000000c        0x4 zephyr/libzephyr.a(printk.c.obj)
                0x000000002000000c                _char_out
 .data.flash_map
                0x0000000020000010        0x4 zephyr/libzephyr.a(flash_map_partition_manager.c.obj)
                0x0000000020000010                flash_map
 .data._stdout_hook
                0x0000000020000014        0x4 zephyr/lib/libc/minimal/liblib__libc__minimal.a(stdout_console.c.obj)
 .data.uarte_0_data
                0x0000000020000018       0x1c zephyr/drivers/serial/libdrivers__serial.a(uart_nrfx_uarte.c.obj)
 .data.m_cb     0x0000000020000034       0x5c modules/hal_nordic/nrfx/libmodules__hal_nordic__nrfx.a(nrfx_gpiote.c.obj)
 .data.m_channels_allocated
                0x0000000020000090        0x4 modules/hal_nordic/nrfx/libmodules__hal_nordic__nrfx.a(nrfx_ppi.c.obj)
 .data.timeout_list
                0x0000000020000094        0x8 zephyr/kernel/libkernel.a(timeout.c.obj)
 *(SORT_BY_ALIGNMENT(.kernel.*))
                0x000000002000009c                __data_end = .
                0x000000000000009c                __data_size = (__data_end - __data_start)
                0x0000000000007044                __data_load_start = LOADADDR (datas)
                0x0000000000007044                __data_region_load_start = LOADADDR (datas)

device_states   0x000000002000009c        0x8 load address 0x00000000000070e0
                0x000000002000009c                __device_states_start = .
 *(SORT_BY_ALIGNMENT(.z_devstate))
 .z_devstate    0x000000002000009c        0x2 zephyr/drivers/clock_control/libdrivers__clock_control.a(clock_control_nrf.c.obj)
 .z_devstate    0x000000002000009e        0x2 zephyr/drivers/flash/libdrivers__flash.a(soc_flash_nrf.c.obj)
 .z_devstate    0x00000000200000a0        0x2 zephyr/drivers/gpio/libdrivers__gpio.a(gpio_nrfx.c.obj)
 .z_devstate    0x00000000200000a2        0x2 zephyr/drivers/serial/libdrivers__serial.a(uart_nrfx_uarte.c.obj)
 *(SORT_BY_ALIGNMENT(.z_devstate.*))
                0x00000000200000a4                __device_states_end = .

log_mpsc_pbuf_area
                0x00000000200000a4        0x0 load address 0x00000000000070e8
                0x00000000200000a4                _log_mpsc_pbuf_list_start = .
 *(SORT_BY_NAME(SORT_BY_ALIGNMENT(._log_mpsc_pbuf.static.*)))
                0x00000000200000a4                _log_mpsc_pbuf_list_end = .

log_msg_ptr_area
                0x00000000200000a4        0x0 load address 0x00000000000070e8
                0x00000000200000a4                _log_msg_ptr_list_start = .
 *(SORT_BY_NAME(SORT_BY_ALIGNMENT(._log_msg_ptr.static.*)))
                0x00000000200000a4                _log_msg_ptr_list_end = .

log_dynamic_area
                0x00000000200000a4        0x0 load address 0x00000000000070e8
                0x00000000200000a4                _log_dynamic_list_start = .
 *(SORT_BY_NAME(SORT_BY_ALIGNMENT(._log_dynamic.static.*)))
                0x00000000200000a4                _log_dynamic_list_end = .

k_timer_area    0x00000000200000a4        0x0 load address 0x00000000000070e8
                0x00000000200000a4                _k_timer_list_start = .
 *(SORT_BY_NAME(SORT_BY_ALIGNMENT(._k_timer.static.*)))
                0x00000000200000a4                _k_timer_list_end = .

k_mem_slab_area
                0x00000000200000a4        0x0 load address 0x00000000000070e8
                0x00000000200000a4                _k_mem_slab_list_start = .
 *(SORT_BY_NAME(SORT_BY_ALIGNMENT(._k_mem_slab.static.*)))
                0x00000000200000a4                _k_mem_slab_list_end = .

k_heap_area     0x00000000200000a4        0x0 load address 0x00000000000070e8
                0x00000000200000a4                _k_heap_list_start = .
 *(SORT_BY_NAME(SORT_BY_ALIGNMENT(._k_heap.static.*)))
                0x00000000200000a4                _k_heap_list_end = .

k_mutex_area    0x00000000200000a4        0x0 load address 0x00000000000070e8
                0x00000000200000a4                _k_mutex_list_start = .
 *(SORT_BY_NAME(SORT_BY_ALIGNMENT(._k_mutex.static.*)))
                0x00000000200000a4                _k_mutex_list_end = .

k_stack_area    0x00000000200000a4        0x0 load address 0x00000000000070e8
                0x00000000200000a4                _k_stack_list_start = .
 *(SORT_BY_NAME(SORT_BY_ALIGNMENT(._k_stack.static.*)))
                0x00000000200000a4                _k_stack_list_end = .

k_msgq_area     0x00000000200000a4        0x0 load address 0x00000000000070e8
                0x00000000200000a4                _k_msgq_list_start = .
 *(SORT_BY_NAME(SORT_BY_ALIGNMENT(._k_msgq.static.*)))
                0x00000000200000a4                _k_msgq_list_end = .

k_mbox_area     0x00000000200000a4        0x0 load address 0x00000000000070e8
                0x00000000200000a4                _k_mbox_list_start = .
 *(SORT_BY_NAME(SORT_BY_ALIGNMENT(._k_mbox.static.*)))
                0x00000000200000a4                _k_mbox_list_end = .

k_pipe_area     0x00000000200000a4        0x0 load address 0x00000000000070e8
                0x00000000200000a4                _k_pipe_list_start = .
 *(SORT_BY_NAME(SORT_BY_ALIGNMENT(._k_pipe.static.*)))
                0x00000000200000a4                _k_pipe_list_end = .

k_sem_area      0x00000000200000a4        0x0 load address 0x00000000000070e8
                0x00000000200000a4                _k_sem_list_start = .
 *(SORT_BY_NAME(SORT_BY_ALIGNMENT(._k_sem.static.*)))
                0x00000000200000a4                _k_sem_list_end = .

k_event_area    0x00000000200000a4        0x0 load address 0x00000000000070e8
                0x00000000200000a4                _k_event_list_start = .
 *(SORT_BY_NAME(SORT_BY_ALIGNMENT(._k_event.static.*)))
                0x00000000200000a4                _k_event_list_end = .

k_queue_area    0x00000000200000a4        0x0 load address 0x00000000000070e8
                0x00000000200000a4                _k_queue_list_start = .
 *(SORT_BY_NAME(SORT_BY_ALIGNMENT(._k_queue.static.*)))
                0x00000000200000a4                _k_queue_list_end = .

k_condvar_area  0x00000000200000a4        0x0 load address 0x00000000000070e8
                0x00000000200000a4                _k_condvar_list_start = .
 *(SORT_BY_NAME(SORT_BY_ALIGNMENT(._k_condvar.static.*)))
                0x00000000200000a4                _k_condvar_list_end = .

net_buf_pool_area
                0x00000000200000a4        0x0 load address 0x00000000000070e8
                0x00000000200000a4                _net_buf_pool_list_start = .
 *(SORT_BY_NAME(SORT_BY_ALIGNMENT(._net_buf_pool.static.*)))
                0x00000000200000a4                _net_buf_pool_list_end = .
                0x00000000200000a4                __data_region_end = .

bss             0x00000000200000a8     0x1361
                0x00000000200000a8                . = ALIGN (0x4)
                0x00000000200000a8                __bss_start = .
                0x00000000200000a8                __kernel_ram_start = .
 *(SORT_BY_ALIGNMENT(.bss))
 *(SORT_BY_ALIGNMENT(.bss.*))
 .bss.cc_data   0x00000000200000a8       0x10 zephyr/drivers/timer/libdrivers__timer.a(nrf_rtc_timer.c.obj)
 .bss.last_count
                0x00000000200000b8        0x8 zephyr/drivers/timer/libdrivers__timer.a(nrf_rtc_timer.c.obj)
 .bss.anchor    0x00000000200000c0        0x8 zephyr/drivers/timer/libdrivers__timer.a(nrf_rtc_timer.c.obj)
 .bss.z_main_thread
                0x00000000200000c8       0x80 zephyr/kernel/libkernel.a(init.c.obj)
                0x00000000200000c8                z_main_thread
 .bss.curr_tick
                0x0000000020000148        0x8 zephyr/kernel/libkernel.a(timeout.c.obj)
 .bss.FIH_SUCCESS
                0x0000000020000150        0x4 app/libapp.a(fault_injection_hardening.c.obj)
                0x0000000020000150                FIH_SUCCESS
 .bss.secondary_slot_sectors.2
                0x0000000020000154      0x400 app/libapp.a(loader.c.obj)
 .bss.primary_slot_sectors.3
                0x0000000020000554      0x400 app/libapp.a(loader.c.obj)
 .bss.buf.4     0x0000000020000954      0x400 app/libapp.a(loader.c.obj)
 .bss.boot_data
                0x0000000020000d54       0x60 app/libapp.a(loader.c.obj)
 .bss.boot_status_fails
                0x0000000020000db4        0x4 app/libapp.a(swap_move.c.obj)
                0x0000000020000db4                boot_status_fails
 .bss.cli.2     0x0000000020000db8       0x10 zephyr/drivers/clock_control/libdrivers__clock_control.a(clock_control_nrf.c.obj)
 .bss.on.3      0x0000000020000dc8        0x4 zephyr/drivers/clock_control/libdrivers__clock_control.a(clock_control_nrf.c.obj)
 .bss.data      0x0000000020000dcc       0x50 zephyr/drivers/clock_control/libdrivers__clock_control.a(clock_control_nrf.c.obj)
 .bss.hfclk_users
                0x0000000020000e1c        0x4 zephyr/drivers/clock_control/libdrivers__clock_control.a(clock_control_nrf.c.obj)
 .bss.dev_layout
                0x0000000020000e20        0x8 zephyr/drivers/flash/libdrivers__flash.a(soc_flash_nrf.c.obj)
 .bss.gpio_nrfx_p0_data
                0x0000000020000e28        0xc zephyr/drivers/gpio/libdrivers__gpio.a(gpio_nrfx.c.obj)
 .bss.force_isr_mask
                0x0000000020000e34        0x4 zephyr/drivers/timer/libdrivers__timer.a(nrf_rtc_timer.c.obj)
 .bss.int_mask  0x0000000020000e38        0x4 zephyr/drivers/timer/libdrivers__timer.a(nrf_rtc_timer.c.obj)
 .bss.overflow_cnt
                0x0000000020000e3c        0x4 zephyr/drivers/timer/libdrivers__timer.a(nrf_rtc_timer.c.obj)
 .bss.m_clock_cb
                0x0000000020000e40        0x8 modules/hal_nordic/nrfx/libmodules__hal_nordic__nrfx.a(nrfx_clock.c.obj)
 .bss._SEGGER_RTT
                0x0000000020000e48       0xa8 modules/segger/libmodules__segger.a(SEGGER_RTT.c.obj)
                0x0000000020000e48                _SEGGER_RTT
 .bss.announce_remaining
                0x0000000020000ef0        0x4 zephyr/kernel/libkernel.a(timeout.c.obj)
 .bss.tmpbuf.1  0x0000000020000ef4      0x100 app/libapp.a(loader.c.obj)
 .bss.static_regions_num
                0x0000000020000ff4        0x1 zephyr/arch/arch/arm/core/aarch32/mpu/libarch__arm__core__aarch32__mpu.a(arm_mpu.c.obj)
 .bss.once.1    0x0000000020000ff5        0x1 zephyr/drivers/clock_control/libdrivers__clock_control.a(clock_control_nrf.c.obj)
 .bss.uarte0_rx_data
                0x0000000020000ff6        0x1 zephyr/drivers/serial/libdrivers__serial.a(uart_nrfx_uarte.c.obj)
 .bss.uarte0_char_out
                0x0000000020000ff7        0x1 zephyr/drivers/serial/libdrivers__serial.a(uart_nrfx_uarte.c.obj)
 .bss._acDownBuffer
                0x0000000020000ff8       0x10 modules/segger/libmodules__segger.a(SEGGER_RTT.c.obj)
 .bss._acUpBuffer
                0x0000000020001008      0x400 modules/segger/libmodules__segger.a(SEGGER_RTT.c.obj)
 .bss.z_sys_post_kernel
                0x0000000020001408        0x1 zephyr/kernel/libkernel.a(init.c.obj)
                0x0000000020001408                z_sys_post_kernel
 *(SORT_BY_ALIGNMENT(COMMON))
 *(SORT_BY_ALIGNMENT(.kernel_bss.*))
                0x000000002000140c                __bss_end = ALIGN (0x4)

noinit          0x0000000020001440     0x3080
 *(SORT_BY_ALIGNMENT(.noinit))
 *(SORT_BY_ALIGNMENT(.noinit.*))
 .noinit."WEST_TOPDIR/zephyr/kernel/init.c".1
                0x0000000020001440      0x840 zephyr/kernel/libkernel.a(init.c.obj)
                0x0000000020001440                z_interrupt_stacks
 .noinit."WEST_TOPDIR/zephyr/kernel/init.c".0
                0x0000000020001c80     0x2840 zephyr/kernel/libkernel.a(init.c.obj)
                0x0000000020001c80                z_main_stack
 *(SORT_BY_ALIGNMENT(.kernel_noinit.*))
                0x0000000020010000                __kernel_ram_end = 0x20010000
                0x000000000000ff58                __kernel_ram_size = (__kernel_ram_end - __kernel_ram_start)

/DISCARD/
 *(SORT_BY_ALIGNMENT(.irq_info*))
 *(SORT_BY_ALIGNMENT(.intList*))

.last_ram_section
                0x00000000200044c0        0x0
                0x00000000200044c0                _image_ram_end = .
                0x00000000000044c0                _image_ram_size = (_image_ram_end - _image_ram_start)
                0x00000000200044c0                _end = .
                0x00000000200044c0                z_mapped_end = .

.stab
 *(SORT_BY_ALIGNMENT(.stab))

.stabstr
 *(SORT_BY_ALIGNMENT(.stabstr))

.stab.excl
 *(SORT_BY_ALIGNMENT(.stab.excl))

.stab.exclstr
 *(SORT_BY_ALIGNMENT(.stab.exclstr))

.stab.index
 *(SORT_BY_ALIGNMENT(.stab.index))

.stab.indexstr
 *(SORT_BY_ALIGNMENT(.stab.indexstr))
